stm32l4xx_it.c:78:6:HardFault_Handler	4	static
stm32l4xx_it.c:93:6:SysTick_Handler	8	static
stm32l4xx_it.c:114:6:DMA1_Channel3_IRQHandler	8	static
stm32l4xx_it.c:128:6:TIM1_UP_TIM16_IRQHandler	8	static
stm32l4xx_it.c:142:6:TIM4_IRQHandler	8	static
stm32l4xx_it.c:156:6:I2C1_EV_IRQHandler	8	static
stm32l4xx_it.c:170:6:EXTI15_10_IRQHandler	8	static
stm32l4xx_it.c:187:6:ADC3_IRQHandler	8	static
stm32l4xx_it.c:201:6:DMA2_Channel6_IRQHandler	8	static
stm32l4xx_it.c:215:6:DMA2_Channel7_IRQHandler	8	static
stm32l4xx_it.c:229:6:LPUART1_IRQHandler	8	static
stm32l4xx_it.c:243:6:I2C3_EV_IRQHandler	8	static
