22:32:45 **** Build of configuration DebugFLASH for project BasicInterfacesHAL ****
make -j8 all 
arm-none-eabi-gcc "../Drivers/STM32L4xx_HAL_Driver/Src/stm32l4xx_hal.c" -mcpu=cortex-m4 -std=gnu11 -g3 -DDEBUG -DUSE_HAL_DRIVER -DSTM32L496xx -c -I../Core/Inc -I../Drivers/STM32L4xx_HAL_Driver/Inc -I../Drivers/STM32L4xx_HAL_Driver/Inc/Legacy -I../Drivers/CMSIS/Device/ST/STM32L4xx/Include -I../Drivers/CMSIS/Include -O0 -ffunction-sections -fdata-sections -Wall -fstack-usage -MMD -MP -MF"Drivers/STM32L4xx_HAL_Driver/Src/stm32l4xx_hal.d" -MT"Drivers/STM32L4xx_HAL_Driver/Src/stm32l4xx_hal.o" --specs=nano.specs -mfpu=fpv4-sp-d16 -mfloat-abi=hard -mthumb -o "Drivers/STM32L4xx_HAL_Driver/Src/stm32l4xx_hal.o"
arm-none-eabi-gcc "../Drivers/STM32L4xx_HAL_Driver/Src/stm32l4xx_hal_cortex.c" -mcpu=cortex-m4 -std=gnu11 -g3 -DDEBUG -DUSE_HAL_DRIVER -DSTM32L496xx -c -I../Core/Inc -I../Drivers/STM32L4xx_HAL_Driver/Inc -I../Drivers/STM32L4xx_HAL_Driver/Inc/Legacy -I../Drivers/CMSIS/Device/ST/STM32L4xx/Include -I../Drivers/CMSIS/Include -O0 -ffunction-sections -fdata-sections -Wall -fstack-usage -MMD -MP -MF"Drivers/STM32L4xx_HAL_Driver/Src/stm32l4xx_hal_cortex.d" -MT"Drivers/STM32L4xx_HAL_Driver/Src/stm32l4xx_hal_cortex.o" --specs=nano.specs -mfpu=fpv4-sp-d16 -mfloat-abi=hard -mthumb -o "Drivers/STM32L4xx_HAL_Driver/Src/stm32l4xx_hal_cortex.o"
arm-none-eabi-gcc "../Drivers/STM32L4xx_HAL_Driver/Src/stm32l4xx_hal_dma.c" -mcpu=cortex-m4 -std=gnu11 -g3 -DDEBUG -DUSE_HAL_DRIVER -DSTM32L496xx -c -I../Core/Inc -I../Drivers/STM32L4xx_HAL_Driver/Inc -I../Drivers/STM32L4xx_HAL_Driver/Inc/Legacy -I../Drivers/CMSIS/Device/ST/STM32L4xx/Include -I../Drivers/CMSIS/Include -O0 -ffunction-sections -fdata-sections -Wall -fstack-usage -MMD -MP -MF"Drivers/STM32L4xx_HAL_Driver/Src/stm32l4xx_hal_dma.d" -MT"Drivers/STM32L4xx_HAL_Driver/Src/stm32l4xx_hal_dma.o" --specs=nano.specs -mfpu=fpv4-sp-d16 -mfloat-abi=hard -mthumb -o "Drivers/STM32L4xx_HAL_Driver/Src/stm32l4xx_hal_dma.o"
arm-none-eabi-gcc "../Drivers/STM32L4xx_HAL_Driver/Src/stm32l4xx_hal_dma_ex.c" -mcpu=cortex-m4 -std=gnu11 -g3 -DDEBUG -DUSE_HAL_DRIVER -DSTM32L496xx -c -I../Core/Inc -I../Drivers/STM32L4xx_HAL_Driver/Inc -I../Drivers/STM32L4xx_HAL_Driver/Inc/Legacy -I../Drivers/CMSIS/Device/ST/STM32L4xx/Include -I../Drivers/CMSIS/Include -O0 -ffunction-sections -fdata-sections -Wall -fstack-usage -MMD -MP -MF"Drivers/STM32L4xx_HAL_Driver/Src/stm32l4xx_hal_dma_ex.d" -MT"Drivers/STM32L4xx_HAL_Driver/Src/stm32l4xx_hal_dma_ex.o" --specs=nano.specs -mfpu=fpv4-sp-d16 -mfloat-abi=hard -mthumb -o "Drivers/STM32L4xx_HAL_Driver/Src/stm32l4xx_hal_dma_ex.o"
arm-none-eabi-gcc "../Drivers/STM32L4xx_HAL_Driver/Src/stm32l4xx_hal_exti.c" -mcpu=cortex-m4 -std=gnu11 -g3 -DDEBUG -DUSE_HAL_DRIVER -DSTM32L496xx -c -I../Core/Inc -I../Drivers/STM32L4xx_HAL_Driver/Inc -I../Drivers/STM32L4xx_HAL_Driver/Inc/Legacy -I../Drivers/CMSIS/Device/ST/STM32L4xx/Include -I../Drivers/CMSIS/Include -O0 -ffunction-sections -fdata-sections -Wall -fstack-usage -MMD -MP -MF"Drivers/STM32L4xx_HAL_Driver/Src/stm32l4xx_hal_exti.d" -MT"Drivers/STM32L4xx_HAL_Driver/Src/stm32l4xx_hal_exti.o" --specs=nano.specs -mfpu=fpv4-sp-d16 -mfloat-abi=hard -mthumb -o "Drivers/STM32L4xx_HAL_Driver/Src/stm32l4xx_hal_exti.o"
arm-none-eabi-gcc "../Drivers/STM32L4xx_HAL_Driver/Src/stm32l4xx_hal_flash.c" -mcpu=cortex-m4 -std=gnu11 -g3 -DDEBUG -DUSE_HAL_DRIVER -DSTM32L496xx -c -I../Core/Inc -I../Drivers/STM32L4xx_HAL_Driver/Inc -I../Drivers/STM32L4xx_HAL_Driver/Inc/Legacy -I../Drivers/CMSIS/Device/ST/STM32L4xx/Include -I../Drivers/CMSIS/Include -O0 -ffunction-sections -fdata-sections -Wall -fstack-usage -MMD -MP -MF"Drivers/STM32L4xx_HAL_Driver/Src/stm32l4xx_hal_flash.d" -MT"Drivers/STM32L4xx_HAL_Driver/Src/stm32l4xx_hal_flash.o" --specs=nano.specs -mfpu=fpv4-sp-d16 -mfloat-abi=hard -mthumb -o "Drivers/STM32L4xx_HAL_Driver/Src/stm32l4xx_hal_flash.o"
arm-none-eabi-gcc "../Drivers/STM32L4xx_HAL_Driver/Src/stm32l4xx_hal_flash_ex.c" -mcpu=cortex-m4 -std=gnu11 -g3 -DDEBUG -DUSE_HAL_DRIVER -DSTM32L496xx -c -I../Core/Inc -I../Drivers/STM32L4xx_HAL_Driver/Inc -I../Drivers/STM32L4xx_HAL_Driver/Inc/Legacy -I../Drivers/CMSIS/Device/ST/STM32L4xx/Include -I../Drivers/CMSIS/Include -O0 -ffunction-sections -fdata-sections -Wall -fstack-usage -MMD -MP -MF"Drivers/STM32L4xx_HAL_Driver/Src/stm32l4xx_hal_flash_ex.d" -MT"Drivers/STM32L4xx_HAL_Driver/Src/stm32l4xx_hal_flash_ex.o" --specs=nano.specs -mfpu=fpv4-sp-d16 -mfloat-abi=hard -mthumb -o "Drivers/STM32L4xx_HAL_Driver/Src/stm32l4xx_hal_flash_ex.o"
arm-none-eabi-gcc "../Drivers/STM32L4xx_HAL_Driver/Src/stm32l4xx_hal_flash_ramfunc.c" -mcpu=cortex-m4 -std=gnu11 -g3 -DDEBUG -DUSE_HAL_DRIVER -DSTM32L496xx -c -I../Core/Inc -I../Drivers/STM32L4xx_HAL_Driver/Inc -I../Drivers/STM32L4xx_HAL_Driver/Inc/Legacy -I../Drivers/CMSIS/Device/ST/STM32L4xx/Include -I../Drivers/CMSIS/Include -O0 -ffunction-sections -fdata-sections -Wall -fstack-usage -MMD -MP -MF"Drivers/STM32L4xx_HAL_Driver/Src/stm32l4xx_hal_flash_ramfunc.d" -MT"Drivers/STM32L4xx_HAL_Driver/Src/stm32l4xx_hal_flash_ramfunc.o" --specs=nano.specs -mfpu=fpv4-sp-d16 -mfloat-abi=hard -mthumb -o "Drivers/STM32L4xx_HAL_Driver/Src/stm32l4xx_hal_flash_ramfunc.o"
arm-none-eabi-gcc "../Drivers/STM32L4xx_HAL_Driver/Src/stm32l4xx_hal_gpio.c" -mcpu=cortex-m4 -std=gnu11 -g3 -DDEBUG -DUSE_HAL_DRIVER -DSTM32L496xx -c -I../Core/Inc -I../Drivers/STM32L4xx_HAL_Driver/Inc -I../Drivers/STM32L4xx_HAL_Driver/Inc/Legacy -I../Drivers/CMSIS/Device/ST/STM32L4xx/Include -I../Drivers/CMSIS/Include -O0 -ffunction-sections -fdata-sections -Wall -fstack-usage -MMD -MP -MF"Drivers/STM32L4xx_HAL_Driver/Src/stm32l4xx_hal_gpio.d" -MT"Drivers/STM32L4xx_HAL_Driver/Src/stm32l4xx_hal_gpio.o" --specs=nano.specs -mfpu=fpv4-sp-d16 -mfloat-abi=hard -mthumb -o "Drivers/STM32L4xx_HAL_Driver/Src/stm32l4xx_hal_gpio.o"
arm-none-eabi-gcc "../Drivers/STM32L4xx_HAL_Driver/Src/stm32l4xx_hal_i2c.c" -mcpu=cortex-m4 -std=gnu11 -g3 -DDEBUG -DUSE_HAL_DRIVER -DSTM32L496xx -c -I../Core/Inc -I../Drivers/STM32L4xx_HAL_Driver/Inc -I../Drivers/STM32L4xx_HAL_Driver/Inc/Legacy -I../Drivers/CMSIS/Device/ST/STM32L4xx/Include -I../Drivers/CMSIS/Include -O0 -ffunction-sections -fdata-sections -Wall -fstack-usage -MMD -MP -MF"Drivers/STM32L4xx_HAL_Driver/Src/stm32l4xx_hal_i2c.d" -MT"Drivers/STM32L4xx_HAL_Driver/Src/stm32l4xx_hal_i2c.o" --specs=nano.specs -mfpu=fpv4-sp-d16 -mfloat-abi=hard -mthumb -o "Drivers/STM32L4xx_HAL_Driver/Src/stm32l4xx_hal_i2c.o"
arm-none-eabi-gcc "../Drivers/STM32L4xx_HAL_Driver/Src/stm32l4xx_hal_i2c_ex.c" -mcpu=cortex-m4 -std=gnu11 -g3 -DDEBUG -DUSE_HAL_DRIVER -DSTM32L496xx -c -I../Core/Inc -I../Drivers/STM32L4xx_HAL_Driver/Inc -I../Drivers/STM32L4xx_HAL_Driver/Inc/Legacy -I../Drivers/CMSIS/Device/ST/STM32L4xx/Include -I../Drivers/CMSIS/Include -O0 -ffunction-sections -fdata-sections -Wall -fstack-usage -MMD -MP -MF"Drivers/STM32L4xx_HAL_Driver/Src/stm32l4xx_hal_i2c_ex.d" -MT"Drivers/STM32L4xx_HAL_Driver/Src/stm32l4xx_hal_i2c_ex.o" --specs=nano.specs -mfpu=fpv4-sp-d16 -mfloat-abi=hard -mthumb -o "Drivers/STM32L4xx_HAL_Driver/Src/stm32l4xx_hal_i2c_ex.o"
arm-none-eabi-gcc "../Drivers/STM32L4xx_HAL_Driver/Src/stm32l4xx_hal_pwr.c" -mcpu=cortex-m4 -std=gnu11 -g3 -DDEBUG -DUSE_HAL_DRIVER -DSTM32L496xx -c -I../Core/Inc -I../Drivers/STM32L4xx_HAL_Driver/Inc -I../Drivers/STM32L4xx_HAL_Driver/Inc/Legacy -I../Drivers/CMSIS/Device/ST/STM32L4xx/Include -I../Drivers/CMSIS/Include -O0 -ffunction-sections -fdata-sections -Wall -fstack-usage -MMD -MP -MF"Drivers/STM32L4xx_HAL_Driver/Src/stm32l4xx_hal_pwr.d" -MT"Drivers/STM32L4xx_HAL_Driver/Src/stm32l4xx_hal_pwr.o" --specs=nano.specs -mfpu=fpv4-sp-d16 -mfloat-abi=hard -mthumb -o "Drivers/STM32L4xx_HAL_Driver/Src/stm32l4xx_hal_pwr.o"
arm-none-eabi-gcc "../Drivers/STM32L4xx_HAL_Driver/Src/stm32l4xx_hal_pwr_ex.c" -mcpu=cortex-m4 -std=gnu11 -g3 -DDEBUG -DUSE_HAL_DRIVER -DSTM32L496xx -c -I../Core/Inc -I../Drivers/STM32L4xx_HAL_Driver/Inc -I../Drivers/STM32L4xx_HAL_Driver/Inc/Legacy -I../Drivers/CMSIS/Device/ST/STM32L4xx/Include -I../Drivers/CMSIS/Include -O0 -ffunction-sections -fdata-sections -Wall -fstack-usage -MMD -MP -MF"Drivers/STM32L4xx_HAL_Driver/Src/stm32l4xx_hal_pwr_ex.d" -MT"Drivers/STM32L4xx_HAL_Driver/Src/stm32l4xx_hal_pwr_ex.o" --specs=nano.specs -mfpu=fpv4-sp-d16 -mfloat-abi=hard -mthumb -o "Drivers/STM32L4xx_HAL_Driver/Src/stm32l4xx_hal_pwr_ex.o"
arm-none-eabi-gcc "../Drivers/STM32L4xx_HAL_Driver/Src/stm32l4xx_hal_rcc.c" -mcpu=cortex-m4 -std=gnu11 -g3 -DDEBUG -DUSE_HAL_DRIVER -DSTM32L496xx -c -I../Core/Inc -I../Drivers/STM32L4xx_HAL_Driver/Inc -I../Drivers/STM32L4xx_HAL_Driver/Inc/Legacy -I../Drivers/CMSIS/Device/ST/STM32L4xx/Include -I../Drivers/CMSIS/Include -O0 -ffunction-sections -fdata-sections -Wall -fstack-usage -MMD -MP -MF"Drivers/STM32L4xx_HAL_Driver/Src/stm32l4xx_hal_rcc.d" -MT"Drivers/STM32L4xx_HAL_Driver/Src/stm32l4xx_hal_rcc.o" --specs=nano.specs -mfpu=fpv4-sp-d16 -mfloat-abi=hard -mthumb -o "Drivers/STM32L4xx_HAL_Driver/Src/stm32l4xx_hal_rcc.o"
arm-none-eabi-gcc "../Drivers/STM32L4xx_HAL_Driver/Src/stm32l4xx_hal_rcc_ex.c" -mcpu=cortex-m4 -std=gnu11 -g3 -DDEBUG -DUSE_HAL_DRIVER -DSTM32L496xx -c -I../Core/Inc -I../Drivers/STM32L4xx_HAL_Driver/Inc -I../Drivers/STM32L4xx_HAL_Driver/Inc/Legacy -I../Drivers/CMSIS/Device/ST/STM32L4xx/Include -I../Drivers/CMSIS/Include -O0 -ffunction-sections -fdata-sections -Wall -fstack-usage -MMD -MP -MF"Drivers/STM32L4xx_HAL_Driver/Src/stm32l4xx_hal_rcc_ex.d" -MT"Drivers/STM32L4xx_HAL_Driver/Src/stm32l4xx_hal_rcc_ex.o" --specs=nano.specs -mfpu=fpv4-sp-d16 -mfloat-abi=hard -mthumb -o "Drivers/STM32L4xx_HAL_Driver/Src/stm32l4xx_hal_rcc_ex.o"
arm-none-eabi-gcc "../Drivers/STM32L4xx_HAL_Driver/Src/stm32l4xx_hal_tim.c" -mcpu=cortex-m4 -std=gnu11 -g3 -DDEBUG -DUSE_HAL_DRIVER -DSTM32L496xx -c -I../Core/Inc -I../Drivers/STM32L4xx_HAL_Driver/Inc -I../Drivers/STM32L4xx_HAL_Driver/Inc/Legacy -I../Drivers/CMSIS/Device/ST/STM32L4xx/Include -I../Drivers/CMSIS/Include -O0 -ffunction-sections -fdata-sections -Wall -fstack-usage -MMD -MP -MF"Drivers/STM32L4xx_HAL_Driver/Src/stm32l4xx_hal_tim.d" -MT"Drivers/STM32L4xx_HAL_Driver/Src/stm32l4xx_hal_tim.o" --specs=nano.specs -mfpu=fpv4-sp-d16 -mfloat-abi=hard -mthumb -o "Drivers/STM32L4xx_HAL_Driver/Src/stm32l4xx_hal_tim.o"
arm-none-eabi-gcc "../Drivers/STM32L4xx_HAL_Driver/Src/stm32l4xx_hal_tim_ex.c" -mcpu=cortex-m4 -std=gnu11 -g3 -DDEBUG -DUSE_HAL_DRIVER -DSTM32L496xx -c -I../Core/Inc -I../Drivers/STM32L4xx_HAL_Driver/Inc -I../Drivers/STM32L4xx_HAL_Driver/Inc/Legacy -I../Drivers/CMSIS/Device/ST/STM32L4xx/Include -I../Drivers/CMSIS/Include -O0 -ffunction-sections -fdata-sections -Wall -fstack-usage -MMD -MP -MF"Drivers/STM32L4xx_HAL_Driver/Src/stm32l4xx_hal_tim_ex.d" -MT"Drivers/STM32L4xx_HAL_Driver/Src/stm32l4xx_hal_tim_ex.o" --specs=nano.specs -mfpu=fpv4-sp-d16 -mfloat-abi=hard -mthumb -o "Drivers/STM32L4xx_HAL_Driver/Src/stm32l4xx_hal_tim_ex.o"
arm-none-eabi-gcc "../Drivers/STM32L4xx_HAL_Driver/Src/stm32l4xx_hal_uart.c" -mcpu=cortex-m4 -std=gnu11 -g3 -DDEBUG -DUSE_HAL_DRIVER -DSTM32L496xx -c -I../Core/Inc -I../Drivers/STM32L4xx_HAL_Driver/Inc -I../Drivers/STM32L4xx_HAL_Driver/Inc/Legacy -I../Drivers/CMSIS/Device/ST/STM32L4xx/Include -I../Drivers/CMSIS/Include -O0 -ffunction-sections -fdata-sections -Wall -fstack-usage -MMD -MP -MF"Drivers/STM32L4xx_HAL_Driver/Src/stm32l4xx_hal_uart.d" -MT"Drivers/STM32L4xx_HAL_Driver/Src/stm32l4xx_hal_uart.o" --specs=nano.specs -mfpu=fpv4-sp-d16 -mfloat-abi=hard -mthumb -o "Drivers/STM32L4xx_HAL_Driver/Src/stm32l4xx_hal_uart.o"
arm-none-eabi-gcc "../Drivers/STM32L4xx_HAL_Driver/Src/stm32l4xx_hal_uart_ex.c" -mcpu=cortex-m4 -std=gnu11 -g3 -DDEBUG -DUSE_HAL_DRIVER -DSTM32L496xx -c -I../Core/Inc -I../Drivers/STM32L4xx_HAL_Driver/Inc -I../Drivers/STM32L4xx_HAL_Driver/Inc/Legacy -I../Drivers/CMSIS/Device/ST/STM32L4xx/Include -I../Drivers/CMSIS/Include -O0 -ffunction-sections -fdata-sections -Wall -fstack-usage -MMD -MP -MF"Drivers/STM32L4xx_HAL_Driver/Src/stm32l4xx_hal_uart_ex.d" -MT"Drivers/STM32L4xx_HAL_Driver/Src/stm32l4xx_hal_uart_ex.o" --specs=nano.specs -mfpu=fpv4-sp-d16 -mfloat-abi=hard -mthumb -o "Drivers/STM32L4xx_HAL_Driver/Src/stm32l4xx_hal_uart_ex.o"
arm-none-eabi-gcc -mcpu=cortex-m4 -g3 -DDEBUG -c -x assembler-with-cpp -MMD -MP -MF"Core/Startup/startup_stm32l496zgtx.d" -MT"Core/Startup/startup_stm32l496zgtx.o" --specs=nano.specs -mfpu=fpv4-sp-d16 -mfloat-abi=hard -mthumb -o "Core/Startup/startup_stm32l496zgtx.o" "../Core/Startup/startup_stm32l496zgtx.s"
arm-none-eabi-gcc "../Core/Src/display.c" -mcpu=cortex-m4 -std=gnu11 -g3 -DDEBUG -DUSE_HAL_DRIVER -DSTM32L496xx -c -I../Core/Inc -I../Drivers/STM32L4xx_HAL_Driver/Inc -I../Drivers/STM32L4xx_HAL_Driver/Inc/Legacy -I../Drivers/CMSIS/Device/ST/STM32L4xx/Include -I../Drivers/CMSIS/Include -O0 -ffunction-sections -fdata-sections -Wall -fstack-usage -MMD -MP -MF"Core/Src/display.d" -MT"Core/Src/display.o" --specs=nano.specs -mfpu=fpv4-sp-d16 -mfloat-abi=hard -mthumb -o "Core/Src/display.o"
arm-none-eabi-gcc "../Core/Src/dma.c" -mcpu=cortex-m4 -std=gnu11 -g3 -DDEBUG -DUSE_HAL_DRIVER -DSTM32L496xx -c -I../Core/Inc -I../Drivers/STM32L4xx_HAL_Driver/Inc -I../Drivers/STM32L4xx_HAL_Driver/Inc/Legacy -I../Drivers/CMSIS/Device/ST/STM32L4xx/Include -I../Drivers/CMSIS/Include -O0 -ffunction-sections -fdata-sections -Wall -fstack-usage -MMD -MP -MF"Core/Src/dma.d" -MT"Core/Src/dma.o" --specs=nano.specs -mfpu=fpv4-sp-d16 -mfloat-abi=hard -mthumb -o "Core/Src/dma.o"
arm-none-eabi-gcc "../Core/Src/gpio.c" -mcpu=cortex-m4 -std=gnu11 -g3 -DDEBUG -DUSE_HAL_DRIVER -DSTM32L496xx -c -I../Core/Inc -I../Drivers/STM32L4xx_HAL_Driver/Inc -I../Drivers/STM32L4xx_HAL_Driver/Inc/Legacy -I../Drivers/CMSIS/Device/ST/STM32L4xx/Include -I../Drivers/CMSIS/Include -O0 -ffunction-sections -fdata-sections -Wall -fstack-usage -MMD -MP -MF"Core/Src/gpio.d" -MT"Core/Src/gpio.o" --specs=nano.specs -mfpu=fpv4-sp-d16 -mfloat-abi=hard -mthumb -o "Core/Src/gpio.o"
arm-none-eabi-gcc "../Core/Src/i2c.c" -mcpu=cortex-m4 -std=gnu11 -g3 -DDEBUG -DUSE_HAL_DRIVER -DSTM32L496xx -c -I../Core/Inc -I../Drivers/STM32L4xx_HAL_Driver/Inc -I../Drivers/STM32L4xx_HAL_Driver/Inc/Legacy -I../Drivers/CMSIS/Device/ST/STM32L4xx/Include -I../Drivers/CMSIS/Include -O0 -ffunction-sections -fdata-sections -Wall -fstack-usage -MMD -MP -MF"Core/Src/i2c.d" -MT"Core/Src/i2c.o" --specs=nano.specs -mfpu=fpv4-sp-d16 -mfloat-abi=hard -mthumb -o "Core/Src/i2c.o"
arm-none-eabi-gcc "../Core/Src/lcd.c" -mcpu=cortex-m4 -std=gnu11 -g3 -DDEBUG -DUSE_HAL_DRIVER -DSTM32L496xx -c -I../Core/Inc -I../Drivers/STM32L4xx_HAL_Driver/Inc -I../Drivers/STM32L4xx_HAL_Driver/Inc/Legacy -I../Drivers/CMSIS/Device/ST/STM32L4xx/Include -I../Drivers/CMSIS/Include -O0 -ffunction-sections -fdata-sections -Wall -fstack-usage -MMD -MP -MF"Core/Src/lcd.d" -MT"Core/Src/lcd.o" --specs=nano.specs -mfpu=fpv4-sp-d16 -mfloat-abi=hard -mthumb -o "Core/Src/lcd.o"
arm-none-eabi-gcc "../Core/Src/main.c" -mcpu=cortex-m4 -std=gnu11 -g3 -DDEBUG -DUSE_HAL_DRIVER -DSTM32L496xx -c -I../Core/Inc -I../Drivers/STM32L4xx_HAL_Driver/Inc -I../Drivers/STM32L4xx_HAL_Driver/Inc/Legacy -I../Drivers/CMSIS/Device/ST/STM32L4xx/Include -I../Drivers/CMSIS/Include -O0 -ffunction-sections -fdata-sections -Wall -fstack-usage -MMD -MP -MF"Core/Src/main.d" -MT"Core/Src/main.o" --specs=nano.specs -mfpu=fpv4-sp-d16 -mfloat-abi=hard -mthumb -o "Core/Src/main.o"
arm-none-eabi-gcc "../Core/Src/stm32l4xx_hal_msp.c" -mcpu=cortex-m4 -std=gnu11 -g3 -DDEBUG -DUSE_HAL_DRIVER -DSTM32L496xx -c -I../Core/Inc -I../Drivers/STM32L4xx_HAL_Driver/Inc -I../Drivers/STM32L4xx_HAL_Driver/Inc/Legacy -I../Drivers/CMSIS/Device/ST/STM32L4xx/Include -I../Drivers/CMSIS/Include -O0 -ffunction-sections -fdata-sections -Wall -fstack-usage -MMD -MP -MF"Core/Src/stm32l4xx_hal_msp.d" -MT"Core/Src/stm32l4xx_hal_msp.o" --specs=nano.specs -mfpu=fpv4-sp-d16 -mfloat-abi=hard -mthumb -o "Core/Src/stm32l4xx_hal_msp.o"
arm-none-eabi-gcc "../Core/Src/stm32l4xx_it.c" -mcpu=cortex-m4 -std=gnu11 -g3 -DDEBUG -DUSE_HAL_DRIVER -DSTM32L496xx -c -I../Core/Inc -I../Drivers/STM32L4xx_HAL_Driver/Inc -I../Drivers/STM32L4xx_HAL_Driver/Inc/Legacy -I../Drivers/CMSIS/Device/ST/STM32L4xx/Include -I../Drivers/CMSIS/Include -O0 -ffunction-sections -fdata-sections -Wall -fstack-usage -MMD -MP -MF"Core/Src/stm32l4xx_it.d" -MT"Core/Src/stm32l4xx_it.o" --specs=nano.specs -mfpu=fpv4-sp-d16 -mfloat-abi=hard -mthumb -o "Core/Src/stm32l4xx_it.o"
arm-none-eabi-gcc "../Core/Src/syscalls.c" -mcpu=cortex-m4 -std=gnu11 -g3 -DDEBUG -DUSE_HAL_DRIVER -DSTM32L496xx -c -I../Core/Inc -I../Drivers/STM32L4xx_HAL_Driver/Inc -I../Drivers/STM32L4xx_HAL_Driver/Inc/Legacy -I../Drivers/CMSIS/Device/ST/STM32L4xx/Include -I../Drivers/CMSIS/Include -O0 -ffunction-sections -fdata-sections -Wall -fstack-usage -MMD -MP -MF"Core/Src/syscalls.d" -MT"Core/Src/syscalls.o" --specs=nano.specs -mfpu=fpv4-sp-d16 -mfloat-abi=hard -mthumb -o "Core/Src/syscalls.o"
arm-none-eabi-gcc "../Core/Src/sysmem.c" -mcpu=cortex-m4 -std=gnu11 -g3 -DDEBUG -DUSE_HAL_DRIVER -DSTM32L496xx -c -I../Core/Inc -I../Drivers/STM32L4xx_HAL_Driver/Inc -I../Drivers/STM32L4xx_HAL_Driver/Inc/Legacy -I../Drivers/CMSIS/Device/ST/STM32L4xx/Include -I../Drivers/CMSIS/Include -O0 -ffunction-sections -fdata-sections -Wall -fstack-usage -MMD -MP -MF"Core/Src/sysmem.d" -MT"Core/Src/sysmem.o" --specs=nano.specs -mfpu=fpv4-sp-d16 -mfloat-abi=hard -mthumb -o "Core/Src/sysmem.o"
arm-none-eabi-gcc "../Core/Src/system_stm32l4xx.c" -mcpu=cortex-m4 -std=gnu11 -g3 -DDEBUG -DUSE_HAL_DRIVER -DSTM32L496xx -c -I../Core/Inc -I../Drivers/STM32L4xx_HAL_Driver/Inc -I../Drivers/STM32L4xx_HAL_Driver/Inc/Legacy -I../Drivers/CMSIS/Device/ST/STM32L4xx/Include -I../Drivers/CMSIS/Include -O0 -ffunction-sections -fdata-sections -Wall -fstack-usage -MMD -MP -MF"Core/Src/system_stm32l4xx.d" -MT"Core/Src/system_stm32l4xx.o" --specs=nano.specs -mfpu=fpv4-sp-d16 -mfloat-abi=hard -mthumb -o "Core/Src/system_stm32l4xx.o"
arm-none-eabi-gcc "../Core/Src/usart.c" -mcpu=cortex-m4 -std=gnu11 -g3 -DDEBUG -DUSE_HAL_DRIVER -DSTM32L496xx -c -I../Core/Inc -I../Drivers/STM32L4xx_HAL_Driver/Inc -I../Drivers/STM32L4xx_HAL_Driver/Inc/Legacy -I../Drivers/CMSIS/Device/ST/STM32L4xx/Include -I../Drivers/CMSIS/Include -O0 -ffunction-sections -fdata-sections -Wall -fstack-usage -MMD -MP -MF"Core/Src/usart.d" -MT"Core/Src/usart.o" --specs=nano.specs -mfpu=fpv4-sp-d16 -mfloat-abi=hard -mthumb -o "Core/Src/usart.o"
arm-none-eabi-gcc -o "BasicInterfacesHAL.elf" @"objects.list"   -mcpu=cortex-m4 -T"C:\Users\MSI PC\OneDrive\Pulpit\Nowy folder\lab 3\2.3.2\BasicInterfacesHAL\STM32L496ZGTX_FLASH.ld" --specs=nosys.specs -Wl,-Map="BasicInterfacesHAL.map" -Wl,--gc-sections -static --specs=nano.specs -mfpu=fpv4-sp-d16 -mfloat-abi=hard -mthumb -Wl,--start-group -lc -lm -Wl,--end-group
Finished building target: BasicInterfacesHAL.elf
 
arm-none-eabi-size   BasicInterfacesHAL.elf 
arm-none-eabi-objdump -h -S  BasicInterfacesHAL.elf  > "BasicInterfacesHAL.list"
arm-none-eabi-objcopy  -O binary  BasicInterfacesHAL.elf  "BasicInterfacesHAL.bin"
   text	   data	    bss	    dec	    hex	filename
  20272	     88	   2016	  22376	   5768	BasicInterfacesHAL.elf
Finished building: default.size.stdout
 
Finished building: BasicInterfacesHAL.bin
 
Finished building: BasicInterfacesHAL.list
 
22:33:02 **** Incremental Build of configuration DebugFLASH for project BasicInterfacesHAL ****
make -j8 all 
arm-none-eabi-size   BasicInterfacesHAL.elf 
   text	   data	    bss	    dec	    hex	filename
  20272	     88	   2016	  22376	   5768	BasicInterfacesHAL.elf
Finished building: default.size.stdout
 
17:07:35 **** Build of configuration DebugFLASH for project BasicInterfacesHAL ****
make -j8 all 
arm-none-eabi-gcc "../Core/Src/main.c" -mcpu=cortex-m4 -std=gnu11 -g3 -DDEBUG -DUSE_HAL_DRIVER -DSTM32L496xx -c -I../Core/Inc -I../Drivers/STM32L4xx_HAL_Driver/Inc -I../Drivers/STM32L4xx_HAL_Driver/Inc/Legacy -I../Drivers/CMSIS/Device/ST/STM32L4xx/Include -I../Drivers/CMSIS/Include -O0 -ffunction-sections -fdata-sections -Wall -fstack-usage -MMD -MP -MF"Core/Src/main.d" -MT"Core/Src/main.o" --specs=nano.specs -mfpu=fpv4-sp-d16 -mfloat-abi=hard -mthumb -o "Core/Src/main.o"
../Core/Src/main.c: In function 'line_append':
../Core/Src/main.c:141:8: warning: implicit declaration of function 'strcmp' [-Wimplicit-function-declaration]
  141 |    if (strcmp(line_buffer, "LED=0") == 0) {
      |        ^~~~~~
../Core/Src/main.c:146:5: warning: implicit declaration of function 'printf' [-Wimplicit-function-declaration]
  146 |     printf("Nieznane polecenie: %s\n", line_buffer);
      |     ^~~~~~
../Core/Src/main.c:146:5: warning: incompatible implicit declaration of built-in function 'printf'
../Core/Src/main.c:32:1: note: include '<stdio.h>' or provide a declaration of 'printf'
   31 | #include "lsm303c.h"
  +++ |+#include <stdio.h>
   32 | /* USER CODE END Includes */
arm-none-eabi-gcc -o "BasicInterfacesHAL.elf" @"objects.list"   -mcpu=cortex-m4 -T"C:\Users\MSI PC\OneDrive\Pulpit\Nowy folder\repozytoria dodatkowe zad\lab 3\3.1.1 polecenia z komputera\BasicInterfacesHAL\STM32L496ZGTX_FLASH.ld" --specs=nosys.specs -Wl,-Map="BasicInterfacesHAL.map" -Wl,--gc-sections -static --specs=nano.specs -mfpu=fpv4-sp-d16 -mfloat-abi=hard -mthumb -Wl,--start-group -lc -lm -Wl,--end-group
Finished building target: BasicInterfacesHAL.elf
 
arm-none-eabi-size   BasicInterfacesHAL.elf 
arm-none-eabi-objdump -h -S  BasicInterfacesHAL.elf  > "BasicInterfacesHAL.list"
arm-none-eabi-objcopy  -O binary  BasicInterfacesHAL.elf  "BasicInterfacesHAL.bin"
   text	   data	    bss	    dec	    hex	filename
  20272	     88	   2016	  22376	   5768	BasicInterfacesHAL.elf
Finished building: default.size.stdout
 
Finished building: BasicInterfacesHAL.bin
 
Finished building: BasicInterfacesHAL.list
 
17:08:12 **** Incremental Build of configuration DebugFLASH for project BasicInterfacesHAL ****
make -j8 all 
arm-none-eabi-gcc "../Core/Src/main.c" -mcpu=cortex-m4 -std=gnu11 -g3 -DDEBUG -DUSE_HAL_DRIVER -DSTM32L496xx -c -I../Core/Inc -I../Drivers/STM32L4xx_HAL_Driver/Inc -I../Drivers/STM32L4xx_HAL_Driver/Inc/Legacy -I../Drivers/CMSIS/Device/ST/STM32L4xx/Include -I../Drivers/CMSIS/Include -O0 -ffunction-sections -fdata-sections -Wall -fstack-usage -MMD -MP -MF"Core/Src/main.d" -MT"Core/Src/main.o" --specs=nano.specs -mfpu=fpv4-sp-d16 -mfloat-abi=hard -mthumb -o "Core/Src/main.o"
../Core/Src/main.c: In function 'line_append':
../Core/Src/main.c:141:8: warning: implicit declaration of function 'strcmp' [-Wimplicit-function-declaration]
  141 |    if (strcmp(line_buffer, "LED=0") == 0) {
      |        ^~~~~~
../Core/Src/main.c:146:5: warning: implicit declaration of function 'printf' [-Wimplicit-function-declaration]
  146 |     printf("Nieznane polecenie: %s\n", line_buffer);
      |     ^~~~~~
../Core/Src/main.c:146:5: warning: incompatible implicit declaration of built-in function 'printf'
../Core/Src/main.c:32:1: note: include '<stdio.h>' or provide a declaration of 'printf'
   31 | #include "lsm303c.h"
  +++ |+#include <stdio.h>
   32 | /* USER CODE END Includes */
../Core/Src/main.c: In function 'main':
../Core/Src/main.c:206:27: error: 'huart2' undeclared (first use in this function); did you mean 'hlpuart1'?
  206 |     if (HAL_UART_Receive(&huart2, &value, 1, 0) == HAL_OK)
      |                           ^~~~~~
      |                           hlpuart1
../Core/Src/main.c:206:27: note: each undeclared identifier is reported only once for each function it appears in
make: *** [Core/Src/subdir.mk:52: Core/Src/main.o] Error 1
"make -j8 all" terminated with exit code 2. Build might be incomplete.
17:08:23 **** Incremental Build of configuration DebugFLASH for project BasicInterfacesHAL ****
make -j8 all 
arm-none-eabi-gcc "../Core/Src/main.c" -mcpu=cortex-m4 -std=gnu11 -g3 -DDEBUG -DUSE_HAL_DRIVER -DSTM32L496xx -c -I../Core/Inc -I../Drivers/STM32L4xx_HAL_Driver/Inc -I../Drivers/STM32L4xx_HAL_Driver/Inc/Legacy -I../Drivers/CMSIS/Device/ST/STM32L4xx/Include -I../Drivers/CMSIS/Include -O0 -ffunction-sections -fdata-sections -Wall -fstack-usage -MMD -MP -MF"Core/Src/main.d" -MT"Core/Src/main.o" --specs=nano.specs -mfpu=fpv4-sp-d16 -mfloat-abi=hard -mthumb -o "Core/Src/main.o"
../Core/Src/main.c: In function 'line_append':
../Core/Src/main.c:141:8: warning: implicit declaration of function 'strcmp' [-Wimplicit-function-declaration]
  141 |    if (strcmp(line_buffer, "LED=0") == 0) {
      |        ^~~~~~
../Core/Src/main.c:146:5: warning: implicit declaration of function 'printf' [-Wimplicit-function-declaration]
  146 |     printf("Nieznane polecenie: %s\n", line_buffer);
      |     ^~~~~~
../Core/Src/main.c:146:5: warning: incompatible implicit declaration of built-in function 'printf'
../Core/Src/main.c:32:1: note: include '<stdio.h>' or provide a declaration of 'printf'
   31 | #include "lsm303c.h"
  +++ |+#include <stdio.h>
   32 | /* USER CODE END Includes */
arm-none-eabi-gcc -o "BasicInterfacesHAL.elf" @"objects.list"   -mcpu=cortex-m4 -T"C:\Users\MSI PC\OneDrive\Pulpit\Nowy folder\repozytoria dodatkowe zad\lab 3\3.1.1 polecenia z komputera\BasicInterfacesHAL\STM32L496ZGTX_FLASH.ld" --specs=nosys.specs -Wl,-Map="BasicInterfacesHAL.map" -Wl,--gc-sections -static --specs=nano.specs -mfpu=fpv4-sp-d16 -mfloat-abi=hard -mthumb -Wl,--start-group -lc -lm -Wl,--end-group
Finished building target: BasicInterfacesHAL.elf
 
arm-none-eabi-size   BasicInterfacesHAL.elf 
arm-none-eabi-objdump -h -S  BasicInterfacesHAL.elf  > "BasicInterfacesHAL.list"
arm-none-eabi-objcopy  -O binary  BasicInterfacesHAL.elf  "BasicInterfacesHAL.bin"
   text	   data	    bss	    dec	    hex	filename
  22288	    124	   2132	  24544	   5fe0	BasicInterfacesHAL.elf
Finished building: default.size.stdout
 
Finished building: BasicInterfacesHAL.bin
 
Finished building: BasicInterfacesHAL.list
 
17:08:45 **** Incremental Build of configuration DebugFLASH for project BasicInterfacesHAL ****
make -j8 all 
arm-none-eabi-size   BasicInterfacesHAL.elf 
   text	   data	    bss	    dec	    hex	filename
  22288	    124	   2132	  24544	   5fe0	BasicInterfacesHAL.elf
Finished building: default.size.stdout
 
17:10:53 **** Incremental Build of configuration DebugFLASH for project BasicInterfacesHAL ****
make -j8 all 
arm-none-eabi-gcc "../Core/Src/main.c" -mcpu=cortex-m4 -std=gnu11 -g3 -DDEBUG -DUSE_HAL_DRIVER -DSTM32L496xx -c -I../Core/Inc -I../Drivers/STM32L4xx_HAL_Driver/Inc -I../Drivers/STM32L4xx_HAL_Driver/Inc/Legacy -I../Drivers/CMSIS/Device/ST/STM32L4xx/Include -I../Drivers/CMSIS/Include -O0 -ffunction-sections -fdata-sections -Wall -fstack-usage -MMD -MP -MF"Core/Src/main.d" -MT"Core/Src/main.o" --specs=nano.specs -mfpu=fpv4-sp-d16 -mfloat-abi=hard -mthumb -o "Core/Src/main.o"
../Core/Src/main.c: In function 'line_append':
../Core/Src/main.c:141:8: warning: implicit declaration of function 'strcmp' [-Wimplicit-function-declaration]
  141 |    if (strcmp(line_buffer, "LED=0") == 0) {
      |        ^~~~~~
../Core/Src/main.c:145:14: error: expected '(' before '{' token
  145 |    } else if {
      |              ^
      |              (
../Core/Src/main.c:146:5: warning: implicit declaration of function 'printf' [-Wimplicit-function-declaration]
  146 |     printf("Nieznane polecenie: %s\n", line_buffer);
      |     ^~~~~~
../Core/Src/main.c:146:5: warning: incompatible implicit declaration of built-in function 'printf'
../Core/Src/main.c:32:1: note: include '<stdio.h>' or provide a declaration of 'printf'
   31 | #include "lsm303c.h"
  +++ |+#include <stdio.h>
   32 | /* USER CODE END Includes */
make: *** [Core/Src/subdir.mk:52: Core/Src/main.o] Error 1
"make -j8 all" terminated with exit code 2. Build might be incomplete.
17:12:26 **** Incremental Build of configuration DebugFLASH for project BasicInterfacesHAL ****
make -j8 all 
arm-none-eabi-gcc "../Core/Src/main.c" -mcpu=cortex-m4 -std=gnu11 -g3 -DDEBUG -DUSE_HAL_DRIVER -DSTM32L496xx -c -I../Core/Inc -I../Drivers/STM32L4xx_HAL_Driver/Inc -I../Drivers/STM32L4xx_HAL_Driver/Inc/Legacy -I../Drivers/CMSIS/Device/ST/STM32L4xx/Include -I../Drivers/CMSIS/Include -O0 -ffunction-sections -fdata-sections -Wall -fstack-usage -MMD -MP -MF"Core/Src/main.d" -MT"Core/Src/main.o" --specs=nano.specs -mfpu=fpv4-sp-d16 -mfloat-abi=hard -mthumb -o "Core/Src/main.o"
../Core/Src/main.c: In function 'line_append':
../Core/Src/main.c:141:8: warning: implicit declaration of function 'strcmp' [-Wimplicit-function-declaration]
  141 |    if (strcmp(line_buffer, "LED=0") == 0) {
      |        ^~~~~~
../Core/Src/main.c:148:5: warning: implicit declaration of function 'printf' [-Wimplicit-function-declaration]
  148 |     printf("Nieznane polecenie: %s\n", line_buffer);
      |     ^~~~~~
../Core/Src/main.c:148:5: warning: incompatible implicit declaration of built-in function 'printf'
../Core/Src/main.c:32:1: note: include '<stdio.h>' or provide a declaration of 'printf'
   31 | #include "lsm303c.h"
  +++ |+#include <stdio.h>
   32 | /* USER CODE END Includes */
arm-none-eabi-gcc -o "BasicInterfacesHAL.elf" @"objects.list"   -mcpu=cortex-m4 -T"C:\Users\MSI PC\OneDrive\Pulpit\Nowy folder\repozytoria dodatkowe zad\lab 3\3.1.1 polecenia z komputera\BasicInterfacesHAL\STM32L496ZGTX_FLASH.ld" --specs=nosys.specs -Wl,-Map="BasicInterfacesHAL.map" -Wl,--gc-sections -static --specs=nano.specs -mfpu=fpv4-sp-d16 -mfloat-abi=hard -mthumb -Wl,--start-group -lc -lm -Wl,--end-group
Finished building target: BasicInterfacesHAL.elf
 
arm-none-eabi-size   BasicInterfacesHAL.elf 
arm-none-eabi-objdump -h -S  BasicInterfacesHAL.elf  > "BasicInterfacesHAL.list"
arm-none-eabi-objcopy  -O binary  BasicInterfacesHAL.elf  "BasicInterfacesHAL.bin"
   text	   data	    bss	    dec	    hex	filename
  22312	    124	   2132	  24568	   5ff8	BasicInterfacesHAL.elf
Finished building: default.size.stdout
 
Finished building: BasicInterfacesHAL.bin
 
Finished building: BasicInterfacesHAL.list
 
17:12:49 **** Incremental Build of configuration DebugFLASH for project BasicInterfacesHAL ****
make -j8 all 
arm-none-eabi-gcc "../Core/Src/main.c" -mcpu=cortex-m4 -std=gnu11 -g3 -DDEBUG -DUSE_HAL_DRIVER -DSTM32L496xx -c -I../Core/Inc -I../Drivers/STM32L4xx_HAL_Driver/Inc -I../Drivers/STM32L4xx_HAL_Driver/Inc/Legacy -I../Drivers/CMSIS/Device/ST/STM32L4xx/Include -I../Drivers/CMSIS/Include -O0 -ffunction-sections -fdata-sections -Wall -fstack-usage -MMD -MP -MF"Core/Src/main.d" -MT"Core/Src/main.o" --specs=nano.specs -mfpu=fpv4-sp-d16 -mfloat-abi=hard -mthumb -o "Core/Src/main.o"
../Core/Src/main.c: In function 'line_append':
../Core/Src/main.c:141:8: warning: implicit declaration of function 'strcmp' [-Wimplicit-function-declaration]
  141 |    if (strcmp(line_buffer, "LED=0") == 0) {
      |        ^~~~~~
../Core/Src/main.c:146:7: warning: implicit declaration of function 'printf' [-Wimplicit-function-declaration]
  146 |       printf("%d\n", TEMP_GetTempI());
      |       ^~~~~~
../Core/Src/main.c:146:7: warning: incompatible implicit declaration of built-in function 'printf'
../Core/Src/main.c:32:1: note: include '<stdio.h>' or provide a declaration of 'printf'
   31 | #include "lsm303c.h"
  +++ |+#include <stdio.h>
   32 | /* USER CODE END Includes */
../Core/Src/main.c:146:22: warning: implicit declaration of function 'TEMP_GetTempI' [-Wimplicit-function-declaration]
  146 |       printf("%d\n", TEMP_GetTempI());
      |                      ^~~~~~~~~~~~~
../Core/Src/main.c:150:5: warning: incompatible implicit declaration of built-in function 'printf'
  150 |     printf("Nieznane polecenie: %s\n", line_buffer);
      |     ^~~~~~
../Core/Src/main.c:150:5: note: include '<stdio.h>' or provide a declaration of 'printf'
arm-none-eabi-gcc -o "BasicInterfacesHAL.elf" @"objects.list"   -mcpu=cortex-m4 -T"C:\Users\MSI PC\OneDrive\Pulpit\Nowy folder\repozytoria dodatkowe zad\lab 3\3.1.1 polecenia z komputera\BasicInterfacesHAL\STM32L496ZGTX_FLASH.ld" --specs=nosys.specs -Wl,-Map="BasicInterfacesHAL.map" -Wl,--gc-sections -static --specs=nano.specs -mfpu=fpv4-sp-d16 -mfloat-abi=hard -mthumb -Wl,--start-group -lc -lm -Wl,--end-group
d:\stm32cubeide_1.8.0\stm32cubeide\plugins\com.st.stm32cube.ide.mcu.externaltools.gnu-tools-for-stm32.9-2020-q2-update.win32_2.0.0.202105311346\tools\arm-none-eabi\bin\ld.exe: ./Core/Src/main.o: in function `line_append':
C:/Users/MSI PC/OneDrive/Pulpit/Nowy folder/repozytoria dodatkowe zad/lab 3/3.1.1 polecenia z komputera/BasicInterfacesHAL/DebugFLASH/../Core/Src/main.c:146: undefined reference to `TEMP_GetTempI'
collect2.exe: error: ld returned 1 exit status
make: *** [makefile:64: BasicInterfacesHAL.elf] Error 1
"make -j8 all" terminated with exit code 2. Build might be incomplete.
17:13:11 **** Incremental Build of configuration DebugFLASH for project BasicInterfacesHAL ****
make -j8 all 
arm-none-eabi-gcc "../Core/Src/main.c" -mcpu=cortex-m4 -std=gnu11 -g3 -DDEBUG -DUSE_HAL_DRIVER -DSTM32L496xx -c -I../Core/Inc -I../Drivers/STM32L4xx_HAL_Driver/Inc -I../Drivers/STM32L4xx_HAL_Driver/Inc/Legacy -I../Drivers/CMSIS/Device/ST/STM32L4xx/Include -I../Drivers/CMSIS/Include -O0 -ffunction-sections -fdata-sections -Wall -fstack-usage -MMD -MP -MF"Core/Src/main.d" -MT"Core/Src/main.o" --specs=nano.specs -mfpu=fpv4-sp-d16 -mfloat-abi=hard -mthumb -o "Core/Src/main.o"
../Core/Src/main.c: In function 'line_append':
../Core/Src/main.c:141:8: warning: implicit declaration of function 'strcmp' [-Wimplicit-function-declaration]
  141 |    if (strcmp(line_buffer, "LED=0") == 0) {
      |        ^~~~~~
../Core/Src/main.c:146:7: warning: implicit declaration of function 'printf' [-Wimplicit-function-declaration]
  146 |       printf("%d\n", TEMP_GetTempI());
      |       ^~~~~~
../Core/Src/main.c:146:7: warning: incompatible implicit declaration of built-in function 'printf'
../Core/Src/main.c:32:1: note: include '<stdio.h>' or provide a declaration of 'printf'
   31 | #include "lsm303c.h"
  +++ |+#include <stdio.h>
   32 | /* USER CODE END Includes */
../Core/Src/main.c:150:5: warning: incompatible implicit declaration of built-in function 'printf'
  150 |     printf("Nieznane polecenie: %s\n", line_buffer);
      |     ^~~~~~
../Core/Src/main.c:150:5: note: include '<stdio.h>' or provide a declaration of 'printf'
arm-none-eabi-gcc -o "BasicInterfacesHAL.elf" @"objects.list"   -mcpu=cortex-m4 -T"C:\Users\MSI PC\OneDrive\Pulpit\Nowy folder\repozytoria dodatkowe zad\lab 3\3.1.1 polecenia z komputera\BasicInterfacesHAL\STM32L496ZGTX_FLASH.ld" --specs=nosys.specs -Wl,-Map="BasicInterfacesHAL.map" -Wl,--gc-sections -static --specs=nano.specs -mfpu=fpv4-sp-d16 -mfloat-abi=hard -mthumb -Wl,--start-group -lc -lm -Wl,--end-group
Finished building target: BasicInterfacesHAL.elf
 
arm-none-eabi-size   BasicInterfacesHAL.elf 
arm-none-eabi-objdump -h -S  BasicInterfacesHAL.elf  > "BasicInterfacesHAL.list"
arm-none-eabi-objcopy  -O binary  BasicInterfacesHAL.elf  "BasicInterfacesHAL.bin"
   text	   data	    bss	    dec	    hex	filename
  24168	    124	   2132	  26424	   6738	BasicInterfacesHAL.elf
Finished building: default.size.stdout
 
Finished building: BasicInterfacesHAL.bin
 
Finished building: BasicInterfacesHAL.list
 
17:14:13 **** Incremental Build of configuration DebugFLASH for project BasicInterfacesHAL ****
make -j8 all 
arm-none-eabi-size   BasicInterfacesHAL.elf 
   text	   data	    bss	    dec	    hex	filename
  24168	    124	   2132	  26424	   6738	BasicInterfacesHAL.elf
Finished building: default.size.stdout
 
17:16:17 **** Incremental Build of configuration DebugFLASH for project BasicInterfacesHAL ****
make -j8 all 
arm-none-eabi-gcc "../Core/Src/main.c" -mcpu=cortex-m4 -std=gnu11 -g3 -DDEBUG -DUSE_HAL_DRIVER -DSTM32L496xx -c -I../Core/Inc -I../Drivers/STM32L4xx_HAL_Driver/Inc -I../Drivers/STM32L4xx_HAL_Driver/Inc/Legacy -I../Drivers/CMSIS/Device/ST/STM32L4xx/Include -I../Drivers/CMSIS/Include -O0 -ffunction-sections -fdata-sections -Wall -fstack-usage -MMD -MP -MF"Core/Src/main.d" -MT"Core/Src/main.o" --specs=nano.specs -mfpu=fpv4-sp-d16 -mfloat-abi=hard -mthumb -o "Core/Src/main.o"
../Core/Src/main.c: In function 'line_append':
../Core/Src/main.c:141:8: warning: implicit declaration of function 'strcmp' [-Wimplicit-function-declaration]
  141 |    if (strcmp(line_buffer, "LED=0") == 0) {
      |        ^~~~~~
../Core/Src/main.c:146:7: warning: implicit declaration of function 'printf' [-Wimplicit-function-declaration]
  146 |       printf("%d\n", TEMP_GetTempI());
      |       ^~~~~~
../Core/Src/main.c:146:7: warning: incompatible implicit declaration of built-in function 'printf'
../Core/Src/main.c:32:1: note: include '<stdio.h>' or provide a declaration of 'printf'
   31 | #include "lsm303c.h"
  +++ |+#include <stdio.h>
   32 | /* USER CODE END Includes */
../Core/Src/main.c:150:5: warning: incompatible implicit declaration of built-in function 'printf'
  150 |     printf("Nieznane polecenie: %s\n", line_buffer);
      |     ^~~~~~
../Core/Src/main.c:150:5: note: include '<stdio.h>' or provide a declaration of 'printf'
../Core/Src/main.c:163:3: warning: implicit declaration of function 'fflush' [-Wimplicit-function-declaration]
  163 |   fflush(stdout);
      |   ^~~~~~
../Core/Src/main.c:163:10: error: 'stdout' undeclared (first use in this function)
  163 |   fflush(stdout);
      |          ^~~~~~
../Core/Src/main.c:163:10: note: 'stdout' is defined in header '<stdio.h>'; did you forget to '#include <stdio.h>'?
../Core/Src/main.c:163:10: note: each undeclared identifier is reported only once for each function it appears in
make: *** [Core/Src/subdir.mk:52: Core/Src/main.o] Error 1
"make -j8 all" terminated with exit code 2. Build might be incomplete.
17:17:30 **** Incremental Build of configuration DebugFLASH for project BasicInterfacesHAL ****
make -j8 all 
arm-none-eabi-gcc "../Core/Src/main.c" -mcpu=cortex-m4 -std=gnu11 -g3 -DDEBUG -DUSE_HAL_DRIVER -DSTM32L496xx -c -I../Core/Inc -I../Drivers/STM32L4xx_HAL_Driver/Inc -I../Drivers/STM32L4xx_HAL_Driver/Inc/Legacy -I../Drivers/CMSIS/Device/ST/STM32L4xx/Include -I../Drivers/CMSIS/Include -O0 -ffunction-sections -fdata-sections -Wall -fstack-usage -MMD -MP -MF"Core/Src/main.d" -MT"Core/Src/main.o" --specs=nano.specs -mfpu=fpv4-sp-d16 -mfloat-abi=hard -mthumb -o "Core/Src/main.o"
../Core/Src/main.c: In function 'line_append':
../Core/Src/main.c:142:8: warning: implicit declaration of function 'strcmp' [-Wimplicit-function-declaration]
  142 |    if (strcmp(line_buffer, "LED=0") == 0) {
      |        ^~~~~~
arm-none-eabi-gcc -o "BasicInterfacesHAL.elf" @"objects.list"   -mcpu=cortex-m4 -T"C:\Users\MSI PC\OneDrive\Pulpit\Nowy folder\repozytoria dodatkowe zad\lab 3\3.1.1 polecenia z komputera\BasicInterfacesHAL\STM32L496ZGTX_FLASH.ld" --specs=nosys.specs -Wl,-Map="BasicInterfacesHAL.map" -Wl,--gc-sections -static --specs=nano.specs -mfpu=fpv4-sp-d16 -mfloat-abi=hard -mthumb -Wl,--start-group -lc -lm -Wl,--end-group
Finished building target: BasicInterfacesHAL.elf
 
arm-none-eabi-size   BasicInterfacesHAL.elf 
arm-none-eabi-objdump -h -S  BasicInterfacesHAL.elf  > "BasicInterfacesHAL.list"
arm-none-eabi-objcopy  -O binary  BasicInterfacesHAL.elf  "BasicInterfacesHAL.bin"
   text	   data	    bss	    dec	    hex	filename
  24224	    124	   2132	  26480	   6770	BasicInterfacesHAL.elf
Finished building: default.size.stdout
 
Finished building: BasicInterfacesHAL.bin
 
Finished building: BasicInterfacesHAL.list
 
17:17:41 **** Incremental Build of configuration DebugFLASH for project BasicInterfacesHAL ****
make -j8 all 
arm-none-eabi-size   BasicInterfacesHAL.elf 
   text	   data	    bss	    dec	    hex	filename
  24224	    124	   2132	  26480	   6770	BasicInterfacesHAL.elf
Finished building: default.size.stdout
 
17:19:14 **** Incremental Build of configuration DebugFLASH for project BasicInterfacesHAL ****
make -j8 all 
arm-none-eabi-gcc "../Core/Src/main.c" -mcpu=cortex-m4 -std=gnu11 -g3 -DDEBUG -DUSE_HAL_DRIVER -DSTM32L496xx -c -I../Core/Inc -I../Drivers/STM32L4xx_HAL_Driver/Inc -I../Drivers/STM32L4xx_HAL_Driver/Inc/Legacy -I../Drivers/CMSIS/Device/ST/STM32L4xx/Include -I../Drivers/CMSIS/Include -O0 -ffunction-sections -fdata-sections -Wall -fstack-usage -MMD -MP -MF"Core/Src/main.d" -MT"Core/Src/main.o" --specs=nano.specs -mfpu=fpv4-sp-d16 -mfloat-abi=hard -mthumb -o "Core/Src/main.o"
../Core/Src/main.c: In function 'line_append':
../Core/Src/main.c:142:8: warning: implicit declaration of function 'strcmp' [-Wimplicit-function-declaration]
  142 |    if (strcmp(line_buffer, "LED=0") == 0) {
      |        ^~~~~~
arm-none-eabi-gcc -o "BasicInterfacesHAL.elf" @"objects.list"   -mcpu=cortex-m4 -T"C:\Users\MSI PC\OneDrive\Pulpit\Nowy folder\repozytoria dodatkowe zad\lab 3\3.1.1 polecenia z komputera\BasicInterfacesHAL\STM32L496ZGTX_FLASH.ld" --specs=nosys.specs -Wl,-Map="BasicInterfacesHAL.map" -Wl,--gc-sections -static --specs=nano.specs -mfpu=fpv4-sp-d16 -mfloat-abi=hard -mthumb -Wl,--start-group -lc -lm -Wl,--end-group
Finished building target: BasicInterfacesHAL.elf
 
arm-none-eabi-size   BasicInterfacesHAL.elf 
arm-none-eabi-objdump -h -S  BasicInterfacesHAL.elf  > "BasicInterfacesHAL.list"
arm-none-eabi-objcopy  -O binary  BasicInterfacesHAL.elf  "BasicInterfacesHAL.bin"
   text	   data	    bss	    dec	    hex	filename
  24224	    124	   2132	  26480	   6770	BasicInterfacesHAL.elf
Finished building: default.size.stdout
 
Finished building: BasicInterfacesHAL.bin
 
Finished building: BasicInterfacesHAL.list
 
17:19:27 **** Incremental Build of configuration DebugFLASH for project BasicInterfacesHAL ****
make -j8 all 
arm-none-eabi-size   BasicInterfacesHAL.elf 
   text	   data	    bss	    dec	    hex	filename
  24224	    124	   2132	  26480	   6770	BasicInterfacesHAL.elf
Finished building: default.size.stdout
 
17:20:19 **** Incremental Build of configuration DebugFLASH for project BasicInterfacesHAL ****
make -j8 all 
arm-none-eabi-gcc "../Core/Src/main.c" -mcpu=cortex-m4 -std=gnu11 -g3 -DDEBUG -DUSE_HAL_DRIVER -DSTM32L496xx -c -I../Core/Inc -I../Drivers/STM32L4xx_HAL_Driver/Inc -I../Drivers/STM32L4xx_HAL_Driver/Inc/Legacy -I../Drivers/CMSIS/Device/ST/STM32L4xx/Include -I../Drivers/CMSIS/Include -O0 -ffunction-sections -fdata-sections -Wall -fstack-usage -MMD -MP -MF"Core/Src/main.d" -MT"Core/Src/main.o" --specs=nano.specs -mfpu=fpv4-sp-d16 -mfloat-abi=hard -mthumb -o "Core/Src/main.o"
../Core/Src/main.c: In function 'line_append':
../Core/Src/main.c:142:8: warning: implicit declaration of function 'strcmp' [-Wimplicit-function-declaration]
  142 |    if (strcmp(line_buffer, "LED=0") == 0) {
      |        ^~~~~~
arm-none-eabi-gcc -o "BasicInterfacesHAL.elf" @"objects.list"   -mcpu=cortex-m4 -T"C:\Users\MSI PC\OneDrive\Pulpit\Nowy folder\repozytoria dodatkowe zad\lab 3\3.1.1 polecenia z komputera\BasicInterfacesHAL\STM32L496ZGTX_FLASH.ld" --specs=nosys.specs -Wl,-Map="BasicInterfacesHAL.map" -Wl,--gc-sections -static --specs=nano.specs -mfpu=fpv4-sp-d16 -mfloat-abi=hard -mthumb -Wl,--start-group -lc -lm -Wl,--end-group
Finished building target: BasicInterfacesHAL.elf
 
arm-none-eabi-size   BasicInterfacesHAL.elf 
arm-none-eabi-objdump -h -S  BasicInterfacesHAL.elf  > "BasicInterfacesHAL.list"
arm-none-eabi-objcopy  -O binary  BasicInterfacesHAL.elf  "BasicInterfacesHAL.bin"
   text	   data	    bss	    dec	    hex	filename
  24224	    124	   2132	  26480	   6770	BasicInterfacesHAL.elf
Finished building: default.size.stdout
 
Finished building: BasicInterfacesHAL.bin
 
Finished building: BasicInterfacesHAL.list
 
17:20:49 **** Incremental Build of configuration DebugFLASH for project BasicInterfacesHAL ****
make -j8 all 
arm-none-eabi-gcc "../Core/Src/main.c" -mcpu=cortex-m4 -std=gnu11 -g3 -DDEBUG -DUSE_HAL_DRIVER -DSTM32L496xx -c -I../Core/Inc -I../Drivers/STM32L4xx_HAL_Driver/Inc -I../Drivers/STM32L4xx_HAL_Driver/Inc/Legacy -I../Drivers/CMSIS/Device/ST/STM32L4xx/Include -I../Drivers/CMSIS/Include -O0 -ffunction-sections -fdata-sections -Wall -fstack-usage -MMD -MP -MF"Core/Src/main.d" -MT"Core/Src/main.o" --specs=nano.specs -mfpu=fpv4-sp-d16 -mfloat-abi=hard -mthumb -o "Core/Src/main.o"
../Core/Src/main.c: In function 'line_append':
../Core/Src/main.c:142:8: warning: implicit declaration of function 'strcmp' [-Wimplicit-function-declaration]
  142 |    if (strcmp(line_buffer, "LED=0") == 0) {
      |        ^~~~~~
arm-none-eabi-gcc -o "BasicInterfacesHAL.elf" @"objects.list"   -mcpu=cortex-m4 -T"C:\Users\MSI PC\OneDrive\Pulpit\Nowy folder\repozytoria dodatkowe zad\lab 3\3.1.1 polecenia z komputera\BasicInterfacesHAL\STM32L496ZGTX_FLASH.ld" --specs=nosys.specs -Wl,-Map="BasicInterfacesHAL.map" -Wl,--gc-sections -static --specs=nano.specs -mfpu=fpv4-sp-d16 -mfloat-abi=hard -mthumb -Wl,--start-group -lc -lm -Wl,--end-group
Finished building target: BasicInterfacesHAL.elf
 
arm-none-eabi-size   BasicInterfacesHAL.elf 
arm-none-eabi-objdump -h -S  BasicInterfacesHAL.elf  > "BasicInterfacesHAL.list"
arm-none-eabi-objcopy  -O binary  BasicInterfacesHAL.elf  "BasicInterfacesHAL.bin"
   text	   data	    bss	    dec	    hex	filename
  24224	    124	   2132	  26480	   6770	BasicInterfacesHAL.elf
Finished building: default.size.stdout
 
Finished building: BasicInterfacesHAL.bin
 
Finished building: BasicInterfacesHAL.list
 
17:20:57 **** Incremental Build of configuration DebugFLASH for project BasicInterfacesHAL ****
make -j8 all 
arm-none-eabi-size   BasicInterfacesHAL.elf 
   text	   data	    bss	    dec	    hex	filename
  24224	    124	   2132	  26480	   6770	BasicInterfacesHAL.elf
Finished building: default.size.stdout
 
17:21:05 **** Incremental Build of configuration DebugFLASH for project BasicInterfacesHAL ****
make -j8 all 
arm-none-eabi-gcc "../Core/Src/main.c" -mcpu=cortex-m4 -std=gnu11 -g3 -DDEBUG -DUSE_HAL_DRIVER -DSTM32L496xx -c -I../Core/Inc -I../Drivers/STM32L4xx_HAL_Driver/Inc -I../Drivers/STM32L4xx_HAL_Driver/Inc/Legacy -I../Drivers/CMSIS/Device/ST/STM32L4xx/Include -I../Drivers/CMSIS/Include -O0 -ffunction-sections -fdata-sections -Wall -fstack-usage -MMD -MP -MF"Core/Src/main.d" -MT"Core/Src/main.o" --specs=nano.specs -mfpu=fpv4-sp-d16 -mfloat-abi=hard -mthumb -o "Core/Src/main.o"
../Core/Src/main.c: In function 'line_append':
../Core/Src/main.c:142:8: warning: implicit declaration of function 'strcmp' [-Wimplicit-function-declaration]
  142 |    if (strcmp(line_buffer, "LED=0") == 0) {
      |        ^~~~~~
arm-none-eabi-gcc -o "BasicInterfacesHAL.elf" @"objects.list"   -mcpu=cortex-m4 -T"C:\Users\MSI PC\OneDrive\Pulpit\Nowy folder\repozytoria dodatkowe zad\lab 3\3.1.1 polecenia z komputera\BasicInterfacesHAL\STM32L496ZGTX_FLASH.ld" --specs=nosys.specs -Wl,-Map="BasicInterfacesHAL.map" -Wl,--gc-sections -static --specs=nano.specs -mfpu=fpv4-sp-d16 -mfloat-abi=hard -mthumb -Wl,--start-group -lc -lm -Wl,--end-group
Finished building target: BasicInterfacesHAL.elf
 
arm-none-eabi-size   BasicInterfacesHAL.elf 
arm-none-eabi-objdump -h -S  BasicInterfacesHAL.elf  > "BasicInterfacesHAL.list"
arm-none-eabi-objcopy  -O binary  BasicInterfacesHAL.elf  "BasicInterfacesHAL.bin"
   text	   data	    bss	    dec	    hex	filename
  24236	    124	   2132	  26492	   677c	BasicInterfacesHAL.elf
Finished building: default.size.stdout
 
Finished building: BasicInterfacesHAL.bin
 
Finished building: BasicInterfacesHAL.list
 
17:21:16 **** Incremental Build of configuration DebugFLASH for project BasicInterfacesHAL ****
make -j8 all 
arm-none-eabi-size   BasicInterfacesHAL.elf 
   text	   data	    bss	    dec	    hex	filename
  24236	    124	   2132	  26492	   677c	BasicInterfacesHAL.elf
Finished building: default.size.stdout
 
17:22:06 **** Incremental Build of configuration DebugFLASH for project BasicInterfacesHAL ****
make -j8 all 
arm-none-eabi-gcc "../Core/Src/main.c" -mcpu=cortex-m4 -std=gnu11 -g3 -DDEBUG -DUSE_HAL_DRIVER -DSTM32L496xx -c -I../Core/Inc -I../Drivers/STM32L4xx_HAL_Driver/Inc -I../Drivers/STM32L4xx_HAL_Driver/Inc/Legacy -I../Drivers/CMSIS/Device/ST/STM32L4xx/Include -I../Drivers/CMSIS/Include -O0 -ffunction-sections -fdata-sections -Wall -fstack-usage -MMD -MP -MF"Core/Src/main.d" -MT"Core/Src/main.o" --specs=nano.specs -mfpu=fpv4-sp-d16 -mfloat-abi=hard -mthumb -o "Core/Src/main.o"
../Core/Src/main.c: In function 'line_append':
../Core/Src/main.c:142:8: warning: implicit declaration of function 'strcmp' [-Wimplicit-function-declaration]
  142 |    if (strcmp(line_buffer, "LED=0") == 0) {
      |        ^~~~~~
arm-none-eabi-gcc -o "BasicInterfacesHAL.elf" @"objects.list"   -mcpu=cortex-m4 -T"C:\Users\MSI PC\OneDrive\Pulpit\Nowy folder\repozytoria dodatkowe zad\lab 3\3.1.1 polecenia z komputera\BasicInterfacesHAL\STM32L496ZGTX_FLASH.ld" --specs=nosys.specs -Wl,-Map="BasicInterfacesHAL.map" -Wl,--gc-sections -static --specs=nano.specs -mfpu=fpv4-sp-d16 -mfloat-abi=hard -mthumb -Wl,--start-group -lc -lm -Wl,--end-group
Finished building target: BasicInterfacesHAL.elf
 
arm-none-eabi-size   BasicInterfacesHAL.elf 
arm-none-eabi-objdump -h -S  BasicInterfacesHAL.elf  > "BasicInterfacesHAL.list"
arm-none-eabi-objcopy  -O binary  BasicInterfacesHAL.elf  "BasicInterfacesHAL.bin"
   text	   data	    bss	    dec	    hex	filename
  24240	    124	   2132	  26496	   6780	BasicInterfacesHAL.elf
Finished building: default.size.stdout
 
Finished building: BasicInterfacesHAL.bin
 
Finished building: BasicInterfacesHAL.list
 
17:22:46 **** Incremental Build of configuration DebugFLASH for project BasicInterfacesHAL ****
make -j8 all 
arm-none-eabi-size   BasicInterfacesHAL.elf 
   text	   data	    bss	    dec	    hex	filename
  24240	    124	   2132	  26496	   6780	BasicInterfacesHAL.elf
Finished building: default.size.stdout
 
17:28:31 **** Incremental Build of configuration DebugFLASH for project BasicInterfacesHAL ****
make -j8 all 
arm-none-eabi-gcc "../Core/Src/main.c" -mcpu=cortex-m4 -std=gnu11 -g3 -DDEBUG -DUSE_HAL_DRIVER -DSTM32L496xx -c -I../Core/Inc -I../Drivers/STM32L4xx_HAL_Driver/Inc -I../Drivers/STM32L4xx_HAL_Driver/Inc/Legacy -I../Drivers/CMSIS/Device/ST/STM32L4xx/Include -I../Drivers/CMSIS/Include -O0 -ffunction-sections -fdata-sections -Wall -fstack-usage -MMD -MP -MF"Core/Src/main.d" -MT"Core/Src/main.o" --specs=nano.specs -mfpu=fpv4-sp-d16 -mfloat-abi=hard -mthumb -o "Core/Src/main.o"
../Core/Src/main.c: In function 'line_append':
../Core/Src/main.c:142:8: warning: implicit declaration of function 'strcmp' [-Wimplicit-function-declaration]
  142 |    if (strcmp(line_buffer, "LED=0") == 0) {
      |        ^~~~~~
arm-none-eabi-gcc -o "BasicInterfacesHAL.elf" @"objects.list"   -mcpu=cortex-m4 -T"C:\Users\MSI PC\OneDrive\Pulpit\Nowy folder\repozytoria dodatkowe zad\lab 3\3.1.1 polecenia z komputera\BasicInterfacesHAL\STM32L496ZGTX_FLASH.ld" --specs=nosys.specs -Wl,-Map="BasicInterfacesHAL.map" -Wl,--gc-sections -static --specs=nano.specs -mfpu=fpv4-sp-d16 -mfloat-abi=hard -mthumb -Wl,--start-group -lc -lm -Wl,--end-group
Finished building target: BasicInterfacesHAL.elf
 
arm-none-eabi-size   BasicInterfacesHAL.elf 
arm-none-eabi-objdump -h -S  BasicInterfacesHAL.elf  > "BasicInterfacesHAL.list"
arm-none-eabi-objcopy  -O binary  BasicInterfacesHAL.elf  "BasicInterfacesHAL.bin"
   text	   data	    bss	    dec	    hex	filename
  24416	    124	   2132	  26672	   6830	BasicInterfacesHAL.elf
Finished building: default.size.stdout
 
Finished building: BasicInterfacesHAL.bin
 
Finished building: BasicInterfacesHAL.list
 
17:54:39 **** Incremental Build of configuration DebugFLASH for project BasicInterfacesHAL ****
make -j8 all 
arm-none-eabi-size   BasicInterfacesHAL.elf 
   text	   data	    bss	    dec	    hex	filename
  24416	    124	   2132	  26672	   6830	BasicInterfacesHAL.elf
Finished building: default.size.stdout
 
17:54:46 **** Incremental Build of configuration DebugFLASH for project BasicInterfacesHAL ****
make -j8 all 
arm-none-eabi-size   BasicInterfacesHAL.elf 
   text	   data	    bss	    dec	    hex	filename
  24416	    124	   2132	  26672	   6830	BasicInterfacesHAL.elf
Finished building: default.size.stdout
 
