Archive member included to satisfy reference by file (symbol)

d:/stm32cubeide_1.8.0/stm32cubeide/plugins/com.st.stm32cube.ide.mcu.externaltools.gnu-tools-for-stm32.9-2020-q2-update.win32_2.0.0.202105311346/tools/bin/../lib/gcc/arm-none-eabi/9.3.1/../../../../arm-none-eabi/lib/thumb/v7e-m+fp/hard\libc_nano.a(lib_a-errno.o)
                              ./Core/Src/syscalls.o (__errno)
d:/stm32cubeide_1.8.0/stm32cubeide/plugins/com.st.stm32cube.ide.mcu.externaltools.gnu-tools-for-stm32.9-2020-q2-update.win32_2.0.0.202105311346/tools/bin/../lib/gcc/arm-none-eabi/9.3.1/../../../../arm-none-eabi/lib/thumb/v7e-m+fp/hard\libc_nano.a(lib_a-exit.o)
                              d:/stm32cubeide_1.8.0/stm32cubeide/plugins/com.st.stm32cube.ide.mcu.externaltools.gnu-tools-for-stm32.9-2020-q2-update.win32_2.0.0.202105311346/tools/bin/../lib/gcc/arm-none-eabi/9.3.1/../../../../arm-none-eabi/lib/thumb/v7e-m+fp/hard/crt0.o (exit)
d:/stm32cubeide_1.8.0/stm32cubeide/plugins/com.st.stm32cube.ide.mcu.externaltools.gnu-tools-for-stm32.9-2020-q2-update.win32_2.0.0.202105311346/tools/bin/../lib/gcc/arm-none-eabi/9.3.1/../../../../arm-none-eabi/lib/thumb/v7e-m+fp/hard\libc_nano.a(lib_a-impure.o)
                              d:/stm32cubeide_1.8.0/stm32cubeide/plugins/com.st.stm32cube.ide.mcu.externaltools.gnu-tools-for-stm32.9-2020-q2-update.win32_2.0.0.202105311346/tools/bin/../lib/gcc/arm-none-eabi/9.3.1/../../../../arm-none-eabi/lib/thumb/v7e-m+fp/hard\libc_nano.a(lib_a-exit.o) (_global_impure_ptr)
d:/stm32cubeide_1.8.0/stm32cubeide/plugins/com.st.stm32cube.ide.mcu.externaltools.gnu-tools-for-stm32.9-2020-q2-update.win32_2.0.0.202105311346/tools/bin/../lib/gcc/arm-none-eabi/9.3.1/../../../../arm-none-eabi/lib/thumb/v7e-m+fp/hard\libc_nano.a(lib_a-init.o)
                              d:/stm32cubeide_1.8.0/stm32cubeide/plugins/com.st.stm32cube.ide.mcu.externaltools.gnu-tools-for-stm32.9-2020-q2-update.win32_2.0.0.202105311346/tools/bin/../lib/gcc/arm-none-eabi/9.3.1/../../../../arm-none-eabi/lib/thumb/v7e-m+fp/hard/crt0.o (__libc_init_array)
d:/stm32cubeide_1.8.0/stm32cubeide/plugins/com.st.stm32cube.ide.mcu.externaltools.gnu-tools-for-stm32.9-2020-q2-update.win32_2.0.0.202105311346/tools/bin/../lib/gcc/arm-none-eabi/9.3.1/../../../../arm-none-eabi/lib/thumb/v7e-m+fp/hard\libc_nano.a(lib_a-memset.o)
                              d:/stm32cubeide_1.8.0/stm32cubeide/plugins/com.st.stm32cube.ide.mcu.externaltools.gnu-tools-for-stm32.9-2020-q2-update.win32_2.0.0.202105311346/tools/bin/../lib/gcc/arm-none-eabi/9.3.1/../../../../arm-none-eabi/lib/thumb/v7e-m+fp/hard/crt0.o (memset)
d:/stm32cubeide_1.8.0/stm32cubeide/plugins/com.st.stm32cube.ide.mcu.externaltools.gnu-tools-for-stm32.9-2020-q2-update.win32_2.0.0.202105311346/tools/bin/../lib/gcc/arm-none-eabi/9.3.1/../../../../arm-none-eabi/lib/thumb/v7e-m+fp/hard\libc_nano.a(lib_a-sprintf.o)
                              ./Core/Src/lcd.o (sprintf)
d:/stm32cubeide_1.8.0/stm32cubeide/plugins/com.st.stm32cube.ide.mcu.externaltools.gnu-tools-for-stm32.9-2020-q2-update.win32_2.0.0.202105311346/tools/bin/../lib/gcc/arm-none-eabi/9.3.1/../../../../arm-none-eabi/lib/thumb/v7e-m+fp/hard\libc_nano.a(lib_a-strlen.o)
                              ./Core/Src/main.o (strlen)
d:/stm32cubeide_1.8.0/stm32cubeide/plugins/com.st.stm32cube.ide.mcu.externaltools.gnu-tools-for-stm32.9-2020-q2-update.win32_2.0.0.202105311346/tools/bin/../lib/gcc/arm-none-eabi/9.3.1/../../../../arm-none-eabi/lib/thumb/v7e-m+fp/hard\libc_nano.a(lib_a-nano-svfprintf.o)
                              d:/stm32cubeide_1.8.0/stm32cubeide/plugins/com.st.stm32cube.ide.mcu.externaltools.gnu-tools-for-stm32.9-2020-q2-update.win32_2.0.0.202105311346/tools/bin/../lib/gcc/arm-none-eabi/9.3.1/../../../../arm-none-eabi/lib/thumb/v7e-m+fp/hard\libc_nano.a(lib_a-sprintf.o) (_svfprintf_r)
d:/stm32cubeide_1.8.0/stm32cubeide/plugins/com.st.stm32cube.ide.mcu.externaltools.gnu-tools-for-stm32.9-2020-q2-update.win32_2.0.0.202105311346/tools/bin/../lib/gcc/arm-none-eabi/9.3.1/../../../../arm-none-eabi/lib/thumb/v7e-m+fp/hard\libc_nano.a(lib_a-nano-vfprintf_i.o)
                              d:/stm32cubeide_1.8.0/stm32cubeide/plugins/com.st.stm32cube.ide.mcu.externaltools.gnu-tools-for-stm32.9-2020-q2-update.win32_2.0.0.202105311346/tools/bin/../lib/gcc/arm-none-eabi/9.3.1/../../../../arm-none-eabi/lib/thumb/v7e-m+fp/hard\libc_nano.a(lib_a-nano-svfprintf.o) (_printf_i)
d:/stm32cubeide_1.8.0/stm32cubeide/plugins/com.st.stm32cube.ide.mcu.externaltools.gnu-tools-for-stm32.9-2020-q2-update.win32_2.0.0.202105311346/tools/bin/../lib/gcc/arm-none-eabi/9.3.1/../../../../arm-none-eabi/lib/thumb/v7e-m+fp/hard\libc_nano.a(lib_a-memchr.o)
                              d:/stm32cubeide_1.8.0/stm32cubeide/plugins/com.st.stm32cube.ide.mcu.externaltools.gnu-tools-for-stm32.9-2020-q2-update.win32_2.0.0.202105311346/tools/bin/../lib/gcc/arm-none-eabi/9.3.1/../../../../arm-none-eabi/lib/thumb/v7e-m+fp/hard\libc_nano.a(lib_a-nano-svfprintf.o) (memchr)
[...]
Memory Configuration

Name             Origin             Length             Attributes
RAM              0x0000000020000000 0x0000000000040000 xrw
RAM2             0x0000000010000000 0x0000000000010000 xrw
FLASH            0x0000000008000000 0x0000000000100000 xr
*default*        0x0000000000000000 0xffffffffffffffff

Linker script and memory map

LOAD d:/stm32cubeide_1.8.0/stm32cubeide/plugins/com.st.stm32cube.ide.mcu.externaltools.gnu-tools-for-stm32.9-2020-q2-update.win32_2.0.0.202105311346/tools/bin/../lib/gcc/arm-none-eabi/9.3.1/thumb/v7e-m+fp/hard/crti.o
LOAD d:/stm32cubeide_1.8.0/stm32cubeide/plugins/com.st.stm32cube.ide.mcu.externaltools.gnu-tools-for-stm32.9-2020-q2-update.win32_2.0.0.202105311346/tools/bin/../lib/gcc/arm-none-eabi/9.3.1/thumb/v7e-m+fp/hard/crtbegin.o
LOAD d:/stm32cubeide_1.8.0/stm32cubeide/plugins/com.st.stm32cube.ide.mcu.externaltools.gnu-tools-for-stm32.9-2020-q2-update.win32_2.0.0.202105311346/tools/bin/../lib/gcc/arm-none-eabi/9.3.1/../../../../arm-none-eabi/lib/thumb/v7e-m+fp/hard/crt0.o
LOAD ./Core/Src/display.o
LOAD ./Core/Src/dma.o
LOAD ./Core/Src/gpio.o
LOAD ./Core/Src/i2c.o
LOAD ./Core/Src/lcd.o
LOAD ./Core/Src/main.o
LOAD ./Core/Src/sensor.o
LOAD ./Core/Src/stm32l4xx_hal_msp.o
LOAD ./Core/Src/stm32l4xx_it.o
LOAD ./Core/Src/syscalls.o
LOAD ./Core/Src/sysmem.o
LOAD ./Core/Src/system_stm32l4xx.o
LOAD ./Core/Src/tim.o
LOAD ./Core/Src/usart.o
LOAD ./Core/Startup/startup_stm32l496zgtx.o
LOAD ./Drivers/STM32L4xx_HAL_Driver/Src/stm32l4xx_hal.o
LOAD ./Drivers/STM32L4xx_HAL_Driver/Src/stm32l4xx_hal_cortex.o
LOAD ./Drivers/STM32L4xx_HAL_Driver/Src/stm32l4xx_hal_dma.o
LOAD ./Drivers/STM32L4xx_HAL_Driver/Src/stm32l4xx_hal_dma_ex.o
LOAD ./Drivers/STM32L4xx_HAL_Driver/Src/stm32l4xx_hal_exti.o
LOAD ./Drivers/STM32L4xx_HAL_Driver/Src/stm32l4xx_hal_flash.o
LOAD ./Drivers/STM32L4xx_HAL_Driver/Src/stm32l4xx_hal_flash_ex.o
LOAD ./Drivers/STM32L4xx_HAL_Driver/Src/stm32l4xx_hal_flash_ramfunc.o
LOAD ./Drivers/STM32L4xx_HAL_Driver/Src/stm32l4xx_hal_gpio.o
LOAD ./Drivers/STM32L4xx_HAL_Driver/Src/stm32l4xx_hal_i2c.o
LOAD ./Drivers/STM32L4xx_HAL_Driver/Src/stm32l4xx_hal_i2c_ex.o
LOAD ./Drivers/STM32L4xx_HAL_Driver/Src/stm32l4xx_hal_pwr.o
LOAD ./Drivers/STM32L4xx_HAL_Driver/Src/stm32l4xx_hal_pwr_ex.o
LOAD ./Drivers/STM32L4xx_HAL_Driver/Src/stm32l4xx_hal_rcc.o
LOAD ./Drivers/STM32L4xx_HAL_Driver/Src/stm32l4xx_hal_rcc_ex.o
LOAD ./Drivers/STM32L4xx_HAL_Driver/Src/stm32l4xx_hal_tim.o
LOAD ./Drivers/STM32L4xx_HAL_Driver/Src/stm32l4xx_hal_tim_ex.o
LOAD ./Drivers/STM32L4xx_HAL_Driver/Src/stm32l4xx_hal_uart.o
LOAD ./Drivers/STM32L4xx_HAL_Driver/Src/stm32l4xx_hal_uart_ex.o
START GROUP
LOAD d:/stm32cubeide_1.8.0/stm32cubeide/plugins/com.st.stm32cube.ide.mcu.externaltools.gnu-tools-for-stm32.9-2020-q2-update.win32_2.0.0.202105311346/tools/bin/../lib/gcc/arm-none-eabi/9.3.1/../../../../arm-none-eabi/lib/thumb/v7e-m+fp/hard\libc_nano.a
LOAD d:/stm32cubeide_1.8.0/stm32cubeide/plugins/com.st.stm32cube.ide.mcu.externaltools.gnu-tools-for-stm32.9-2020-q2-update.win32_2.0.0.202105311346/tools/bin/../lib/gcc/arm-none-eabi/9.3.1/../../../../arm-none-eabi/lib/thumb/v7e-m+fp/hard\libm.a
END GROUP
START GROUP
LOAD d:/stm32cubeide_1.8.0/stm32cubeide/plugins/com.st.stm32cube.ide.mcu.externaltools.gnu-tools-for-stm32.9-2020-q2-update.win32_2.0.0.202105311346/tools/bin/../lib/gcc/arm-none-eabi/9.3.1/thumb/v7e-m+fp/hard\libgcc.a
LOAD d:/stm32cubeide_1.8.0/stm32cubeide/plugins/com.st.stm32cube.ide.mcu.externaltools.gnu-tools-for-stm32.9-2020-q2-update.win32_2.0.0.202105311346/tools/bin/../lib/gcc/arm-none-eabi/9.3.1/../../../../arm-none-eabi/lib/thumb/v7e-m+fp/hard\libc_nano.a
END GROUP
START GROUP
LOAD d:/stm32cubeide_1.8.0/stm32cubeide/plugins/com.st.stm32cube.ide.mcu.externaltools.gnu-tools-for-stm32.9-2020-q2-update.win32_2.0.0.202105311346/tools/bin/../lib/gcc/arm-none-eabi/9.3.1/thumb/v7e-m+fp/hard\libgcc.a
LOAD d:/stm32cubeide_1.8.0/stm32cubeide/plugins/com.st.stm32cube.ide.mcu.externaltools.gnu-tools-for-stm32.9-2020-q2-update.win32_2.0.0.202105311346/tools/bin/../lib/gcc/arm-none-eabi/9.3.1/../../../../arm-none-eabi/lib/thumb/v7e-m+fp/hard\libc_nano.a
LOAD d:/stm32cubeide_1.8.0/stm32cubeide/plugins/com.st.stm32cube.ide.mcu.externaltools.gnu-tools-for-stm32.9-2020-q2-update.win32_2.0.0.202105311346/tools/bin/../lib/gcc/arm-none-eabi/9.3.1/../../../../arm-none-eabi/lib/thumb/v7e-m+fp/hard\libnosys.a
END GROUP
START GROUP
LOAD d:/stm32cubeide_1.8.0/stm32cubeide/plugins/com.st.stm32cube.ide.mcu.externaltools.gnu-tools-for-stm32.9-2020-q2-update.win32_2.0.0.202105311346/tools/bin/../lib/gcc/arm-none-eabi/9.3.1/thumb/v7e-m+fp/hard\libgcc.a
LOAD d:/stm32cubeide_1.8.0/stm32cubeide/plugins/com.st.stm32cube.ide.mcu.externaltools.gnu-tools-for-stm32.9-2020-q2-update.win32_2.0.0.202105311346/tools/bin/../lib/gcc/arm-none-eabi/9.3.1/../../../../arm-none-eabi/lib/thumb/v7e-m+fp/hard\libc_nano.a
LOAD d:/stm32cubeide_1.8.0/stm32cubeide/plugins/com.st.stm32cube.ide.mcu.externaltools.gnu-tools-for-stm32.9-2020-q2-update.win32_2.0.0.202105311346/tools/bin/../lib/gcc/arm-none-eabi/9.3.1/../../../../arm-none-eabi/lib/thumb/v7e-m+fp/hard\libnosys.a
END GROUP
LOAD d:/stm32cubeide_1.8.0/stm32cubeide/plugins/com.st.stm32cube.ide.mcu.externaltools.gnu-tools-for-stm32.9-2020-q2-update.win32_2.0.0.202105311346/tools/bin/../lib/gcc/arm-none-eabi/9.3.1/thumb/v7e-m+fp/hard/crtend.o
LOAD d:/stm32cubeide_1.8.0/stm32cubeide/plugins/com.st.stm32cube.ide.mcu.externaltools.gnu-tools-for-stm32.9-2020-q2-update.win32_2.0.0.202105311346/tools/bin/../lib/gcc/arm-none-eabi/9.3.1/thumb/v7e-m+fp/hard/crtn.o
                0x0000000020040000                _estack = (ORIGIN (RAM) + LENGTH (RAM))
                0x0000000000000200                _Min_Heap_Size = 0x200
                0x0000000000000400                _Min_Stack_Size = 0x400

.isr_vector     0x0000000008000000      0x1ac
                0x0000000008000000                . = ALIGN (0x4)
 *(.isr_vector)
 .isr_vector    0x0000000008000000      0x1ac ./Core/Startup/startup_stm32l496zgtx.o
                0x0000000008000000                g_pfnVectors
                0x00000000080001ac                . = ALIGN (0x4)

.text           0x00000000080001b0     0x6ccc
                0x00000000080001b0                . = ALIGN (0x4)
 *(.text)
 .text          0x00000000080001b0       0x40 d:/stm32cubeide_1.8.0/stm32cubeide/plugins/com.st.stm32cube.ide.mcu.externaltools.gnu-tools-for-stm32.9-2020-q2-update.win32_2.0.0.202105311346/tools/bin/../lib/gcc/arm-none-eabi/9.3.1/thumb/v7e-m+fp/hard/crtbegin.o
 .text          0x00000000080001f0       0x10 d:/stm32cubeide_1.8.0/stm32cubeide/plugins/com.st.stm32cube.ide.mcu.externaltools.gnu-tools-for-stm32.9-2020-q2-update.win32_2.0.0.202105311346/tools/bin/../lib/gcc/arm-none-eabi/9.3.1/../../../../arm-none-eabi/lib/thumb/v7e-m+fp/hard\libc_nano.a(lib_a-strlen.o)
                0x00000000080001f0                strlen
 .text          0x0000000008000200       0xa0 d:/stm32cubeide_1.8.0/stm32cubeide/plugins/com.st.stm32cube.ide.mcu.externaltools.gnu-tools-for-stm32.9-2020-q2-update.win32_2.0.0.202105311346/tools/bin/../lib/gcc/arm-none-eabi/9.3.1/../../../../arm-none-eabi/lib/thumb/v7e-m+fp/hard\libc_nano.a(lib_a-memchr.o)
                0x0000000008000200                memchr
 .text          0x00000000080002a0       0x30 d:/stm32cubeide_1.8.0/stm32cubeide/plugins/com.st.stm32cube.ide.mcu.externaltools.gnu-tools-for-stm32.9-2020-q2-update.win32_2.0.0.202105311346/tools/bin/../lib/gcc/arm-none-eabi/9.3.1/thumb/v7e-m+fp/hard\libgcc.a(_aeabi_uldivmod.o)
                0x00000000080002a0                __aeabi_uldivmod
 .text          0x00000000080002d0      0x2c4 d:/stm32cubeide_1.8.0/stm32cubeide/plugins/com.st.stm32cube.ide.mcu.externaltools.gnu-tools-for-stm32.9-2020-q2-update.win32_2.0.0.202105311346/tools/bin/../lib/gcc/arm-none-eabi/9.3.1/thumb/v7e-m+fp/hard\libgcc.a(_udivmoddi4.o)
                0x00000000080002d0                __udivmoddi4
 .text          0x0000000008000594        0x4 d:/stm32cubeide_1.8.0/stm32cubeide/plugins/com.st.stm32cube.ide.mcu.externaltools.gnu-tools-for-stm32.9-2020-q2-update.win32_2.0.0.202105311346/tools/bin/../lib/gcc/arm-none-eabi/9.3.1/thumb/v7e-m+fp/hard\libgcc.a(_dvmd_tls.o)
                0x0000000008000594                __aeabi_idiv0
                0x0000000008000594                __aeabi_ldiv0
 *(.text*)
 .text.SEG_Callback
                0x0000000008000598       0x8c ./Core/Src/display.o
                0x0000000008000598                SEG_Callback
 .text.MX_DMA_Init
                0x0000000008000624       0x74 ./Core/Src/dma.o
                0x0000000008000624                MX_DMA_Init
 .text.SW_SysTickCallback
                0x0000000008000698      0x138 ./Core/Src/gpio.o
                0x0000000008000698                SW_SysTickCallback
 .text.MX_GPIO_Init
                0x00000000080007d0      0x228 ./Core/Src/gpio.o
                0x00000000080007d0                MX_GPIO_Init
 .text.MX_I2C1_Init
                0x00000000080009f8       0x80 ./Core/Src/i2c.o
                0x00000000080009f8                MX_I2C1_Init
 .text.MX_I2C3_Init
                0x0000000008000a78       0x80 ./Core/Src/i2c.o
                0x0000000008000a78                MX_I2C3_Init
 .text.HAL_I2C_MspInit
                0x0000000008000af8      0x1c8 ./Core/Src/i2c.o
                0x0000000008000af8                HAL_I2C_MspInit
 .text.LCD_Write
                0x0000000008000cc0       0x80 ./Core/Src/lcd.o
 .text.LCD_Read
                0x0000000008000d40       0x80 ./Core/Src/lcd.o
 .text.LCD_ReadStatus
                0x0000000008000dc0       0x90 ./Core/Src/lcd.o
 .text.LCD_Cmd  0x0000000008000e50       0x38 ./Core/Src/lcd.o
 .text.LCD_Data
                0x0000000008000e88       0x38 ./Core/Src/lcd.o
 .text.LCD_BacklightOn
                0x0000000008000ec0       0x18 ./Core/Src/lcd.o
                0x0000000008000ec0                LCD_BacklightOn
 .text.LCD_Init
                0x0000000008000ed8       0x6c ./Core/Src/lcd.o
                0x0000000008000ed8                LCD_Init
 .text.LCD_GoTo
                0x0000000008000f44       0x4e ./Core/Src/lcd.o
                0x0000000008000f44                LCD_GoTo
 .text.LCD_WriteTextXY
                0x0000000008000f92       0x4a ./Core/Src/lcd.o
                0x0000000008000f92                LCD_WriteTextXY
 .text.main     0x0000000008000fdc      0x194 ./Core/Src/main.o
                0x0000000008000fdc                main
 .text.SystemClock_Config
                0x0000000008001170       0xa8 ./Core/Src/main.o
                0x0000000008001170                SystemClock_Config
 .text.HAL_SYSTICK_Callback
                0x0000000008001218       0x10 ./Core/Src/main.o
                0x0000000008001218                HAL_SYSTICK_Callback
 .text.HAL_TIM_PeriodElapsedCallback
                0x0000000008001228       0x34 ./Core/Src/main.o
                0x0000000008001228                HAL_TIM_PeriodElapsedCallback
 .text.HAL_TIM_IC_CaptureCallback
                0x000000000800125c       0xa0 ./Core/Src/main.o
                0x000000000800125c                HAL_TIM_IC_CaptureCallback
 .text.Error_Handler
                0x00000000080012fc        0xa ./Core/Src/main.o
                0x00000000080012fc                Error_Handler
 *fill*         0x0000000008001306        0x2 
 .text.HAL_MspInit
                0x0000000008001308       0x48 ./Core/Src/stm32l4xx_hal_msp.o
                0x0000000008001308                HAL_MspInit
 .text.HardFault_Handler
                0x0000000008001350        0x6 ./Core/Src/stm32l4xx_it.o
                0x0000000008001350                HardFault_Handler
 .text.SysTick_Handler
                0x0000000008001356       0x10 ./Core/Src/stm32l4xx_it.o
                0x0000000008001356                SysTick_Handler
 *fill*         0x0000000008001366        0x2 
 .text.DMA1_Channel3_IRQHandler
                0x0000000008001368       0x14 ./Core/Src/stm32l4xx_it.o
                0x0000000008001368                DMA1_Channel3_IRQHandler
 .text.TIM1_UP_TIM16_IRQHandler
                0x000000000800137c       0x14 ./Core/Src/stm32l4xx_it.o
                0x000000000800137c                TIM1_UP_TIM16_IRQHandler
 .text.TIM4_IRQHandler
                0x0000000008001390       0x14 ./Core/Src/stm32l4xx_it.o
                0x0000000008001390                TIM4_IRQHandler
 .text.I2C1_EV_IRQHandler
                0x00000000080013a4       0x14 ./Core/Src/stm32l4xx_it.o
                0x00000000080013a4                I2C1_EV_IRQHandler
 .text.EXTI15_10_IRQHandler
                0x00000000080013b8       0x28 ./Core/Src/stm32l4xx_it.o
                0x00000000080013b8                EXTI15_10_IRQHandler
 .text.DMA2_Channel6_IRQHandler
                0x00000000080013e0       0x14 ./Core/Src/stm32l4xx_it.o
                0x00000000080013e0                DMA2_Channel6_IRQHandler
 .text.DMA2_Channel7_IRQHandler
                0x00000000080013f4       0x14 ./Core/Src/stm32l4xx_it.o
                0x00000000080013f4                DMA2_Channel7_IRQHandler
 .text.LPUART1_IRQHandler
                0x0000000008001408       0x14 ./Core/Src/stm32l4xx_it.o
                0x0000000008001408                LPUART1_IRQHandler
 .text.I2C3_EV_IRQHandler
                0x000000000800141c       0x14 ./Core/Src/stm32l4xx_it.o
                0x000000000800141c                I2C3_EV_IRQHandler
 .text._sbrk    0x0000000008001430       0x6c ./Core/Src/sysmem.o
                0x0000000008001430                _sbrk
 .text.SystemInit
                0x000000000800149c       0x64 ./Core/Src/system_stm32l4xx.o
                0x000000000800149c                SystemInit
 .text.MX_TIM4_Init
                0x0000000008001500      0x11c ./Core/Src/tim.o
                0x0000000008001500                MX_TIM4_Init
 .text.MX_TIM16_Init
                0x000000000800161c       0x98 ./Core/Src/tim.o
                0x000000000800161c                MX_TIM16_Init
 .text.HAL_TIM_Base_MspInit
                0x00000000080016b4       0xd0 ./Core/Src/tim.o
                0x00000000080016b4                HAL_TIM_Base_MspInit
 .text.HAL_TIM_MspPostInit
                0x0000000008001784       0xb0 ./Core/Src/tim.o
                0x0000000008001784                HAL_TIM_MspPostInit
 .text.MX_LPUART1_UART_Init
                0x0000000008001834       0x58 ./Core/Src/usart.o
                0x0000000008001834                MX_LPUART1_UART_Init
 .text.HAL_UART_MspInit
                0x000000000800188c      0x180 ./Core/Src/usart.o
                0x000000000800188c                HAL_UART_MspInit
 .text.Reset_Handler
                0x0000000008001a0c       0x50 ./Core/Startup/startup_stm32l496zgtx.o
                0x0000000008001a0c                Reset_Handler
 .text.Default_Handler
                0x0000000008001a5c        0x2 ./Core/Startup/startup_stm32l496zgtx.o
                0x0000000008001a5c                RTC_Alarm_IRQHandler
                0x0000000008001a5c                EXTI2_IRQHandler
                0x0000000008001a5c                TIM8_TRG_COM_IRQHandler
                0x0000000008001a5c                TIM8_CC_IRQHandler
                0x0000000008001a5c                DebugMon_Handler
                0x0000000008001a5c                TIM1_CC_IRQHandler
                0x0000000008001a5c                TSC_IRQHandler
                0x0000000008001a5c                TAMP_STAMP_IRQHandler
                0x0000000008001a5c                PendSV_Handler
                0x0000000008001a5c                NMI_Handler
                0x0000000008001a5c                CAN2_RX1_IRQHandler
                0x0000000008001a5c                EXTI3_IRQHandler
                0x0000000008001a5c                LPTIM2_IRQHandler
                0x0000000008001a5c                DFSDM1_FLT1_IRQHandler
                0x0000000008001a5c                I2C3_ER_IRQHandler
                0x0000000008001a5c                DFSDM1_FLT2_IRQHandler
                0x0000000008001a5c                EXTI0_IRQHandler
                0x0000000008001a5c                I2C2_EV_IRQHandler
                0x0000000008001a5c                CAN1_RX0_IRQHandler
                0x0000000008001a5c                FPU_IRQHandler
                0x0000000008001a5c                UsageFault_Handler
                0x0000000008001a5c                CAN2_SCE_IRQHandler
                0x0000000008001a5c                ADC1_2_IRQHandler
                0x0000000008001a5c                SPI1_IRQHandler
                0x0000000008001a5c                TIM6_DAC_IRQHandler
                0x0000000008001a5c                DCMI_IRQHandler
                0x0000000008001a5c                CAN2_RX0_IRQHandler
                0x0000000008001a5c                TIM8_UP_IRQHandler
                0x0000000008001a5c                DMA2_Channel2_IRQHandler
                0x0000000008001a5c                DMA1_Channel4_IRQHandler
                0x0000000008001a5c                SAI2_IRQHandler
                0x0000000008001a5c                DFSDM1_FLT3_IRQHandler
                0x0000000008001a5c                USART3_IRQHandler
                0x0000000008001a5c                DMA1_Channel7_IRQHandler
                0x0000000008001a5c                CAN1_RX1_IRQHandler
                0x0000000008001a5c                LCD_IRQHandler
                0x0000000008001a5c                UART5_IRQHandler
                0x0000000008001a5c                ADC3_IRQHandler
                0x0000000008001a5c                DMA2_Channel1_IRQHandler
                0x0000000008001a5c                QUADSPI_IRQHandler
                0x0000000008001a5c                DMA1_Channel6_IRQHandler
                0x0000000008001a5c                UART4_IRQHandler
                0x0000000008001a5c                DMA2_Channel4_IRQHandler
                0x0000000008001a5c                TIM3_IRQHandler
                0x0000000008001a5c                RCC_IRQHandler
                0x0000000008001a5c                DMA1_Channel1_IRQHandler
                0x0000000008001a5c                Default_Handler
                0x0000000008001a5c                TIM7_IRQHandler
                0x0000000008001a5c                SDMMC1_IRQHandler
                0x0000000008001a5c                CAN2_TX_IRQHandler
                0x0000000008001a5c                TIM5_IRQHandler
                0x0000000008001a5c                EXTI9_5_IRQHandler
                0x0000000008001a5c                RTC_WKUP_IRQHandler
                0x0000000008001a5c                PVD_PVM_IRQHandler
                0x0000000008001a5c                SPI2_IRQHandler
                0x0000000008001a5c                MemManage_Handler
                0x0000000008001a5c                CAN1_TX_IRQHandler
                0x0000000008001a5c                SVC_Handler
                0x0000000008001a5c                DMA2_Channel5_IRQHandler
                0x0000000008001a5c                CRS_IRQHandler
                0x0000000008001a5c                DMA1_Channel5_IRQHandler
                0x0000000008001a5c                EXTI4_IRQHandler
                0x0000000008001a5c                RNG_IRQHandler
                0x0000000008001a5c                TIM1_TRG_COM_TIM17_IRQHandler
                0x0000000008001a5c                COMP_IRQHandler
                0x0000000008001a5c                WWDG_IRQHandler
                0x0000000008001a5c                I2C4_EV_IRQHandler
                0x0000000008001a5c                TIM2_IRQHandler
                0x0000000008001a5c                EXTI1_IRQHandler
                0x0000000008001a5c                USART2_IRQHandler
                0x0000000008001a5c                DFSDM1_FLT0_IRQHandler
                0x0000000008001a5c                I2C2_ER_IRQHandler
                0x0000000008001a5c                DMA1_Channel2_IRQHandler
                0x0000000008001a5c                TIM8_BRK_IRQHandler
                0x0000000008001a5c                CAN1_SCE_IRQHandler
                0x0000000008001a5c                FLASH_IRQHandler
                0x0000000008001a5c                BusFault_Handler
                0x0000000008001a5c                USART1_IRQHandler
                0x0000000008001a5c                OTG_FS_IRQHandler
                0x0000000008001a5c                SPI3_IRQHandler
                0x0000000008001a5c                I2C1_ER_IRQHandler
                0x0000000008001a5c                FMC_IRQHandler
                0x0000000008001a5c                SWPMI1_IRQHandler
                0x0000000008001a5c                LPTIM1_IRQHandler
                0x0000000008001a5c                I2C4_ER_IRQHandler
                0x0000000008001a5c                SAI1_IRQHandler
                0x0000000008001a5c                DMA2_Channel3_IRQHandler
                0x0000000008001a5c                TIM1_BRK_TIM15_IRQHandler
 .text.HAL_Init
                0x0000000008001a5e       0x30 ./Drivers/STM32L4xx_HAL_Driver/Src/stm32l4xx_hal.o
                0x0000000008001a5e                HAL_Init
 *fill*         0x0000000008001a8e        0x2 
 .text.HAL_InitTick
                0x0000000008001a90       0x78 ./Drivers/STM32L4xx_HAL_Driver/Src/stm32l4xx_hal.o
                0x0000000008001a90                HAL_InitTick
 .text.HAL_IncTick
                0x0000000008001b08       0x28 ./Drivers/STM32L4xx_HAL_Driver/Src/stm32l4xx_hal.o
                0x0000000008001b08                HAL_IncTick
 .text.HAL_GetTick
                0x0000000008001b30       0x18 ./Drivers/STM32L4xx_HAL_Driver/Src/stm32l4xx_hal.o
                0x0000000008001b30                HAL_GetTick
 .text.HAL_Delay
                0x0000000008001b48       0x48 ./Drivers/STM32L4xx_HAL_Driver/Src/stm32l4xx_hal.o
                0x0000000008001b48                HAL_Delay
 .text.__NVIC_SetPriorityGrouping
                0x0000000008001b90       0x48 ./Drivers/STM32L4xx_HAL_Driver/Src/stm32l4xx_hal_cortex.o
 .text.__NVIC_GetPriorityGrouping
                0x0000000008001bd8       0x1c ./Drivers/STM32L4xx_HAL_Driver/Src/stm32l4xx_hal_cortex.o
 .text.__NVIC_EnableIRQ
                0x0000000008001bf4       0x3c ./Drivers/STM32L4xx_HAL_Driver/Src/stm32l4xx_hal_cortex.o
 .text.__NVIC_SetPriority
                0x0000000008001c30       0x54 ./Drivers/STM32L4xx_HAL_Driver/Src/stm32l4xx_hal_cortex.o
 .text.NVIC_EncodePriority
                0x0000000008001c84       0x66 ./Drivers/STM32L4xx_HAL_Driver/Src/stm32l4xx_hal_cortex.o
 *fill*         0x0000000008001cea        0x2 
 .text.SysTick_Config
                0x0000000008001cec       0x44 ./Drivers/STM32L4xx_HAL_Driver/Src/stm32l4xx_hal_cortex.o
 .text.HAL_NVIC_SetPriorityGrouping
                0x0000000008001d30       0x16 ./Drivers/STM32L4xx_HAL_Driver/Src/stm32l4xx_hal_cortex.o
                0x0000000008001d30                HAL_NVIC_SetPriorityGrouping
 .text.HAL_NVIC_SetPriority
                0x0000000008001d46       0x38 ./Drivers/STM32L4xx_HAL_Driver/Src/stm32l4xx_hal_cortex.o
                0x0000000008001d46                HAL_NVIC_SetPriority
 .text.HAL_NVIC_EnableIRQ
                0x0000000008001d7e       0x1c ./Drivers/STM32L4xx_HAL_Driver/Src/stm32l4xx_hal_cortex.o
                0x0000000008001d7e                HAL_NVIC_EnableIRQ
 .text.HAL_SYSTICK_Config
                0x0000000008001d9a       0x18 ./Drivers/STM32L4xx_HAL_Driver/Src/stm32l4xx_hal_cortex.o
                0x0000000008001d9a                HAL_SYSTICK_Config
 .text.HAL_SYSTICK_IRQHandler
                0x0000000008001db2        0xc ./Drivers/STM32L4xx_HAL_Driver/Src/stm32l4xx_hal_cortex.o
                0x0000000008001db2                HAL_SYSTICK_IRQHandler
 *fill*         0x0000000008001dbe        0x2 
 .text.HAL_DMA_Init
                0x0000000008001dc0      0x170 ./Drivers/STM32L4xx_HAL_Driver/Src/stm32l4xx_hal_dma.o
                0x0000000008001dc0                HAL_DMA_Init
 .text.HAL_DMA_Abort
                0x0000000008001f30       0x7c ./Drivers/STM32L4xx_HAL_Driver/Src/stm32l4xx_hal_dma.o
                0x0000000008001f30                HAL_DMA_Abort
 .text.HAL_DMA_Abort_IT
                0x0000000008001fac       0x82 ./Drivers/STM32L4xx_HAL_Driver/Src/stm32l4xx_hal_dma.o
                0x0000000008001fac                HAL_DMA_Abort_IT
 .text.HAL_DMA_IRQHandler
                0x000000000800202e      0x15e ./Drivers/STM32L4xx_HAL_Driver/Src/stm32l4xx_hal_dma.o
                0x000000000800202e                HAL_DMA_IRQHandler
 .text.HAL_GPIO_Init
                0x000000000800218c      0x324 ./Drivers/STM32L4xx_HAL_Driver/Src/stm32l4xx_hal_gpio.o
                0x000000000800218c                HAL_GPIO_Init
 .text.HAL_GPIO_ReadPin
                0x00000000080024b0       0x30 ./Drivers/STM32L4xx_HAL_Driver/Src/stm32l4xx_hal_gpio.o
                0x00000000080024b0                HAL_GPIO_ReadPin
 .text.HAL_GPIO_WritePin
                0x00000000080024e0       0x30 ./Drivers/STM32L4xx_HAL_Driver/Src/stm32l4xx_hal_gpio.o
                0x00000000080024e0                HAL_GPIO_WritePin
 .text.HAL_GPIO_EXTI_IRQHandler
                0x0000000008002510       0x30 ./Drivers/STM32L4xx_HAL_Driver/Src/stm32l4xx_hal_gpio.o
                0x0000000008002510                HAL_GPIO_EXTI_IRQHandler
 .text.HAL_GPIO_EXTI_Callback
                0x0000000008002540       0x16 ./Drivers/STM32L4xx_HAL_Driver/Src/stm32l4xx_hal_gpio.o
                0x0000000008002540                HAL_GPIO_EXTI_Callback
 .text.HAL_I2C_Init
                0x0000000008002556      0x11e ./Drivers/STM32L4xx_HAL_Driver/Src/stm32l4xx_hal_i2c.o
                0x0000000008002556                HAL_I2C_Init
 .text.HAL_I2C_EV_IRQHandler
                0x0000000008002674       0x34 ./Drivers/STM32L4xx_HAL_Driver/Src/stm32l4xx_hal_i2c.o
                0x0000000008002674                HAL_I2C_EV_IRQHandler
 .text.HAL_I2CEx_ConfigAnalogFilter
                0x00000000080026a8       0x96 ./Drivers/STM32L4xx_HAL_Driver/Src/stm32l4xx_hal_i2c_ex.o
                0x00000000080026a8                HAL_I2CEx_ConfigAnalogFilter
 .text.HAL_I2CEx_ConfigDigitalFilter
                0x000000000800273e       0x98 ./Drivers/STM32L4xx_HAL_Driver/Src/stm32l4xx_hal_i2c_ex.o
                0x000000000800273e                HAL_I2CEx_ConfigDigitalFilter
 *fill*         0x00000000080027d6        0x2 
 .text.HAL_PWREx_GetVoltageRange
                0x00000000080027d8       0x1c ./Drivers/STM32L4xx_HAL_Driver/Src/stm32l4xx_hal_pwr_ex.o
                0x00000000080027d8                HAL_PWREx_GetVoltageRange
 .text.HAL_PWREx_ControlVoltageScaling
                0x00000000080027f4       0xac ./Drivers/STM32L4xx_HAL_Driver/Src/stm32l4xx_hal_pwr_ex.o
                0x00000000080027f4                HAL_PWREx_ControlVoltageScaling
 .text.HAL_PWREx_EnableVddIO2
                0x00000000080028a0       0x20 ./Drivers/STM32L4xx_HAL_Driver/Src/stm32l4xx_hal_pwr_ex.o
                0x00000000080028a0                HAL_PWREx_EnableVddIO2
 .text.HAL_RCC_OscConfig
                0x00000000080028c0      0x84c ./Drivers/STM32L4xx_HAL_Driver/Src/stm32l4xx_hal_rcc.o
                0x00000000080028c0                HAL_RCC_OscConfig
 .text.HAL_RCC_ClockConfig
                0x000000000800310c      0x1c4 ./Drivers/STM32L4xx_HAL_Driver/Src/stm32l4xx_hal_rcc.o
                0x000000000800310c                HAL_RCC_ClockConfig
 .text.HAL_RCC_GetSysClockFreq
                0x00000000080032d0      0x118 ./Drivers/STM32L4xx_HAL_Driver/Src/stm32l4xx_hal_rcc.o
                0x00000000080032d0                HAL_RCC_GetSysClockFreq
 .text.HAL_RCC_GetHCLKFreq
                0x00000000080033e8       0x18 ./Drivers/STM32L4xx_HAL_Driver/Src/stm32l4xx_hal_rcc.o
                0x00000000080033e8                HAL_RCC_GetHCLKFreq
 .text.HAL_RCC_GetPCLK1Freq
                0x0000000008003400       0x2c ./Drivers/STM32L4xx_HAL_Driver/Src/stm32l4xx_hal_rcc.o
                0x0000000008003400                HAL_RCC_GetPCLK1Freq
 .text.HAL_RCC_GetPCLK2Freq
                0x000000000800342c       0x2c ./Drivers/STM32L4xx_HAL_Driver/Src/stm32l4xx_hal_rcc.o
                0x000000000800342c                HAL_RCC_GetPCLK2Freq
 .text.RCC_SetFlashLatencyFromMSIRange
                0x0000000008003458       0xc0 ./Drivers/STM32L4xx_HAL_Driver/Src/stm32l4xx_hal_rcc.o
 .text.HAL_RCCEx_PeriphCLKConfig
                0x0000000008003518      0x5f8 ./Drivers/STM32L4xx_HAL_Driver/Src/stm32l4xx_hal_rcc_ex.o
                0x0000000008003518                HAL_RCCEx_PeriphCLKConfig
 .text.RCCEx_PLLSAI1_Config
                0x0000000008003b10      0x1e4 ./Drivers/STM32L4xx_HAL_Driver/Src/stm32l4xx_hal_rcc_ex.o
 .text.RCCEx_PLLSAI2_Config
                0x0000000008003cf4      0x1b8 ./Drivers/STM32L4xx_HAL_Driver/Src/stm32l4xx_hal_rcc_ex.o
 .text.HAL_TIM_Base_Init
                0x0000000008003eac       0xae ./Drivers/STM32L4xx_HAL_Driver/Src/stm32l4xx_hal_tim.o
                0x0000000008003eac                HAL_TIM_Base_Init
 *fill*         0x0000000008003f5a        0x2 
 .text.HAL_TIM_Base_Start_IT
                0x0000000008003f5c       0xe0 ./Drivers/STM32L4xx_HAL_Driver/Src/stm32l4xx_hal_tim.o
                0x0000000008003f5c                HAL_TIM_Base_Start_IT
 .text.HAL_TIM_PWM_Init
                0x000000000800403c       0xae ./Drivers/STM32L4xx_HAL_Driver/Src/stm32l4xx_hal_tim.o
                0x000000000800403c                HAL_TIM_PWM_Init
 .text.HAL_TIM_PWM_MspInit
                0x00000000080040ea       0x14 ./Drivers/STM32L4xx_HAL_Driver/Src/stm32l4xx_hal_tim.o
                0x00000000080040ea                HAL_TIM_PWM_MspInit
 .text.HAL_TIM_IC_Init
                0x00000000080040fe       0xae ./Drivers/STM32L4xx_HAL_Driver/Src/stm32l4xx_hal_tim.o
                0x00000000080040fe                HAL_TIM_IC_Init
 .text.HAL_TIM_IC_MspInit
                0x00000000080041ac       0x14 ./Drivers/STM32L4xx_HAL_Driver/Src/stm32l4xx_hal_tim.o
                0x00000000080041ac                HAL_TIM_IC_MspInit
 .text.HAL_TIM_IC_Start_IT
                0x00000000080041c0      0x284 ./Drivers/STM32L4xx_HAL_Driver/Src/stm32l4xx_hal_tim.o
                0x00000000080041c0                HAL_TIM_IC_Start_IT
 .text.HAL_TIM_IRQHandler
                0x0000000008004444      0x23e ./Drivers/STM32L4xx_HAL_Driver/Src/stm32l4xx_hal_tim.o
                0x0000000008004444                HAL_TIM_IRQHandler
 .text.HAL_TIM_IC_ConfigChannel
                0x0000000008004682      0x128 ./Drivers/STM32L4xx_HAL_Driver/Src/stm32l4xx_hal_tim.o
                0x0000000008004682                HAL_TIM_IC_ConfigChannel
 *fill*         0x00000000080047aa        0x2 
 .text.HAL_TIM_PWM_ConfigChannel
                0x00000000080047ac      0x220 ./Drivers/STM32L4xx_HAL_Driver/Src/stm32l4xx_hal_tim.o
                0x00000000080047ac                HAL_TIM_PWM_ConfigChannel
 .text.HAL_TIM_ConfigClockSource
                0x00000000080049cc      0x18c ./Drivers/STM32L4xx_HAL_Driver/Src/stm32l4xx_hal_tim.o
                0x00000000080049cc                HAL_TIM_ConfigClockSource
 .text.HAL_TIM_ReadCapturedValue
                0x0000000008004b58       0x88 ./Drivers/STM32L4xx_HAL_Driver/Src/stm32l4xx_hal_tim.o
                0x0000000008004b58                HAL_TIM_ReadCapturedValue
 .text.HAL_TIM_OC_DelayElapsedCallback
                0x0000000008004be0       0x14 ./Drivers/STM32L4xx_HAL_Driver/Src/stm32l4xx_hal_tim.o
                0x0000000008004be0                HAL_TIM_OC_DelayElapsedCallback
 .text.HAL_TIM_PWM_PulseFinishedCallback
                0x0000000008004bf4       0x14 ./Drivers/STM32L4xx_HAL_Driver/Src/stm32l4xx_hal_tim.o
                0x0000000008004bf4                HAL_TIM_PWM_PulseFinishedCallback
 .text.HAL_TIM_TriggerCallback
                0x0000000008004c08       0x14 ./Drivers/STM32L4xx_HAL_Driver/Src/stm32l4xx_hal_tim.o
                0x0000000008004c08                HAL_TIM_TriggerCallback
 .text.TIM_Base_SetConfig
                0x0000000008004c1c      0x134 ./Drivers/STM32L4xx_HAL_Driver/Src/stm32l4xx_hal_tim.o
                0x0000000008004c1c                TIM_Base_SetConfig
 .text.TIM_OC1_SetConfig
                0x0000000008004d50      0x120 ./Drivers/STM32L4xx_HAL_Driver/Src/stm32l4xx_hal_tim.o
 .text.TIM_OC2_SetConfig
                0x0000000008004e70      0x114 ./Drivers/STM32L4xx_HAL_Driver/Src/stm32l4xx_hal_tim.o
                0x0000000008004e70                TIM_OC2_SetConfig
 .text.TIM_OC3_SetConfig
                0x0000000008004f84      0x110 ./Drivers/STM32L4xx_HAL_Driver/Src/stm32l4xx_hal_tim.o
 .text.TIM_OC4_SetConfig
                0x0000000008005094       0xd4 ./Drivers/STM32L4xx_HAL_Driver/Src/stm32l4xx_hal_tim.o
 .text.TIM_OC5_SetConfig
                0x0000000008005168       0xc8 ./Drivers/STM32L4xx_HAL_Driver/Src/stm32l4xx_hal_tim.o
 .text.TIM_OC6_SetConfig
                0x0000000008005230       0xcc ./Drivers/STM32L4xx_HAL_Driver/Src/stm32l4xx_hal_tim.o
 .text.TIM_TI1_SetConfig
                0x00000000080052fc       0xdc ./Drivers/STM32L4xx_HAL_Driver/Src/stm32l4xx_hal_tim.o
                0x00000000080052fc                TIM_TI1_SetConfig
 .text.TIM_TI1_ConfigInputStage
                0x00000000080053d8       0x5e ./Drivers/STM32L4xx_HAL_Driver/Src/stm32l4xx_hal_tim.o
 .text.TIM_TI2_SetConfig
                0x0000000008005436       0x7a ./Drivers/STM32L4xx_HAL_Driver/Src/stm32l4xx_hal_tim.o
 .text.TIM_TI2_ConfigInputStage
                0x00000000080054b0       0x60 ./Drivers/STM32L4xx_HAL_Driver/Src/stm32l4xx_hal_tim.o
 .text.TIM_TI3_SetConfig
                0x0000000008005510       0x78 ./Drivers/STM32L4xx_HAL_Driver/Src/stm32l4xx_hal_tim.o
 .text.TIM_TI4_SetConfig
                0x0000000008005588       0x7a ./Drivers/STM32L4xx_HAL_Driver/Src/stm32l4xx_hal_tim.o
 .text.TIM_ITRx_SetConfig
                0x0000000008005602       0x36 ./Drivers/STM32L4xx_HAL_Driver/Src/stm32l4xx_hal_tim.o
 .text.TIM_ETR_SetConfig
                0x0000000008005638       0x40 ./Drivers/STM32L4xx_HAL_Driver/Src/stm32l4xx_hal_tim.o
                0x0000000008005638                TIM_ETR_SetConfig
 .text.TIM_CCxChannelCmd
                0x0000000008005678       0x4a ./Drivers/STM32L4xx_HAL_Driver/Src/stm32l4xx_hal_tim.o
                0x0000000008005678                TIM_CCxChannelCmd
 *fill*         0x00000000080056c2        0x2 
 .text.HAL_TIMEx_MasterConfigSynchronization
                0x00000000080056c4      0x110 ./Drivers/STM32L4xx_HAL_Driver/Src/stm32l4xx_hal_tim_ex.o
                0x00000000080056c4                HAL_TIMEx_MasterConfigSynchronization
 .text.HAL_TIMEx_CommutCallback
                0x00000000080057d4       0x14 ./Drivers/STM32L4xx_HAL_Driver/Src/stm32l4xx_hal_tim_ex.o
                0x00000000080057d4                HAL_TIMEx_CommutCallback
 .text.HAL_TIMEx_BreakCallback
                0x00000000080057e8       0x14 ./Drivers/STM32L4xx_HAL_Driver/Src/stm32l4xx_hal_tim_ex.o
                0x00000000080057e8                HAL_TIMEx_BreakCallback
 .text.HAL_TIMEx_Break2Callback
                0x00000000080057fc       0x14 ./Drivers/STM32L4xx_HAL_Driver/Src/stm32l4xx_hal_tim_ex.o
                0x00000000080057fc                HAL_TIMEx_Break2Callback
 .text.HAL_UART_Init
                0x0000000008005810       0x9c ./Drivers/STM32L4xx_HAL_Driver/Src/stm32l4xx_hal_uart.o
                0x0000000008005810                HAL_UART_Init
 .text.HAL_UART_IRQHandler
                0x00000000080058ac      0x404 ./Drivers/STM32L4xx_HAL_Driver/Src/stm32l4xx_hal_uart.o
                0x00000000080058ac                HAL_UART_IRQHandler
 .text.HAL_UART_TxCpltCallback
                0x0000000008005cb0       0x14 ./Drivers/STM32L4xx_HAL_Driver/Src/stm32l4xx_hal_uart.o
                0x0000000008005cb0                HAL_UART_TxCpltCallback
 .text.HAL_UART_ErrorCallback
                0x0000000008005cc4       0x14 ./Drivers/STM32L4xx_HAL_Driver/Src/stm32l4xx_hal_uart.o
                0x0000000008005cc4                HAL_UART_ErrorCallback
 .text.HAL_UARTEx_RxEventCallback
                0x0000000008005cd8       0x18 ./Drivers/STM32L4xx_HAL_Driver/Src/stm32l4xx_hal_uart.o
                0x0000000008005cd8                HAL_UARTEx_RxEventCallback
 .text.UART_SetConfig
                0x0000000008005cf0      0x514 ./Drivers/STM32L4xx_HAL_Driver/Src/stm32l4xx_hal_uart.o
                0x0000000008005cf0                UART_SetConfig
 .text.UART_AdvFeatureConfig
                0x0000000008006204      0x144 ./Drivers/STM32L4xx_HAL_Driver/Src/stm32l4xx_hal_uart.o
                0x0000000008006204                UART_AdvFeatureConfig
 .text.UART_CheckIdleState
                0x0000000008006348       0x92 ./Drivers/STM32L4xx_HAL_Driver/Src/stm32l4xx_hal_uart.o
                0x0000000008006348                UART_CheckIdleState
 .text.UART_WaitOnFlagUntilTimeout
                0x00000000080063da       0xf8 ./Drivers/STM32L4xx_HAL_Driver/Src/stm32l4xx_hal_uart.o
                0x00000000080063da                UART_WaitOnFlagUntilTimeout
 .text.UART_EndRxTransfer
                0x00000000080064d2       0x5e ./Drivers/STM32L4xx_HAL_Driver/Src/stm32l4xx_hal_uart.o
 .text.UART_DMAAbortOnError
                0x0000000008006530       0x2c ./Drivers/STM32L4xx_HAL_Driver/Src/stm32l4xx_hal_uart.o
 .text.UART_EndTransmit_IT
                0x000000000800655c       0x32 ./Drivers/STM32L4xx_HAL_Driver/Src/stm32l4xx_hal_uart.o
 .text.HAL_UARTEx_WakeupCallback
                0x000000000800658e       0x14 ./Drivers/STM32L4xx_HAL_Driver/Src/stm32l4xx_hal_uart_ex.o
                0x000000000800658e                HAL_UARTEx_WakeupCallback
 *fill*         0x00000000080065a2        0x2 
 .text.__errno  0x00000000080065a4        0xc d:/stm32cubeide_1.8.0/stm32cubeide/plugins/com.st.stm32cube.ide.mcu.externaltools.gnu-tools-for-stm32.9-2020-q2-update.win32_2.0.0.202105311346/tools/bin/../lib/gcc/arm-none-eabi/9.3.1/../../../../arm-none-eabi/lib/thumb/v7e-m+fp/hard\libc_nano.a(lib_a-errno.o)
                0x00000000080065a4                __errno
 .text.__libc_init_array
                0x00000000080065b0       0x48 d:/stm32cubeide_1.8.0/stm32cubeide/plugins/com.st.stm32cube.ide.mcu.externaltools.gnu-tools-for-stm32.9-2020-q2-update.win32_2.0.0.202105311346/tools/bin/../lib/gcc/arm-none-eabi/9.3.1/../../../../arm-none-eabi/lib/thumb/v7e-m+fp/hard\libc_nano.a(lib_a-init.o)
                0x00000000080065b0                __libc_init_array
 .text.memset   0x00000000080065f8       0x10 d:/stm32cubeide_1.8.0/stm32cubeide/plugins/com.st.stm32cube.ide.mcu.externaltools.gnu-tools-for-stm32.9-2020-q2-update.win32_2.0.0.202105311346/tools/bin/../lib/gcc/arm-none-eabi/9.3.1/../../../../arm-none-eabi/lib/thumb/v7e-m+fp/hard\libc_nano.a(lib_a-memset.o)
                0x00000000080065f8                memset
 .text.sprintf  0x0000000008006608       0x40 d:/stm32cubeide_1.8.0/stm32cubeide/plugins/com.st.stm32cube.ide.mcu.externaltools.gnu-tools-for-stm32.9-2020-q2-update.win32_2.0.0.202105311346/tools/bin/../lib/gcc/arm-none-eabi/9.3.1/../../../../arm-none-eabi/lib/thumb/v7e-m+fp/hard\libc_nano.a(lib_a-sprintf.o)
                0x0000000008006608                siprintf
                0x0000000008006608                sprintf
 .text.__ssputs_r
                0x0000000008006648       0xb6 d:/stm32cubeide_1.8.0/stm32cubeide/plugins/com.st.stm32cube.ide.mcu.externaltools.gnu-tools-for-stm32.9-2020-q2-update.win32_2.0.0.202105311346/tools/bin/../lib/gcc/arm-none-eabi/9.3.1/../../../../arm-none-eabi/lib/thumb/v7e-m+fp/hard\libc_nano.a(lib_a-nano-svfprintf.o)
                0x0000000008006648                __ssputs_r
 *fill*         0x00000000080066fe        0x2 
 .text._svfprintf_r
                0x0000000008006700      0x200 d:/stm32cubeide_1.8.0/stm32cubeide/plugins/com.st.stm32cube.ide.mcu.externaltools.gnu-tools-for-stm32.9-2020-q2-update.win32_2.0.0.202105311346/tools/bin/../lib/gcc/arm-none-eabi/9.3.1/../../../../arm-none-eabi/lib/thumb/v7e-m+fp/hard\libc_nano.a(lib_a-nano-svfprintf.o)
                0x0000000008006700                _svfiprintf_r
                0x0000000008006700                _svfprintf_r
 .text._printf_common
                0x0000000008006900       0xda d:/stm32cubeide_1.8.0/stm32cubeide/plugins/com.st.stm32cube.ide.mcu.externaltools.gnu-tools-for-stm32.9-2020-q2-update.win32_2.0.0.202105311346/tools/bin/../lib/gcc/arm-none-eabi/9.3.1/../../../../arm-none-eabi/lib/thumb/v7e-m+fp/hard\libc_nano.a(lib_a-nano-vfprintf_i.o)
                0x0000000008006900                _printf_common
 *fill*         0x00000000080069da        0x2 
 .text._printf_i
                0x00000000080069dc      0x24c d:/stm32cubeide_1.8.0/stm32cubeide/plugins/com.st.stm32cube.ide.mcu.externaltools.gnu-tools-for-stm32.9-2020-q2-update.win32_2.0.0.202105311346/tools/bin/../lib/gcc/arm-none-eabi/9.3.1/../../../../arm-none-eabi/lib/thumb/v7e-m+fp/hard\libc_nano.a(lib_a-nano-vfprintf_i.o)
                0x00000000080069dc                _printf_i
 .text.memcpy   0x0000000008006c28       0x1c d:/stm32cubeide_1.8.0/stm32cubeide/plugins/com.st.stm32cube.ide.mcu.externaltools.gnu-tools-for-stm32.9-2020-q2-update.win32_2.0.0.202105311346/tools/bin/../lib/gcc/arm-none-eabi/9.3.1/../../../../arm-none-eabi/lib/thumb/v7e-m+fp/hard\libc_nano.a(lib_a-memcpy-stub.o)
                0x0000000008006c28                memcpy
 .text.memmove  0x0000000008006c44       0x34 d:/stm32cubeide_1.8.0/stm32cubeide/plugins/com.st.stm32cube.ide.mcu.externaltools.gnu-tools-for-stm32.9-2020-q2-update.win32_2.0.0.202105311346/tools/bin/../lib/gcc/arm-none-eabi/9.3.1/../../../../arm-none-eabi/lib/thumb/v7e-m+fp/hard\libc_nano.a(lib_a-memmove.o)
                0x0000000008006c44                memmove
 .text._free_r  0x0000000008006c78       0xa0 d:/stm32cubeide_1.8.0/stm32cubeide/plugins/com.st.stm32cube.ide.mcu.externaltools.gnu-tools-for-stm32.9-2020-q2-update.win32_2.0.0.202105311346/tools/bin/../lib/gcc/arm-none-eabi/9.3.1/../../../../arm-none-eabi/lib/thumb/v7e-m+fp/hard\libc_nano.a(lib_a-nano-freer.o)
                0x0000000008006c78                _free_r
 .text._malloc_r
                0x0000000008006d18       0xb4 d:/stm32cubeide_1.8.0/stm32cubeide/plugins/com.st.stm32cube.ide.mcu.externaltools.gnu-tools-for-stm32.9-2020-q2-update.win32_2.0.0.202105311346/tools/bin/../lib/gcc/arm-none-eabi/9.3.1/../../../../arm-none-eabi/lib/thumb/v7e-m+fp/hard\libc_nano.a(lib_a-nano-mallocr.o)
                0x0000000008006d18                _malloc_r
 .text._realloc_r
                0x0000000008006dcc       0x4c d:/stm32cubeide_1.8.0/stm32cubeide/plugins/com.st.stm32cube.ide.mcu.externaltools.gnu-tools-for-stm32.9-2020-q2-update.win32_2.0.0.202105311346/tools/bin/../lib/gcc/arm-none-eabi/9.3.1/../../../../arm-none-eabi/lib/thumb/v7e-m+fp/hard\libc_nano.a(lib_a-nano-reallocr.o)
                0x0000000008006dcc                _realloc_r
 .text._sbrk_r  0x0000000008006e18       0x20 d:/stm32cubeide_1.8.0/stm32cubeide/plugins/com.st.stm32cube.ide.mcu.externaltools.gnu-tools-for-stm32.9-2020-q2-update.win32_2.0.0.202105311346/tools/bin/../lib/gcc/arm-none-eabi/9.3.1/../../../../arm-none-eabi/lib/thumb/v7e-m+fp/hard\libc_nano.a(lib_a-sbrkr.o)
                0x0000000008006e18                _sbrk_r
 .text.__malloc_lock
                0x0000000008006e38        0xc d:/stm32cubeide_1.8.0/stm32cubeide/plugins/com.st.stm32cube.ide.mcu.externaltools.gnu-tools-for-stm32.9-2020-q2-update.win32_2.0.0.202105311346/tools/bin/../lib/gcc/arm-none-eabi/9.3.1/../../../../arm-none-eabi/lib/thumb/v7e-m+fp/hard\libc_nano.a(lib_a-mlock.o)
                0x0000000008006e38                __malloc_lock
 .text.__malloc_unlock
                0x0000000008006e44        0xc d:/stm32cubeide_1.8.0/stm32cubeide/plugins/com.st.stm32cube.ide.mcu.externaltools.gnu-tools-for-stm32.9-2020-q2-update.win32_2.0.0.202105311346/tools/bin/../lib/gcc/arm-none-eabi/9.3.1/../../../../arm-none-eabi/lib/thumb/v7e-m+fp/hard\libc_nano.a(lib_a-mlock.o)
                0x0000000008006e44                __malloc_unlock
 .text._malloc_usable_size_r
                0x0000000008006e50       0x10 d:/stm32cubeide_1.8.0/stm32cubeide/plugins/com.st.stm32cube.ide.mcu.externaltools.gnu-tools-for-stm32.9-2020-q2-update.win32_2.0.0.202105311346/tools/bin/../lib/gcc/arm-none-eabi/9.3.1/../../../../arm-none-eabi/lib/thumb/v7e-m+fp/hard\libc_nano.a(lib_a-nano-msizer.o)
                0x0000000008006e50                _malloc_usable_size_r
 .text.__retarget_lock_acquire_recursive
                0x0000000008006e60        0x2 d:/stm32cubeide_1.8.0/stm32cubeide/plugins/com.st.stm32cube.ide.mcu.externaltools.gnu-tools-for-stm32.9-2020-q2-update.win32_2.0.0.202105311346/tools/bin/../lib/gcc/arm-none-eabi/9.3.1/../../../../arm-none-eabi/lib/thumb/v7e-m+fp/hard\libc_nano.a(lib_a-lock.o)
                0x0000000008006e60                __retarget_lock_acquire_recursive
 .text.__retarget_lock_release_recursive
                0x0000000008006e62        0x2 d:/stm32cubeide_1.8.0/stm32cubeide/plugins/com.st.stm32cube.ide.mcu.externaltools.gnu-tools-for-stm32.9-2020-q2-update.win32_2.0.0.202105311346/tools/bin/../lib/gcc/arm-none-eabi/9.3.1/../../../../arm-none-eabi/lib/thumb/v7e-m+fp/hard\libc_nano.a(lib_a-lock.o)
                0x0000000008006e62                __retarget_lock_release_recursive
 *(.glue_7)
 .glue_7        0x0000000008006e64        0x0 linker stubs
 *(.glue_7t)
 .glue_7t       0x0000000008006e64        0x0 linker stubs
 *(.eh_frame)
 .eh_frame      0x0000000008006e64        0x0 d:/stm32cubeide_1.8.0/stm32cubeide/plugins/com.st.stm32cube.ide.mcu.externaltools.gnu-tools-for-stm32.9-2020-q2-update.win32_2.0.0.202105311346/tools/bin/../lib/gcc/arm-none-eabi/9.3.1/thumb/v7e-m+fp/hard/crtbegin.o
 *(.init)
 .init          0x0000000008006e64        0x4 d:/stm32cubeide_1.8.0/stm32cubeide/plugins/com.st.stm32cube.ide.mcu.externaltools.gnu-tools-for-stm32.9-2020-q2-update.win32_2.0.0.202105311346/tools/bin/../lib/gcc/arm-none-eabi/9.3.1/thumb/v7e-m+fp/hard/crti.o
                0x0000000008006e64                _init
 .init          0x0000000008006e68        0x8 d:/stm32cubeide_1.8.0/stm32cubeide/plugins/com.st.stm32cube.ide.mcu.externaltools.gnu-tools-for-stm32.9-2020-q2-update.win32_2.0.0.202105311346/tools/bin/../lib/gcc/arm-none-eabi/9.3.1/thumb/v7e-m+fp/hard/crtn.o
 *(.fini)
 .fini          0x0000000008006e70        0x4 d:/stm32cubeide_1.8.0/stm32cubeide/plugins/com.st.stm32cube.ide.mcu.externaltools.gnu-tools-for-stm32.9-2020-q2-update.win32_2.0.0.202105311346/tools/bin/../lib/gcc/arm-none-eabi/9.3.1/thumb/v7e-m+fp/hard/crti.o
                0x0000000008006e70                _fini
 .fini          0x0000000008006e74        0x8 d:/stm32cubeide_1.8.0/stm32cubeide/plugins/com.st.stm32cube.ide.mcu.externaltools.gnu-tools-for-stm32.9-2020-q2-update.win32_2.0.0.202105311346/tools/bin/../lib/gcc/arm-none-eabi/9.3.1/thumb/v7e-m+fp/hard/crtn.o
                0x0000000008006e7c                . = ALIGN (0x4)
                0x0000000008006e7c                _etext = .

.vfp11_veneer   0x0000000008006e7c        0x0
 .vfp11_veneer  0x0000000008006e7c        0x0 linker stubs

.v4_bx          0x0000000008006e7c        0x0
 .v4_bx         0x0000000008006e7c        0x0 linker stubs

.iplt           0x0000000008006e7c        0x0
 .iplt          0x0000000008006e7c        0x0 d:/stm32cubeide_1.8.0/stm32cubeide/plugins/com.st.stm32cube.ide.mcu.externaltools.gnu-tools-for-stm32.9-2020-q2-update.win32_2.0.0.202105311346/tools/bin/../lib/gcc/arm-none-eabi/9.3.1/thumb/v7e-m+fp/hard/crtbegin.o

.rodata         0x0000000008006e7c       0xa8
                0x0000000008006e7c                . = ALIGN (0x4)
 *(.rodata)
 .rodata        0x0000000008006e7c       0x24 ./Core/Src/main.o
 *(.rodata*)
 .rodata.SEG_Module
                0x0000000008006ea0        0x8 ./Core/Src/display.o
                0x0000000008006ea0                SEG_Module
 .rodata.AHBPrescTable
                0x0000000008006ea8       0x10 ./Core/Src/system_stm32l4xx.o
                0x0000000008006ea8                AHBPrescTable
 .rodata.APBPrescTable
                0x0000000008006eb8        0x8 ./Core/Src/system_stm32l4xx.o
                0x0000000008006eb8                APBPrescTable
 .rodata.MSIRangeTable
                0x0000000008006ec0       0x30 ./Core/Src/system_stm32l4xx.o
                0x0000000008006ec0                MSIRangeTable
 .rodata._svfprintf_r.str1.1
                0x0000000008006ef0       0x11 d:/stm32cubeide_1.8.0/stm32cubeide/plugins/com.st.stm32cube.ide.mcu.externaltools.gnu-tools-for-stm32.9-2020-q2-update.win32_2.0.0.202105311346/tools/bin/../lib/gcc/arm-none-eabi/9.3.1/../../../../arm-none-eabi/lib/thumb/v7e-m+fp/hard\libc_nano.a(lib_a-nano-svfprintf.o)
 .rodata._printf_i.str1.1
                0x0000000008006f01       0x22 d:/stm32cubeide_1.8.0/stm32cubeide/plugins/com.st.stm32cube.ide.mcu.externaltools.gnu-tools-for-stm32.9-2020-q2-update.win32_2.0.0.202105311346/tools/bin/../lib/gcc/arm-none-eabi/9.3.1/../../../../arm-none-eabi/lib/thumb/v7e-m+fp/hard\libc_nano.a(lib_a-nano-vfprintf_i.o)
                0x0000000008006f24                . = ALIGN (0x4)
 *fill*         0x0000000008006f23        0x1 

.ARM.extab      0x0000000008006f24        0x0
                0x0000000008006f24                . = ALIGN (0x4)
 *(.ARM.extab* .gnu.linkonce.armextab.*)
                0x0000000008006f24                . = ALIGN (0x4)

.ARM            0x0000000008006f24        0x8
                0x0000000008006f24                . = ALIGN (0x4)
                0x0000000008006f24                __exidx_start = .
 *(.ARM.exidx*)
 .ARM.exidx     0x0000000008006f24        0x8 d:/stm32cubeide_1.8.0/stm32cubeide/plugins/com.st.stm32cube.ide.mcu.externaltools.gnu-tools-for-stm32.9-2020-q2-update.win32_2.0.0.202105311346/tools/bin/../lib/gcc/arm-none-eabi/9.3.1/thumb/v7e-m+fp/hard\libgcc.a(_udivmoddi4.o)
                0x0000000008006f2c                __exidx_end = .
                0x0000000008006f2c                . = ALIGN (0x4)

.rel.dyn        0x0000000008006f2c        0x0
 .rel.iplt      0x0000000008006f2c        0x0 d:/stm32cubeide_1.8.0/stm32cubeide/plugins/com.st.stm32cube.ide.mcu.externaltools.gnu-tools-for-stm32.9-2020-q2-update.win32_2.0.0.202105311346/tools/bin/../lib/gcc/arm-none-eabi/9.3.1/thumb/v7e-m+fp/hard/crtbegin.o

.preinit_array  0x0000000008006f2c        0x0
                0x0000000008006f2c                . = ALIGN (0x4)
                0x0000000008006f2c                PROVIDE (__preinit_array_start = .)
 *(.preinit_array*)
                0x0000000008006f2c                PROVIDE (__preinit_array_end = .)
                0x0000000008006f2c                . = ALIGN (0x4)

.init_array     0x0000000008006f2c        0x4
                0x0000000008006f2c                . = ALIGN (0x4)
                0x0000000008006f2c                PROVIDE (__init_array_start = .)
 *(SORT_BY_NAME(.init_array.*))
 *(.init_array*)
 .init_array    0x0000000008006f2c        0x4 d:/stm32cubeide_1.8.0/stm32cubeide/plugins/com.st.stm32cube.ide.mcu.externaltools.gnu-tools-for-stm32.9-2020-q2-update.win32_2.0.0.202105311346/tools/bin/../lib/gcc/arm-none-eabi/9.3.1/thumb/v7e-m+fp/hard/crtbegin.o
                0x0000000008006f30                PROVIDE (__init_array_end = .)
                0x0000000008006f30                . = ALIGN (0x4)

.fini_array     0x0000000008006f30        0x4
                0x0000000008006f30                . = ALIGN (0x4)
                [!provide]                        PROVIDE (__fini_array_start = .)
 *(SORT_BY_NAME(.fini_array.*))
 *(.fini_array*)
 .fini_array    0x0000000008006f30        0x4 d:/stm32cubeide_1.8.0/stm32cubeide/plugins/com.st.stm32cube.ide.mcu.externaltools.gnu-tools-for-stm32.9-2020-q2-update.win32_2.0.0.202105311346/tools/bin/../lib/gcc/arm-none-eabi/9.3.1/thumb/v7e-m+fp/hard/crtbegin.o
                [!provide]                        PROVIDE (__fini_array_end = .)
                0x0000000008006f34                . = ALIGN (0x4)
                0x0000000008006f34                _sidata = LOADADDR (.data)

.data           0x0000000020000000       0xe4 load address 0x0000000008006f34
                0x0000000020000000                . = ALIGN (0x4)
                0x0000000020000000                _sdata = .
 *(.data)
 *(.data*)
 .data.SWs      0x0000000020000000       0x28 ./Core/Src/gpio.o
                0x0000000020000000                SWs
 .data.SwStateLast
                0x0000000020000028        0x1 ./Core/Src/gpio.o
 *fill*         0x0000000020000029        0x3 
 .data.tick.9046
                0x000000002000002c        0x4 ./Core/Src/gpio.o
 .data.SwStateNew.9047
                0x0000000020000030        0x1 ./Core/Src/gpio.o
 *fill*         0x0000000020000031        0x3 
 .data.LCD_IO   0x0000000020000034       0x40 ./Core/Src/lcd.o
                0x0000000020000034                LCD_IO
 .data.SystemCoreClock
                0x0000000020000074        0x4 ./Core/Src/system_stm32l4xx.o
                0x0000000020000074                SystemCoreClock
 .data.uwTickPrio
                0x0000000020000078        0x4 ./Drivers/STM32L4xx_HAL_Driver/Src/stm32l4xx_hal.o
                0x0000000020000078                uwTickPrio
 .data.uwTickFreq
                0x000000002000007c        0x1 ./Drivers/STM32L4xx_HAL_Driver/Src/stm32l4xx_hal.o
                0x000000002000007c                uwTickFreq
 *fill*         0x000000002000007d        0x3 
 .data._impure_ptr
                0x0000000020000080        0x4 d:/stm32cubeide_1.8.0/stm32cubeide/plugins/com.st.stm32cube.ide.mcu.externaltools.gnu-tools-for-stm32.9-2020-q2-update.win32_2.0.0.202105311346/tools/bin/../lib/gcc/arm-none-eabi/9.3.1/../../../../arm-none-eabi/lib/thumb/v7e-m+fp/hard\libc_nano.a(lib_a-impure.o)
                0x0000000020000080                _impure_ptr
 .data.impure_data
                0x0000000020000084       0x60 d:/stm32cubeide_1.8.0/stm32cubeide/plugins/com.st.stm32cube.ide.mcu.externaltools.gnu-tools-for-stm32.9-2020-q2-update.win32_2.0.0.202105311346/tools/bin/../lib/gcc/arm-none-eabi/9.3.1/../../../../arm-none-eabi/lib/thumb/v7e-m+fp/hard\libc_nano.a(lib_a-impure.o)
 *(.RamFunc)
 *(.RamFunc*)
                0x00000000200000e4                . = ALIGN (0x4)
                0x00000000200000e4                _edata = .

.igot.plt       0x00000000200000e4        0x0 load address 0x0000000008007018
 .igot.plt      0x00000000200000e4        0x0 d:/stm32cubeide_1.8.0/stm32cubeide/plugins/com.st.stm32cube.ide.mcu.externaltools.gnu-tools-for-stm32.9-2020-q2-update.win32_2.0.0.202105311346/tools/bin/../lib/gcc/arm-none-eabi/9.3.1/thumb/v7e-m+fp/hard/crtbegin.o
                0x00000000200000e4                . = ALIGN (0x4)

.bss            0x00000000200000e4      0x2f0 load address 0x0000000008007018
                0x00000000200000e4                _sbss = .
                0x00000000200000e4                __bss_start__ = _sbss
 *(.bss)
 .bss           0x00000000200000e4       0x1c d:/stm32cubeide_1.8.0/stm32cubeide/plugins/com.st.stm32cube.ide.mcu.externaltools.gnu-tools-for-stm32.9-2020-q2-update.win32_2.0.0.202105311346/tools/bin/../lib/gcc/arm-none-eabi/9.3.1/thumb/v7e-m+fp/hard/crtbegin.o
 *(.bss*)
 .bss.SEG_Value
                0x0000000020000100        0x8 ./Core/Src/display.o
                0x0000000020000100                SEG_Value
 .bss.SEG_Delay.8972
                0x0000000020000108        0x2 ./Core/Src/display.o
 *fill*         0x000000002000010a        0x2 
 .bss.module.8973
                0x000000002000010c        0x4 ./Core/Src/display.o
 .bss.SwChange  0x0000000020000110        0x1 ./Core/Src/gpio.o
 .bss.SwHorizontal
                0x0000000020000111        0x1 ./Core/Src/gpio.o
 .bss.SwVertical
                0x0000000020000112        0x1 ./Core/Src/gpio.o
 *fill*         0x0000000020000113        0x1 
 .bss.second    0x0000000020000114        0x2 ./Core/Src/main.o
                0x0000000020000114                second
 .bss.update    0x0000000020000116        0x1 ./Core/Src/main.o
                0x0000000020000116                update
 *fill*         0x0000000020000117        0x1 
 .bss.__sbrk_heap_end
                0x0000000020000118        0x4 ./Core/Src/sysmem.o
 .bss.__malloc_free_list
                0x000000002000011c        0x4 d:/stm32cubeide_1.8.0/stm32cubeide/plugins/com.st.stm32cube.ide.mcu.externaltools.gnu-tools-for-stm32.9-2020-q2-update.win32_2.0.0.202105311346/tools/bin/../lib/gcc/arm-none-eabi/9.3.1/../../../../arm-none-eabi/lib/thumb/v7e-m+fp/hard\libc_nano.a(lib_a-nano-mallocr.o)
                0x000000002000011c                __malloc_free_list
 .bss.__malloc_sbrk_start
                0x0000000020000120        0x4 d:/stm32cubeide_1.8.0/stm32cubeide/plugins/com.st.stm32cube.ide.mcu.externaltools.gnu-tools-for-stm32.9-2020-q2-update.win32_2.0.0.202105311346/tools/bin/../lib/gcc/arm-none-eabi/9.3.1/../../../../arm-none-eabi/lib/thumb/v7e-m+fp/hard\libc_nano.a(lib_a-nano-mallocr.o)
                0x0000000020000120                __malloc_sbrk_start
 *(COMMON)
 COMMON         0x0000000020000124       0xe0 ./Core/Src/i2c.o
                0x0000000020000124                hi2c3
                0x0000000020000170                hdma_i2c3_rx
                0x00000000200001b8                hi2c1
 COMMON         0x0000000020000204        0xe ./Core/Src/main.o
                0x0000000020000204                timeStamp
                0x000000002000020c                timeBefore
 *fill*         0x0000000020000212        0x2 
 COMMON         0x0000000020000214       0x98 ./Core/Src/tim.o
                0x0000000020000214                htim4
                0x0000000020000260                htim16
 COMMON         0x00000000200002ac      0x114 ./Core/Src/usart.o
                0x00000000200002ac                hlpuart1
                0x0000000020000330                hdma_lpuart_tx
                0x0000000020000378                hdma_lpuart_rx
 COMMON         0x00000000200003c0        0x4 ./Drivers/STM32L4xx_HAL_Driver/Src/stm32l4xx_hal.o
                0x00000000200003c0                uwTick
 COMMON         0x00000000200003c4        0x4 d:/stm32cubeide_1.8.0/stm32cubeide/plugins/com.st.stm32cube.ide.mcu.externaltools.gnu-tools-for-stm32.9-2020-q2-update.win32_2.0.0.202105311346/tools/bin/../lib/gcc/arm-none-eabi/9.3.1/../../../../arm-none-eabi/lib/thumb/v7e-m+fp/hard\libc_nano.a(lib_a-reent.o)
                0x00000000200003c4                errno
 COMMON         0x00000000200003c8        0x9 d:/stm32cubeide_1.8.0/stm32cubeide/plugins/com.st.stm32cube.ide.mcu.externaltools.gnu-tools-for-stm32.9-2020-q2-update.win32_2.0.0.202105311346/tools/bin/../lib/gcc/arm-none-eabi/9.3.1/../../../../arm-none-eabi/lib/thumb/v7e-m+fp/hard\libc_nano.a(lib_a-lock.o)
                0x00000000200003c8                __lock___atexit_recursive_mutex
                0x00000000200003c9                __lock___arc4random_mutex
                0x00000000200003ca                __lock___env_recursive_mutex
                0x00000000200003cb                __lock___sinit_recursive_mutex
                0x00000000200003cc                __lock___malloc_recursive_mutex
                0x00000000200003cd                __lock___at_quick_exit_mutex
                0x00000000200003ce                __lock___dd_hash_mutex
                0x00000000200003cf                __lock___tz_mutex
                0x00000000200003d0                __lock___sfp_recursive_mutex
                0x00000000200003d4                . = ALIGN (0x4)
 *fill*         0x00000000200003d1        0x3 
                0x00000000200003d4                _ebss = .
                0x00000000200003d4                __bss_end__ = _ebss

._user_heap_stack
                0x00000000200003d4      0x604 load address 0x0000000008007018
                0x00000000200003d8                . = ALIGN (0x8)
 *fill*         0x00000000200003d4        0x4 
                [!provide]                        PROVIDE (end = .)
                0x00000000200003d8                PROVIDE (_end = .)
                0x00000000200005d8                . = (. + _Min_Heap_Size)
 *fill*         0x00000000200003d8      0x200 
                0x00000000200009d8                . = (. + _Min_Stack_Size)
 *fill*         0x00000000200005d8      0x400 
                0x00000000200009d8                . = ALIGN (0x8)

/DISCARD/
 libc.a(*)
 libm.a(*)
 libgcc.a(*)

.ARM.attributes
                0x0000000000000000       0x30
 *(.ARM.attributes)
 .ARM.attributes
                0x0000000000000000       0x1e d:/stm32cubeide_1.8.0/stm32cubeide/plugins/com.st.stm32cube.ide.mcu.externaltools.gnu-tools-for-stm32.9-2020-q2-update.win32_2.0.0.202105311346/tools/bin/../lib/gcc/arm-none-eabi/9.3.1/thumb/v7e-m+fp/hard/crti.o
 .ARM.attributes
                0x000000000000001e       0x34 d:/stm32cubeide_1.8.0/stm32cubeide/plugins/com.st.stm32cube.ide.mcu.externaltools.gnu-tools-for-stm32.9-2020-q2-update.win32_2.0.0.202105311346/tools/bin/../lib/gcc/arm-none-eabi/9.3.1/thumb/v7e-m+fp/hard/crtbegin.o
 .ARM.attributes
                0x0000000000000052       0x34 ./Core/Src/display.o
 .ARM.attributes
                0x0000000000000086       0x34 ./Core/Src/dma.o
 .ARM.attributes
                0x00000000000000ba       0x34 ./Core/Src/gpio.o
 .ARM.attributes
                0x00000000000000ee       0x34 ./Core/Src/i2c.o
 .ARM.attributes
                0x0000000000000122       0x34 ./Core/Src/lcd.o
 .ARM.attributes
                0x0000000000000156       0x34 ./Core/Src/main.o
 .ARM.attributes
                0x000000000000018a       0x34 ./Core/Src/stm32l4xx_hal_msp.o
 .ARM.attributes
                0x00000000000001be       0x34 ./Core/Src/stm32l4xx_it.o
 .ARM.attributes
                0x00000000000001f2       0x34 ./Core/Src/sysmem.o
 .ARM.attributes
                0x0000000000000226       0x34 ./Core/Src/system_stm32l4xx.o
 .ARM.attributes
                0x000000000000025a       0x34 ./Core/Src/tim.o
 .ARM.attributes
                0x000000000000028e       0x34 ./Core/Src/usart.o
 .ARM.attributes
                0x00000000000002c2       0x21 ./Core/Startup/startup_stm32l496zgtx.o
 .ARM.attributes
                0x00000000000002e3       0x34 ./Drivers/STM32L4xx_HAL_Driver/Src/stm32l4xx_hal.o
 .ARM.attributes
                0x0000000000000317       0x34 ./Drivers/STM32L4xx_HAL_Driver/Src/stm32l4xx_hal_cortex.o
 .ARM.attributes
                0x000000000000034b       0x34 ./Drivers/STM32L4xx_HAL_Driver/Src/stm32l4xx_hal_dma.o
 .ARM.attributes
                0x000000000000037f       0x34 ./Drivers/STM32L4xx_HAL_Driver/Src/stm32l4xx_hal_gpio.o
 .ARM.attributes
                0x00000000000003b3       0x34 ./Drivers/STM32L4xx_HAL_Driver/Src/stm32l4xx_hal_i2c.o
 .ARM.attributes
                0x00000000000003e7       0x34 ./Drivers/STM32L4xx_HAL_Driver/Src/stm32l4xx_hal_i2c_ex.o
 .ARM.attributes
                0x000000000000041b       0x34 ./Drivers/STM32L4xx_HAL_Driver/Src/stm32l4xx_hal_pwr_ex.o
 .ARM.attributes
                0x000000000000044f       0x34 ./Drivers/STM32L4xx_HAL_Driver/Src/stm32l4xx_hal_rcc.o
 .ARM.attributes
                0x0000000000000483       0x34 ./Drivers/STM32L4xx_HAL_Driver/Src/stm32l4xx_hal_rcc_ex.o
 .ARM.attributes
                0x00000000000004b7       0x34 ./Drivers/STM32L4xx_HAL_Driver/Src/stm32l4xx_hal_tim.o
 .ARM.attributes
                0x00000000000004eb       0x34 ./Drivers/STM32L4xx_HAL_Driver/Src/stm32l4xx_hal_tim_ex.o
 .ARM.attributes
                0x000000000000051f       0x34 ./Drivers/STM32L4xx_HAL_Driver/Src/stm32l4xx_hal_uart.o
 .ARM.attributes
                0x0000000000000553       0x34 ./Drivers/STM32L4xx_HAL_Driver/Src/stm32l4xx_hal_uart_ex.o
 .ARM.attributes
                0x0000000000000587       0x34 d:/stm32cubeide_1.8.0/stm32cubeide/plugins/com.st.stm32cube.ide.mcu.externaltools.gnu-tools-for-stm32.9-2020-q2-update.win32_2.0.0.202105311346/tools/bin/../lib/gcc/arm-none-eabi/9.3.1/../../../../arm-none-eabi/lib/thumb/v7e-m+fp/hard\libc_nano.a(lib_a-errno.o)
 .ARM.attributes
                0x00000000000005bb       0x32 d:/stm32cubeide_1.8.0/stm32cubeide/plugins/com.st.stm32cube.ide.mcu.externaltools.gnu-tools-for-stm32.9-2020-q2-update.win32_2.0.0.202105311346/tools/bin/../lib/gcc/arm-none-eabi/9.3.1/../../../../arm-none-eabi/lib/thumb/v7e-m+fp/hard\libc_nano.a(lib_a-impure.o)
 .ARM.attributes
                0x00000000000005ed       0x34 d:/stm32cubeide_1.8.0/stm32cubeide/plugins/com.st.stm32cube.ide.mcu.externaltools.gnu-tools-for-stm32.9-2020-q2-update.win32_2.0.0.202105311346/tools/bin/../lib/gcc/arm-none-eabi/9.3.1/../../../../arm-none-eabi/lib/thumb/v7e-m+fp/hard\libc_nano.a(lib_a-init.o)
 .ARM.attributes
                0x0000000000000621       0x34 d:/stm32cubeide_1.8.0/stm32cubeide/plugins/com.st.stm32cube.ide.mcu.externaltools.gnu-tools-for-stm32.9-2020-q2-update.win32_2.0.0.202105311346/tools/bin/../lib/gcc/arm-none-eabi/9.3.1/../../../../arm-none-eabi/lib/thumb/v7e-m+fp/hard\libc_nano.a(lib_a-memset.o)
 .ARM.attributes
                0x0000000000000655       0x34 d:/stm32cubeide_1.8.0/stm32cubeide/plugins/com.st.stm32cube.ide.mcu.externaltools.gnu-tools-for-stm32.9-2020-q2-update.win32_2.0.0.202105311346/tools/bin/../lib/gcc/arm-none-eabi/9.3.1/../../../../arm-none-eabi/lib/thumb/v7e-m+fp/hard\libc_nano.a(lib_a-sprintf.o)
 .ARM.attributes
                0x0000000000000689       0x17 d:/stm32cubeide_1.8.0/stm32cubeide/plugins/com.st.stm32cube.ide.mcu.externaltools.gnu-tools-for-stm32.9-2020-q2-update.win32_2.0.0.202105311346/tools/bin/../lib/gcc/arm-none-eabi/9.3.1/../../../../arm-none-eabi/lib/thumb/v7e-m+fp/hard\libc_nano.a(lib_a-strlen.o)
 .ARM.attributes
                0x00000000000006a0       0x34 d:/stm32cubeide_1.8.0/stm32cubeide/plugins/com.st.stm32cube.ide.mcu.externaltools.gnu-tools-for-stm32.9-2020-q2-update.win32_2.0.0.202105311346/tools/bin/../lib/gcc/arm-none-eabi/9.3.1/../../../../arm-none-eabi/lib/thumb/v7e-m+fp/hard\libc_nano.a(lib_a-nano-svfprintf.o)
 .ARM.attributes
                0x00000000000006d4       0x34 d:/stm32cubeide_1.8.0/stm32cubeide/plugins/com.st.stm32cube.ide.mcu.externaltools.gnu-tools-for-stm32.9-2020-q2-update.win32_2.0.0.202105311346/tools/bin/../lib/gcc/arm-none-eabi/9.3.1/../../../../arm-none-eabi/lib/thumb/v7e-m+fp/hard\libc_nano.a(lib_a-nano-vfprintf_i.o)
 .ARM.attributes
                0x0000000000000708       0x1c d:/stm32cubeide_1.8.0/stm32cubeide/plugins/com.st.stm32cube.ide.mcu.externaltools.gnu-tools-for-stm32.9-2020-q2-update.win32_2.0.0.202105311346/tools/bin/../lib/gcc/arm-none-eabi/9.3.1/../../../../arm-none-eabi/lib/thumb/v7e-m+fp/hard\libc_nano.a(lib_a-memchr.o)
 .ARM.attributes
                0x0000000000000724       0x34 d:/stm32cubeide_1.8.0/stm32cubeide/plugins/com.st.stm32cube.ide.mcu.externaltools.gnu-tools-for-stm32.9-2020-q2-update.win32_2.0.0.202105311346/tools/bin/../lib/gcc/arm-none-eabi/9.3.1/../../../../arm-none-eabi/lib/thumb/v7e-m+fp/hard\libc_nano.a(lib_a-memcpy-stub.o)
 .ARM.attributes
                0x0000000000000758       0x34 d:/stm32cubeide_1.8.0/stm32cubeide/plugins/com.st.stm32cube.ide.mcu.externaltools.gnu-tools-for-stm32.9-2020-q2-update.win32_2.0.0.202105311346/tools/bin/../lib/gcc/arm-none-eabi/9.3.1/../../../../arm-none-eabi/lib/thumb/v7e-m+fp/hard\libc_nano.a(lib_a-memmove.o)
 .ARM.attributes
                0x000000000000078c       0x34 d:/stm32cubeide_1.8.0/stm32cubeide/plugins/com.st.stm32cube.ide.mcu.externaltools.gnu-tools-for-stm32.9-2020-q2-update.win32_2.0.0.202105311346/tools/bin/../lib/gcc/arm-none-eabi/9.3.1/../../../../arm-none-eabi/lib/thumb/v7e-m+fp/hard\libc_nano.a(lib_a-nano-freer.o)
 .ARM.attributes
                0x00000000000007c0       0x34 d:/stm32cubeide_1.8.0/stm32cubeide/plugins/com.st.stm32cube.ide.mcu.externaltools.gnu-tools-for-stm32.9-2020-q2-update.win32_2.0.0.202105311346/tools/bin/../lib/gcc/arm-none-eabi/9.3.1/../../../../arm-none-eabi/lib/thumb/v7e-m+fp/hard\libc_nano.a(lib_a-nano-mallocr.o)
 .ARM.attributes
                0x00000000000007f4       0x34 d:/stm32cubeide_1.8.0/stm32cubeide/plugins/com.st.stm32cube.ide.mcu.externaltools.gnu-tools-for-stm32.9-2020-q2-update.win32_2.0.0.202105311346/tools/bin/../lib/gcc/arm-none-eabi/9.3.1/../../../../arm-none-eabi/lib/thumb/v7e-m+fp/hard\libc_nano.a(lib_a-nano-reallocr.o)
 .ARM.attributes
                0x0000000000000828       0x34 d:/stm32cubeide_1.8.0/stm32cubeide/plugins/com.st.stm32cube.ide.mcu.externaltools.gnu-tools-for-stm32.9-2020-q2-update.win32_2.0.0.202105311346/tools/bin/../lib/gcc/arm-none-eabi/9.3.1/../../../../arm-none-eabi/lib/thumb/v7e-m+fp/hard\libc_nano.a(lib_a-sbrkr.o)
 .ARM.attributes
                0x000000000000085c       0x34 d:/stm32cubeide_1.8.0/stm32cubeide/plugins/com.st.stm32cube.ide.mcu.externaltools.gnu-tools-for-stm32.9-2020-q2-update.win32_2.0.0.202105311346/tools/bin/../lib/gcc/arm-none-eabi/9.3.1/../../../../arm-none-eabi/lib/thumb/v7e-m+fp/hard\libc_nano.a(lib_a-mlock.o)
 .ARM.attributes
                0x0000000000000890       0x34 d:/stm32cubeide_1.8.0/stm32cubeide/plugins/com.st.stm32cube.ide.mcu.externaltools.gnu-tools-for-stm32.9-2020-q2-update.win32_2.0.0.202105311346/tools/bin/../lib/gcc/arm-none-eabi/9.3.1/../../../../arm-none-eabi/lib/thumb/v7e-m+fp/hard\libc_nano.a(lib_a-nano-msizer.o)
 .ARM.attributes
                0x00000000000008c4       0x34 d:/stm32cubeide_1.8.0/stm32cubeide/plugins/com.st.stm32cube.ide.mcu.externaltools.gnu-tools-for-stm32.9-2020-q2-update.win32_2.0.0.202105311346/tools/bin/../lib/gcc/arm-none-eabi/9.3.1/../../../../arm-none-eabi/lib/thumb/v7e-m+fp/hard\libc_nano.a(lib_a-reent.o)
 .ARM.attributes
                0x00000000000008f8       0x34 d:/stm32cubeide_1.8.0/stm32cubeide/plugins/com.st.stm32cube.ide.mcu.externaltools.gnu-tools-for-stm32.9-2020-q2-update.win32_2.0.0.202105311346/tools/bin/../lib/gcc/arm-none-eabi/9.3.1/../../../../arm-none-eabi/lib/thumb/v7e-m+fp/hard\libc_nano.a(lib_a-lock.o)
 .ARM.attributes
                0x000000000000092c       0x1e d:/stm32cubeide_1.8.0/stm32cubeide/plugins/com.st.stm32cube.ide.mcu.externaltools.gnu-tools-for-stm32.9-2020-q2-update.win32_2.0.0.202105311346/tools/bin/../lib/gcc/arm-none-eabi/9.3.1/thumb/v7e-m+fp/hard\libgcc.a(_aeabi_uldivmod.o)
 .ARM.attributes
                0x000000000000094a       0x34 d:/stm32cubeide_1.8.0/stm32cubeide/plugins/com.st.stm32cube.ide.mcu.externaltools.gnu-tools-for-stm32.9-2020-q2-update.win32_2.0.0.202105311346/tools/bin/../lib/gcc/arm-none-eabi/9.3.1/thumb/v7e-m+fp/hard\libgcc.a(_udivmoddi4.o)
 .ARM.attributes
                0x000000000000097e       0x1e d:/stm32cubeide_1.8.0/stm32cubeide/plugins/com.st.stm32cube.ide.mcu.externaltools.gnu-tools-for-stm32.9-2020-q2-update.win32_2.0.0.202105311346/tools/bin/../lib/gcc/arm-none-eabi/9.3.1/thumb/v7e-m+fp/hard\libgcc.a(_dvmd_tls.o)
 .ARM.attributes
                0x000000000000099c       0x1e d:/stm32cubeide_1.8.0/stm32cubeide/plugins/com.st.stm32cube.ide.mcu.externaltools.gnu-tools-for-stm32.9-2020-q2-update.win32_2.0.0.202105311346/tools/bin/../lib/gcc/arm-none-eabi/9.3.1/thumb/v7e-m+fp/hard/crtn.o
OUTPUT(BasicTimersAndConverters.elf elf32-littlearm)
LOAD linker stubs
LOAD d:/stm32cubeide_1.8.0/stm32cubeide/plugins/com.st.stm32cube.ide.mcu.externaltools.gnu-tools-for-stm32.9-2020-q2-update.win32_2.0.0.202105311346/tools/bin/../lib/gcc/arm-none-eabi/9.3.1/../../../../arm-none-eabi/lib/thumb/v7e-m+fp/hard\libc.a
LOAD d:/stm32cubeide_1.8.0/stm32cubeide/plugins/com.st.stm32cube.ide.mcu.externaltools.gnu-tools-for-stm32.9-2020-q2-update.win32_2.0.0.202105311346/tools/bin/../lib/gcc/arm-none-eabi/9.3.1/../../../../arm-none-eabi/lib/thumb/v7e-m+fp/hard\libm.a
LOAD d:/stm32cubeide_1.8.0/stm32cubeide/plugins/com.st.stm32cube.ide.mcu.externaltools.gnu-tools-for-stm32.9-2020-q2-update.win32_2.0.0.202105311346/tools/bin/../lib/gcc/arm-none-eabi/9.3.1/thumb/v7e-m+fp/hard\libgcc.a

.debug_info     0x0000000000000000    0x19b1c
 .debug_info    0x0000000000000000      0x513 ./Core/Src/display.o
 .debug_info    0x0000000000000513      0x7c2 ./Core/Src/dma.o
 .debug_info    0x0000000000000cd5      0xce3 ./Core/Src/gpio.o
 .debug_info    0x00000000000019b8     0x1141 ./Core/Src/i2c.o
 .debug_info    0x0000000000002af9     0x1014 ./Core/Src/lcd.o
 .debug_info    0x0000000000003b0d     0x1bc2 ./Core/Src/main.o
 .debug_info    0x00000000000056cf      0x561 ./Core/Src/stm32l4xx_hal_msp.o
 .debug_info    0x0000000000005c30     0x1039 ./Core/Src/stm32l4xx_it.o
 .debug_info    0x0000000000006c69      0xa25 ./Core/Src/sysmem.o
 .debug_info    0x000000000000768e      0x795 ./Core/Src/system_stm32l4xx.o
 .debug_info    0x0000000000007e23     0x118a ./Core/Src/tim.o
 .debug_info    0x0000000000008fad     0x1160 ./Core/Src/usart.o
 .debug_info    0x000000000000a10d       0x22 ./Core/Startup/startup_stm32l496zgtx.o
 .debug_info    0x000000000000a12f      0xd19 ./Drivers/STM32L4xx_HAL_Driver/Src/stm32l4xx_hal.o
 .debug_info    0x000000000000ae48     0x1064 ./Drivers/STM32L4xx_HAL_Driver/Src/stm32l4xx_hal_cortex.o
 .debug_info    0x000000000000beac      0x973 ./Drivers/STM32L4xx_HAL_Driver/Src/stm32l4xx_hal_dma.o
 .debug_info    0x000000000000c81f      0xa7b ./Drivers/STM32L4xx_HAL_Driver/Src/stm32l4xx_hal_gpio.o
 .debug_info    0x000000000000d29a     0x22fd ./Drivers/STM32L4xx_HAL_Driver/Src/stm32l4xx_hal_i2c.o
 .debug_info    0x000000000000f597      0xc53 ./Drivers/STM32L4xx_HAL_Driver/Src/stm32l4xx_hal_i2c_ex.o
 .debug_info    0x00000000000101ea      0xbf6 ./Drivers/STM32L4xx_HAL_Driver/Src/stm32l4xx_hal_pwr_ex.o
 .debug_info    0x0000000000010de0      0xe35 ./Drivers/STM32L4xx_HAL_Driver/Src/stm32l4xx_hal_rcc.o
 .debug_info    0x0000000000011c15     0x12f5 ./Drivers/STM32L4xx_HAL_Driver/Src/stm32l4xx_hal_rcc_ex.o
 .debug_info    0x0000000000012f0a     0x2cb9 ./Drivers/STM32L4xx_HAL_Driver/Src/stm32l4xx_hal_tim.o
 .debug_info    0x0000000000015bc3     0x1813 ./Drivers/STM32L4xx_HAL_Driver/Src/stm32l4xx_hal_tim_ex.o
 .debug_info    0x00000000000173d6     0x1adf ./Drivers/STM32L4xx_HAL_Driver/Src/stm32l4xx_hal_uart.o
 .debug_info    0x0000000000018eb5      0xc67 ./Drivers/STM32L4xx_HAL_Driver/Src/stm32l4xx_hal_uart_ex.o

.debug_abbrev   0x0000000000000000     0x3322
 .debug_abbrev  0x0000000000000000      0x185 ./Core/Src/display.o
 .debug_abbrev  0x0000000000000185      0x146 ./Core/Src/dma.o
 .debug_abbrev  0x00000000000002cb      0x220 ./Core/Src/gpio.o
 .debug_abbrev  0x00000000000004eb      0x1e2 ./Core/Src/i2c.o
 .debug_abbrev  0x00000000000006cd      0x290 ./Core/Src/lcd.o
 .debug_abbrev  0x000000000000095d      0x2c7 ./Core/Src/main.o
 .debug_abbrev  0x0000000000000c24      0x13d ./Core/Src/stm32l4xx_hal_msp.o
 .debug_abbrev  0x0000000000000d61      0x181 ./Core/Src/stm32l4xx_it.o
 .debug_abbrev  0x0000000000000ee2      0x1bf ./Core/Src/sysmem.o
 .debug_abbrev  0x00000000000010a1      0x165 ./Core/Src/system_stm32l4xx.o
 .debug_abbrev  0x0000000000001206      0x1d7 ./Core/Src/tim.o
 .debug_abbrev  0x00000000000013dd      0x1d7 ./Core/Src/usart.o
 .debug_abbrev  0x00000000000015b4       0x12 ./Core/Startup/startup_stm32l496zgtx.o
 .debug_abbrev  0x00000000000015c6      0x227 ./Drivers/STM32L4xx_HAL_Driver/Src/stm32l4xx_hal.o
 .debug_abbrev  0x00000000000017ed      0x33c ./Drivers/STM32L4xx_HAL_Driver/Src/stm32l4xx_hal_cortex.o
 .debug_abbrev  0x0000000000001b29      0x201 ./Drivers/STM32L4xx_HAL_Driver/Src/stm32l4xx_hal_dma.o
 .debug_abbrev  0x0000000000001d2a      0x1e8 ./Drivers/STM32L4xx_HAL_Driver/Src/stm32l4xx_hal_gpio.o
 .debug_abbrev  0x0000000000001f12      0x256 ./Drivers/STM32L4xx_HAL_Driver/Src/stm32l4xx_hal_i2c.o
 .debug_abbrev  0x0000000000002168      0x1dd ./Drivers/STM32L4xx_HAL_Driver/Src/stm32l4xx_hal_i2c_ex.o
 .debug_abbrev  0x0000000000002345      0x1f3 ./Drivers/STM32L4xx_HAL_Driver/Src/stm32l4xx_hal_pwr_ex.o
 .debug_abbrev  0x0000000000002538      0x275 ./Drivers/STM32L4xx_HAL_Driver/Src/stm32l4xx_hal_rcc.o
 .debug_abbrev  0x00000000000027ad      0x268 ./Drivers/STM32L4xx_HAL_Driver/Src/stm32l4xx_hal_rcc_ex.o
 .debug_abbrev  0x0000000000002a15      0x25e ./Drivers/STM32L4xx_HAL_Driver/Src/stm32l4xx_hal_tim.o
 .debug_abbrev  0x0000000000002c73      0x266 ./Drivers/STM32L4xx_HAL_Driver/Src/stm32l4xx_hal_tim_ex.o
 .debug_abbrev  0x0000000000002ed9      0x23f ./Drivers/STM32L4xx_HAL_Driver/Src/stm32l4xx_hal_uart.o
 .debug_abbrev  0x0000000000003118      0x20a ./Drivers/STM32L4xx_HAL_Driver/Src/stm32l4xx_hal_uart_ex.o

.debug_aranges  0x0000000000000000     0x1448
 .debug_aranges
                0x0000000000000000       0x40 ./Core/Src/display.o
 .debug_aranges
                0x0000000000000040       0x20 ./Core/Src/dma.o
 .debug_aranges
                0x0000000000000060       0x80 ./Core/Src/gpio.o
 .debug_aranges
                0x00000000000000e0       0x38 ./Core/Src/i2c.o
 .debug_aranges
                0x0000000000000118       0xa0 ./Core/Src/lcd.o
 .debug_aranges
                0x00000000000001b8       0x48 ./Core/Src/main.o
 .debug_aranges
                0x0000000000000200       0x20 ./Core/Src/stm32l4xx_hal_msp.o
 .debug_aranges
                0x0000000000000220       0x70 ./Core/Src/stm32l4xx_it.o
 .debug_aranges
                0x0000000000000290       0x20 ./Core/Src/sysmem.o
 .debug_aranges
                0x00000000000002b0       0x28 ./Core/Src/system_stm32l4xx.o
 .debug_aranges
                0x00000000000002d8       0x40 ./Core/Src/tim.o
 .debug_aranges
                0x0000000000000318       0x30 ./Core/Src/usart.o
 .debug_aranges
                0x0000000000000348       0x28 ./Core/Startup/startup_stm32l496zgtx.o
 .debug_aranges
                0x0000000000000370      0x130 ./Drivers/STM32L4xx_HAL_Driver/Src/stm32l4xx_hal.o
 .debug_aranges
                0x00000000000004a0      0x118 ./Drivers/STM32L4xx_HAL_Driver/Src/stm32l4xx_hal_cortex.o
 .debug_aranges
                0x00000000000005b8       0x80 ./Drivers/STM32L4xx_HAL_Driver/Src/stm32l4xx_hal_dma.o
 .debug_aranges
                0x0000000000000638       0x58 ./Drivers/STM32L4xx_HAL_Driver/Src/stm32l4xx_hal_gpio.o
 .debug_aranges
                0x0000000000000690      0x290 ./Drivers/STM32L4xx_HAL_Driver/Src/stm32l4xx_hal_i2c.o
 .debug_aranges
                0x0000000000000920       0x48 ./Drivers/STM32L4xx_HAL_Driver/Src/stm32l4xx_hal_i2c_ex.o
 .debug_aranges
                0x0000000000000968      0x150 ./Drivers/STM32L4xx_HAL_Driver/Src/stm32l4xx_hal_pwr_ex.o
 .debug_aranges
                0x0000000000000ab8       0x88 ./Drivers/STM32L4xx_HAL_Driver/Src/stm32l4xx_hal_rcc.o
 .debug_aranges
                0x0000000000000b40      0x108 ./Drivers/STM32L4xx_HAL_Driver/Src/stm32l4xx_hal_rcc_ex.o
 .debug_aranges
                0x0000000000000c48      0x3e0 ./Drivers/STM32L4xx_HAL_Driver/Src/stm32l4xx_hal_tim.o
 .debug_aranges
                0x0000000000001028      0x180 ./Drivers/STM32L4xx_HAL_Driver/Src/stm32l4xx_hal_tim_ex.o
 .debug_aranges
                0x00000000000011a8      0x228 ./Drivers/STM32L4xx_HAL_Driver/Src/stm32l4xx_hal_uart.o
 .debug_aranges
                0x00000000000013d0       0x78 ./Drivers/STM32L4xx_HAL_Driver/Src/stm32l4xx_hal_uart_ex.o

.debug_ranges   0x0000000000000000     0x12e0
 .debug_ranges  0x0000000000000000       0x30 ./Core/Src/display.o
 .debug_ranges  0x0000000000000030       0x10 ./Core/Src/dma.o
 .debug_ranges  0x0000000000000040       0x70 ./Core/Src/gpio.o
 .debug_ranges  0x00000000000000b0       0x28 ./Core/Src/i2c.o
 .debug_ranges  0x00000000000000d8       0x90 ./Core/Src/lcd.o
 .debug_ranges  0x0000000000000168       0x38 ./Core/Src/main.o
 .debug_ranges  0x00000000000001a0       0x10 ./Core/Src/stm32l4xx_hal_msp.o
 .debug_ranges  0x00000000000001b0       0x60 ./Core/Src/stm32l4xx_it.o
 .debug_ranges  0x0000000000000210       0x10 ./Core/Src/sysmem.o
 .debug_ranges  0x0000000000000220       0x18 ./Core/Src/system_stm32l4xx.o
 .debug_ranges  0x0000000000000238       0x30 ./Core/Src/tim.o
 .debug_ranges  0x0000000000000268       0x20 ./Core/Src/usart.o
 .debug_ranges  0x0000000000000288       0x20 ./Core/Startup/startup_stm32l496zgtx.o
 .debug_ranges  0x00000000000002a8      0x120 ./Drivers/STM32L4xx_HAL_Driver/Src/stm32l4xx_hal.o
 .debug_ranges  0x00000000000003c8      0x108 ./Drivers/STM32L4xx_HAL_Driver/Src/stm32l4xx_hal_cortex.o
 .debug_ranges  0x00000000000004d0       0x70 ./Drivers/STM32L4xx_HAL_Driver/Src/stm32l4xx_hal_dma.o
 .debug_ranges  0x0000000000000540       0x48 ./Drivers/STM32L4xx_HAL_Driver/Src/stm32l4xx_hal_gpio.o
 .debug_ranges  0x0000000000000588      0x280 ./Drivers/STM32L4xx_HAL_Driver/Src/stm32l4xx_hal_i2c.o
 .debug_ranges  0x0000000000000808       0x38 ./Drivers/STM32L4xx_HAL_Driver/Src/stm32l4xx_hal_i2c_ex.o
 .debug_ranges  0x0000000000000840      0x140 ./Drivers/STM32L4xx_HAL_Driver/Src/stm32l4xx_hal_pwr_ex.o
 .debug_ranges  0x0000000000000980       0x78 ./Drivers/STM32L4xx_HAL_Driver/Src/stm32l4xx_hal_rcc.o
 .debug_ranges  0x00000000000009f8       0xf8 ./Drivers/STM32L4xx_HAL_Driver/Src/stm32l4xx_hal_rcc_ex.o
 .debug_ranges  0x0000000000000af0      0x3d0 ./Drivers/STM32L4xx_HAL_Driver/Src/stm32l4xx_hal_tim.o
 .debug_ranges  0x0000000000000ec0      0x170 ./Drivers/STM32L4xx_HAL_Driver/Src/stm32l4xx_hal_tim_ex.o
 .debug_ranges  0x0000000000001030      0x248 ./Drivers/STM32L4xx_HAL_Driver/Src/stm32l4xx_hal_uart.o
 .debug_ranges  0x0000000000001278       0x68 ./Drivers/STM32L4xx_HAL_Driver/Src/stm32l4xx_hal_uart_ex.o

.debug_macro    0x0000000000000000    0x2b8c8
 .debug_macro   0x0000000000000000      0x203 ./Core/Src/display.o
 .debug_macro   0x0000000000000203      0xaa8 ./Core/Src/display.o
 .debug_macro   0x0000000000000cab      0x1ad ./Core/Src/display.o
 .debug_macro   0x0000000000000e58       0x2e ./Core/Src/display.o
 .debug_macro   0x0000000000000e86       0x28 ./Core/Src/display.o
 .debug_macro   0x0000000000000eae       0x22 ./Core/Src/display.o
 .debug_macro   0x0000000000000ed0       0x8e ./Core/Src/display.o
 .debug_macro   0x0000000000000f5e       0x51 ./Core/Src/display.o
 .debug_macro   0x0000000000000faf      0x103 ./Core/Src/display.o
 .debug_macro   0x00000000000010b2       0x6a ./Core/Src/display.o
 .debug_macro   0x000000000000111c      0x1df ./Core/Src/display.o
 .debug_macro   0x00000000000012fb       0x1c ./Core/Src/display.o
 .debug_macro   0x0000000000001317       0x22 ./Core/Src/display.o
 .debug_macro   0x0000000000001339      0x101 ./Core/Src/display.o
 .debug_macro   0x000000000000143a     0x1011 ./Core/Src/display.o
 .debug_macro   0x000000000000244b      0x11f ./Core/Src/display.o
 .debug_macro   0x000000000000256a    0x1c1d1 ./Core/Src/display.o
 .debug_macro   0x000000000001e73b       0x43 ./Core/Src/display.o
 .debug_macro   0x000000000001e77e     0x3897 ./Core/Src/display.o
 .debug_macro   0x0000000000022015      0x174 ./Core/Src/display.o
 .debug_macro   0x0000000000022189       0x5c ./Core/Src/display.o
 .debug_macro   0x00000000000221e5     0x183e ./Core/Src/display.o
 .debug_macro   0x0000000000023a23      0x76c ./Core/Src/display.o
 .debug_macro   0x000000000002418f      0x13d ./Core/Src/display.o
 .debug_macro   0x00000000000242cc      0x202 ./Core/Src/display.o
 .debug_macro   0x00000000000244ce      0x26b ./Core/Src/display.o
 .debug_macro   0x0000000000024739      0x23d ./Core/Src/display.o
 .debug_macro   0x0000000000024976      0x241 ./Core/Src/display.o
 .debug_macro   0x0000000000024bb7      0x3ad ./Core/Src/display.o
 .debug_macro   0x0000000000024f64       0xe4 ./Core/Src/display.o
 .debug_macro   0x0000000000025048      0x22c ./Core/Src/display.o
 .debug_macro   0x0000000000025274       0x61 ./Core/Src/display.o
 .debug_macro   0x00000000000252d5       0xa5 ./Core/Src/display.o
 .debug_macro   0x000000000002537a      0x122 ./Core/Src/display.o
 .debug_macro   0x000000000002549c      0x3f0 ./Core/Src/display.o
 .debug_macro   0x000000000002588c      0xa75 ./Core/Src/display.o
 .debug_macro   0x0000000000026301      0x1fc ./Core/Src/display.o
 .debug_macro   0x00000000000264fd      0x5ba ./Core/Src/display.o
 .debug_macro   0x0000000000026ab7       0x44 ./Core/Src/display.o
 .debug_macro   0x0000000000026afb      0x434 ./Core/Src/display.o
 .debug_macro   0x0000000000026f2f      0x253 ./Core/Src/display.o
 .debug_macro   0x0000000000027182       0x10 ./Core/Src/display.o
 .debug_macro   0x0000000000027192      0x1f2 ./Core/Src/dma.o
 .debug_macro   0x0000000000027384      0x1f7 ./Core/Src/gpio.o
 .debug_macro   0x000000000002757b       0x16 ./Core/Src/gpio.o
 .debug_macro   0x0000000000027591      0x1f2 ./Core/Src/i2c.o
 .debug_macro   0x0000000000027783      0x366 ./Core/Src/lcd.o
 .debug_macro   0x0000000000027ae9       0xd6 ./Core/Src/lcd.o
 .debug_macro   0x0000000000027bbf       0x52 ./Core/Src/lcd.o
 .debug_macro   0x0000000000027c11       0x18 ./Core/Src/lcd.o
 .debug_macro   0x0000000000027c29       0x3c ./Core/Src/lcd.o
 .debug_macro   0x0000000000027c65       0x34 ./Core/Src/lcd.o
 .debug_macro   0x0000000000027c99       0x16 ./Core/Src/lcd.o
 .debug_macro   0x0000000000027caf       0x35 ./Core/Src/lcd.o
 .debug_macro   0x0000000000027ce4      0x333 ./Core/Src/lcd.o
 .debug_macro   0x0000000000028017       0x10 ./Core/Src/lcd.o
 .debug_macro   0x0000000000028027       0x16 ./Core/Src/lcd.o
 .debug_macro   0x000000000002803d       0x43 ./Core/Src/lcd.o
 .debug_macro   0x0000000000028080       0x34 ./Core/Src/lcd.o
 .debug_macro   0x00000000000280b4       0x10 ./Core/Src/lcd.o
 .debug_macro   0x00000000000280c4       0x58 ./Core/Src/lcd.o
 .debug_macro   0x000000000002811c       0x71 ./Core/Src/lcd.o
 .debug_macro   0x000000000002818d       0x1c ./Core/Src/lcd.o
 .debug_macro   0x00000000000281a9      0x12a ./Core/Src/lcd.o
 .debug_macro   0x00000000000282d3       0x10 ./Core/Src/lcd.o
 .debug_macro   0x00000000000282e3       0x1c ./Core/Src/lcd.o
 .debug_macro   0x00000000000282ff       0x52 ./Core/Src/lcd.o
 .debug_macro   0x0000000000028351       0x22 ./Core/Src/lcd.o
 .debug_macro   0x0000000000028373       0x10 ./Core/Src/lcd.o
 .debug_macro   0x0000000000028383       0x40 ./Core/Src/lcd.o
 .debug_macro   0x00000000000283c3       0xd5 ./Core/Src/lcd.o
 .debug_macro   0x0000000000028498       0x1c ./Core/Src/lcd.o
 .debug_macro   0x00000000000284b4       0x3d ./Core/Src/lcd.o
 .debug_macro   0x00000000000284f1       0x16 ./Core/Src/lcd.o
 .debug_macro   0x0000000000028507      0x145 ./Core/Src/lcd.o
 .debug_macro   0x000000000002864c      0x422 ./Core/Src/main.o
 .debug_macro   0x0000000000028a6e       0x1c ./Core/Src/main.o
 .debug_macro   0x0000000000028a8a       0x16 ./Core/Src/main.o
 .debug_macro   0x0000000000028aa0       0x16 ./Core/Src/main.o
 .debug_macro   0x0000000000028ab6       0x29 ./Core/Src/main.o
 .debug_macro   0x0000000000028adf       0x1c ./Core/Src/main.o
 .debug_macro   0x0000000000028afb       0x16 ./Core/Src/main.o
 .debug_macro   0x0000000000028b11       0x20 ./Core/Src/main.o
 .debug_macro   0x0000000000028b31      0x1a9 ./Core/Src/main.o
 .debug_macro   0x0000000000028cda      0x4f8 ./Core/Src/main.o
 .debug_macro   0x00000000000291d2      0x1e8 ./Core/Src/stm32l4xx_hal_msp.o
 .debug_macro   0x00000000000293ba      0x1f2 ./Core/Src/stm32l4xx_it.o
 .debug_macro   0x00000000000295ac       0xff ./Core/Src/sysmem.o
 .debug_macro   0x00000000000296ab      0x23b ./Core/Src/sysmem.o
 .debug_macro   0x00000000000298e6      0x1d9 ./Core/Src/system_stm32l4xx.o
 .debug_macro   0x0000000000029abf      0x1f2 ./Core/Src/tim.o
 .debug_macro   0x0000000000029cb1      0x1f2 ./Core/Src/usart.o
 .debug_macro   0x0000000000029ea3      0x227 ./Drivers/STM32L4xx_HAL_Driver/Src/stm32l4xx_hal.o
 .debug_macro   0x000000000002a0ca      0x1d9 ./Drivers/STM32L4xx_HAL_Driver/Src/stm32l4xx_hal_cortex.o
 .debug_macro   0x000000000002a2a3      0x1d9 ./Drivers/STM32L4xx_HAL_Driver/Src/stm32l4xx_hal_dma.o
 .debug_macro   0x000000000002a47c      0x218 ./Drivers/STM32L4xx_HAL_Driver/Src/stm32l4xx_hal_gpio.o
 .debug_macro   0x000000000002a694      0x29e ./Drivers/STM32L4xx_HAL_Driver/Src/stm32l4xx_hal_i2c.o
 .debug_macro   0x000000000002a932      0x1d9 ./Drivers/STM32L4xx_HAL_Driver/Src/stm32l4xx_hal_i2c_ex.o
 .debug_macro   0x000000000002ab0b      0x203 ./Drivers/STM32L4xx_HAL_Driver/Src/stm32l4xx_hal_pwr_ex.o
 .debug_macro   0x000000000002ad0e      0x21b ./Drivers/STM32L4xx_HAL_Driver/Src/stm32l4xx_hal_rcc.o
 .debug_macro   0x000000000002af29      0x20f ./Drivers/STM32L4xx_HAL_Driver/Src/stm32l4xx_hal_rcc_ex.o
 .debug_macro   0x000000000002b138      0x1da ./Drivers/STM32L4xx_HAL_Driver/Src/stm32l4xx_hal_tim.o
 .debug_macro   0x000000000002b312      0x1d9 ./Drivers/STM32L4xx_HAL_Driver/Src/stm32l4xx_hal_tim_ex.o
 .debug_macro   0x000000000002b4eb      0x204 ./Drivers/STM32L4xx_HAL_Driver/Src/stm32l4xx_hal_uart.o
 .debug_macro   0x000000000002b6ef      0x1d9 ./Drivers/STM32L4xx_HAL_Driver/Src/stm32l4xx_hal_uart_ex.o

.debug_line     0x0000000000000000    0x18382
 .debug_line    0x0000000000000000      0xa00 ./Core/Src/display.o
 .debug_line    0x0000000000000a00      0x6ed ./Core/Src/dma.o
 .debug_line    0x00000000000010ed      0x964 ./Core/Src/gpio.o
 .debug_line    0x0000000000001a51      0x83a ./Core/Src/i2c.o
 .debug_line    0x000000000000228b      0xba0 ./Core/Src/lcd.o
 .debug_line    0x0000000000002e2b      0xb1d ./Core/Src/main.o
 .debug_line    0x0000000000003948      0x6ed ./Core/Src/stm32l4xx_hal_msp.o
 .debug_line    0x0000000000004035      0x7ee ./Core/Src/stm32l4xx_it.o
 .debug_line    0x0000000000004823      0x4e9 ./Core/Src/sysmem.o
 .debug_line    0x0000000000004d0c      0x79d ./Core/Src/system_stm32l4xx.o
 .debug_line    0x00000000000054a9      0x854 ./Core/Src/tim.o
 .debug_line    0x0000000000005cfd      0x7bc ./Core/Src/usart.o
 .debug_line    0x00000000000064b9       0x87 ./Core/Startup/startup_stm32l496zgtx.o
 .debug_line    0x0000000000006540      0xadc ./Drivers/STM32L4xx_HAL_Driver/Src/stm32l4xx_hal.o
 .debug_line    0x000000000000701c      0xc83 ./Drivers/STM32L4xx_HAL_Driver/Src/stm32l4xx_hal_cortex.o
 .debug_line    0x0000000000007c9f      0xcbb ./Drivers/STM32L4xx_HAL_Driver/Src/stm32l4xx_hal_dma.o
 .debug_line    0x000000000000895a      0xb3c ./Drivers/STM32L4xx_HAL_Driver/Src/stm32l4xx_hal_gpio.o
 .debug_line    0x0000000000009496     0x32ad ./Drivers/STM32L4xx_HAL_Driver/Src/stm32l4xx_hal_i2c.o
 .debug_line    0x000000000000c743      0x90a ./Drivers/STM32L4xx_HAL_Driver/Src/stm32l4xx_hal_i2c_ex.o
 .debug_line    0x000000000000d04d      0xca2 ./Drivers/STM32L4xx_HAL_Driver/Src/stm32l4xx_hal_pwr_ex.o
 .debug_line    0x000000000000dcef      0xf68 ./Drivers/STM32L4xx_HAL_Driver/Src/stm32l4xx_hal_rcc.o
 .debug_line    0x000000000000ec57     0x16e4 ./Drivers/STM32L4xx_HAL_Driver/Src/stm32l4xx_hal_rcc_ex.o
 .debug_line    0x000000000001033b     0x3c66 ./Drivers/STM32L4xx_HAL_Driver/Src/stm32l4xx_hal_tim.o
 .debug_line    0x0000000000013fa1     0x1bab ./Drivers/STM32L4xx_HAL_Driver/Src/stm32l4xx_hal_tim_ex.o
 .debug_line    0x0000000000015b4c     0x1d6d ./Drivers/STM32L4xx_HAL_Driver/Src/stm32l4xx_hal_uart.o
 .debug_line    0x00000000000178b9      0xac9 ./Drivers/STM32L4xx_HAL_Driver/Src/stm32l4xx_hal_uart_ex.o

.debug_str      0x0000000000000000   0x107259
 .debug_str     0x0000000000000000    0xfa1ba ./Core/Src/display.o
                                      0xfa48e (size before relaxing)
 .debug_str     0x00000000000fa1ba      0x60d ./Core/Src/dma.o
                                      0xfa944 (size before relaxing)
 .debug_str     0x00000000000fa7c7      0x1f0 ./Core/Src/gpio.o
                                      0xfab85 (size before relaxing)
 .debug_str     0x00000000000fa9b7      0x6c5 ./Core/Src/i2c.o
                                      0xfb135 (size before relaxing)
 .debug_str     0x00000000000fb07c     0x4688 ./Core/Src/lcd.o
                                      0xfea3b (size before relaxing)
 .debug_str     0x00000000000ff704     0x2a99 ./Core/Src/main.o
                                     0x1018aa (size before relaxing)
 .debug_str     0x000000000010219d       0x2c ./Core/Src/stm32l4xx_hal_msp.o
                                      0xfa3f7 (size before relaxing)
 .debug_str     0x00000000001021c9      0x12f ./Core/Src/stm32l4xx_it.o
                                      0xfad95 (size before relaxing)
 .debug_str     0x00000000001022f8      0x4e9 ./Core/Src/sysmem.o
                                       0x62cb (size before relaxing)
 .debug_str     0x00000000001027e1       0xb8 ./Core/Src/system_stm32l4xx.o
                                      0xf9b65 (size before relaxing)
 .debug_str     0x0000000000102899      0x1c6 ./Core/Src/tim.o
                                      0xfb08e (size before relaxing)
 .debug_str     0x0000000000102a5f       0x58 ./Core/Src/usart.o
                                      0xfb099 (size before relaxing)
 .debug_str     0x0000000000102ab7       0x36 ./Core/Startup/startup_stm32l496zgtx.o
                                         0x9c (size before relaxing)
 .debug_str     0x0000000000102aed      0x5b4 ./Drivers/STM32L4xx_HAL_Driver/Src/stm32l4xx_hal.o
                                      0xfa6d9 (size before relaxing)
 .debug_str     0x00000000001030a1      0x374 ./Drivers/STM32L4xx_HAL_Driver/Src/stm32l4xx_hal_cortex.o
                                      0xfa436 (size before relaxing)
 .debug_str     0x0000000000103415      0x253 ./Drivers/STM32L4xx_HAL_Driver/Src/stm32l4xx_hal_dma.o
                                      0xf9dcb (size before relaxing)
 .debug_str     0x0000000000103668      0x236 ./Drivers/STM32L4xx_HAL_Driver/Src/stm32l4xx_hal_gpio.o
                                      0xf9e00 (size before relaxing)
 .debug_str     0x000000000010389e      0xd3e ./Drivers/STM32L4xx_HAL_Driver/Src/stm32l4xx_hal_i2c.o
                                      0xfac84 (size before relaxing)
 .debug_str     0x00000000001045dc       0xb8 ./Drivers/STM32L4xx_HAL_Driver/Src/stm32l4xx_hal_i2c_ex.o
                                      0xfa08f (size before relaxing)
 .debug_str     0x0000000000104694      0x4f0 ./Drivers/STM32L4xx_HAL_Driver/Src/stm32l4xx_hal_pwr_ex.o
                                      0xfa0ca (size before relaxing)
 .debug_str     0x0000000000104b84      0x3aa ./Drivers/STM32L4xx_HAL_Driver/Src/stm32l4xx_hal_rcc.o
                                      0xfa149 (size before relaxing)
 .debug_str     0x0000000000104f2e      0x56f ./Drivers/STM32L4xx_HAL_Driver/Src/stm32l4xx_hal_rcc_ex.o
                                      0xfa4fc (size before relaxing)
 .debug_str     0x000000000010549d      0xd44 ./Drivers/STM32L4xx_HAL_Driver/Src/stm32l4xx_hal_tim.o
                                      0xfadf4 (size before relaxing)
 .debug_str     0x00000000001061e1      0x5fc ./Drivers/STM32L4xx_HAL_Driver/Src/stm32l4xx_hal_tim_ex.o
                                      0xfa6c6 (size before relaxing)