stm32l4xx_it.c:77:6:HardFault_Handler	4	static
stm32l4xx_it.c:92:6:SysTick_Handler	8	static
stm32l4xx_it.c:113:6:DMA1_Channel3_IRQHandler	8	static
stm32l4xx_it.c:127:6:TIM1_UP_TIM16_IRQHandler	8	static
stm32l4xx_it.c:141:6:TIM4_IRQHandler	8	static
stm32l4xx_it.c:155:6:I2C1_EV_IRQHandler	8	static
stm32l4xx_it.c:169:6:EXTI15_10_IRQHandler	8	static
stm32l4xx_it.c:186:6:DMA2_Channel6_IRQHandler	8	static
stm32l4xx_it.c:200:6:DMA2_Channel7_IRQHandler	8	static
stm32l4xx_it.c:214:6:LPUART1_IRQHandler	8	static
stm32l4xx_it.c:228:6:I2C3_EV_IRQHandler	8	static
