syscalls.c:46:5:__io_putchar	16	static
syscalls.c:51:5:__io_getchar	16	static
syscalls.c:60:6:initialise_monitor_handles	4	static
syscalls.c:64:5:_getpid	4	static
syscalls.c:69:5:_kill	16	static
syscalls.c:75:6:_exit	16	static
syscalls.c:81:27:_read	32	static
syscalls.c:93:27:_write	32	static
syscalls.c:104:5:_close	16	static
syscalls.c:110:5:_fstat	16	static
syscalls.c:116:5:_isatty	16	static
syscalls.c:121:5:_lseek	24	static
syscalls.c:126:5:_open	12	static
syscalls.c:132:5:_wait	16	static
syscalls.c:138:5:_unlink	16	static
syscalls.c:144:5:_times	16	static
syscalls.c:149:5:_stat	16	static
syscalls.c:155:5:_link	16	static
syscalls.c:161:5:_fork	8	static
syscalls.c:167:5:_execve	24	static
