stm32l4xx_it.c:76:6:HardFault_Handler	4	static
stm32l4xx_it.c:91:6:SysTick_Handler	8	static
stm32l4xx_it.c:112:6:DMA1_Channel3_IRQHandler	8	static
stm32l4xx_it.c:126:6:TIM4_IRQHandler	8	static
stm32l4xx_it.c:140:6:I2C1_EV_IRQHandler	8	static
stm32l4xx_it.c:154:6:EXTI15_10_IRQHandler	8	static
stm32l4xx_it.c:171:6:DMA2_Channel6_IRQHandler	8	static
stm32l4xx_it.c:185:6:DMA2_Channel7_IRQHandler	8	static
stm32l4xx_it.c:199:6:LPUART1_IRQHandler	8	static
stm32l4xx_it.c:213:6:I2C3_EV_IRQHandler	8	static
